[    0.000000] Linux version 6.18.0-zen1 (nixbld@localhost) (gcc (GCC) 14.3.0, GNU ld (GNU Binutils) 2.44) #1-NixOS ZEN SMP PREEMPT_DYNAMIC Tue Jan  1 00:00:00 UTC 1980
[    0.000000] Command line: BOOT_IMAGE=(hd0,gpt1)//kernels/wka79msdzqphqr48nlw03fxldfz3s2c9-linux-zen-6.18-bzImage init=/nix/store/h4p8g6w63v3brllmvqv8qv73h92qmlvj-nixos-system-nixxin-26.05.20251208.addf7cf/init radeon.si_support=0 amdgpu.si_support=1 radeon.cik_support=0 amdgpu.cik_support=1 amdgpu.dc=1 amdgpu.dpm=1 amdgpu.gpu_recovery=1 amdgpu.vm_fragment_size=9 amdgpu.ppfeaturemask=0xfffd3fff amdgpu.dcfeaturemask=0x1 amdgpu.dcdebugmask=0x10 amdgpu.sg_display=0 amdgpu.bapm=1 random.trust_cpu=on tsc=reliable clocksource=tsc no_timer_check audit=0 quiet splash loglevel=0 systemd.show_status=false rd.systemd.show_status=false udev.log_level=0 rd.udev.log_level=0 plymouth.ignore-serial-consoles acpi_osi=Linux intremap=off mitigations=off split_lock_mitigate=off retbleed=off preempt=full randomize_kstack_offset=on rtl8xxxu_disable_hw_crypto=1 net.ifnames=0 biosdevname=0 transparent_hugepage=always amdgpu.gpu_recovery=1 psi=1 psi=1 splash loglevel=0 amdgpu.ppfeaturemask=0xffffffff nohibernate lsm=landlock,yama,bpf vt.defaul
[    0.000000] BIOS-provided physical RAM map:
[    0.000000] BIOS-e820: [mem 0x0000000000000000-0x000000000008efff] usable
[    0.000000] BIOS-e820: [mem 0x000000000008f000-0x000000000008ffff] reserved
[    0.000000] BIOS-e820: [mem 0x0000000000090000-0x000000000009ffff] usable
[    0.000000] BIOS-e820: [mem 0x0000000000100000-0x000000005e719fff] usable
[    0.000000] BIOS-e820: [mem 0x000000005e71a000-0x000000005e71afff] reserved
[    0.000000] BIOS-e820: [mem 0x000000005e71b000-0x000000005e845fff] usable
[    0.000000] BIOS-e820: [mem 0x000000005e846000-0x000000005e846fff] reserved
[    0.000000] BIOS-e820: [mem 0x000000005e847000-0x0000000072f94fff] usable
[    0.000000] BIOS-e820: [mem 0x0000000072f95000-0x0000000072f95fff] ACPI data
[    0.000000] BIOS-e820: [mem 0x0000000072f96000-0x00000000751cbfff] usable
[    0.000000] BIOS-e820: [mem 0x00000000751cc000-0x00000000751cefff] ACPI data
[    0.000000] BIOS-e820: [mem 0x00000000751cf000-0x000000007dacefff] usable
[    0.000000] BIOS-e820: [mem 0x000000007dacf000-0x000000007e8cefff] reserved
[    0.000000] BIOS-e820: [mem 0x000000007e8cf000-0x000000007efcefff] ACPI NVS
[    0.000000] BIOS-e820: [mem 0x000000007efcf000-0x000000007effefff] ACPI data
[    0.000000] BIOS-e820: [mem 0x000000007efff000-0x000000007effffff] usable
[    0.000000] BIOS-e820: [mem 0x00000000e0000000-0x00000000efffffff] reserved
[    0.000000] BIOS-e820: [mem 0x00000000fec00000-0x00000000fec00fff] reserved
[    0.000000] BIOS-e820: [mem 0x00000000fec10000-0x00000000fec10fff] reserved
[    0.000000] BIOS-e820: [mem 0x00000000fed80000-0x00000000fed80fff] reserved
[    0.000000] BIOS-e820: [mem 0x00000000fee00000-0x00000000fee00fff] reserved
[    0.000000] BIOS-e820: [mem 0x00000000ff7f1000-0x00000000ff7f1fff] reserved
[    0.000000] BIOS-e820: [mem 0x00000000ff800000-0x00000000ffffffff] reserved
[    0.000000] BIOS-e820: [mem 0x0000000100000000-0x00000004bfffffff] usable
[    0.000000] NX (Execute Disable) protection: active
[    0.000000] APIC: Static calls initialized
[    0.000000] efi: EFI v2.4 by HP
[    0.000000] efi: ACPI 2.0=0x7effe014 SMBIOS=0x7e1cb000 ESRT=0x7e1b2f98 INITRD=0x72f92d18 
[    0.000000] efi: Remove mem35: MMIO range=[0xe0000000-0xefffffff] (256MB) from e820 map
[    0.000000] e820: remove [mem 0xe0000000-0xefffffff] reserved
[    0.000000] efi: Not removing mem36: MMIO range=[0xfec00000-0xfec00fff] (4KB) from e820 map
[    0.000000] efi: Not removing mem37: MMIO range=[0xfec10000-0xfec10fff] (4KB) from e820 map
[    0.000000] efi: Not removing mem38: MMIO range=[0xfed80000-0xfed80fff] (4KB) from e820 map
[    0.000000] efi: Not removing mem39: MMIO range=[0xfee00000-0xfee00fff] (4KB) from e820 map
[    0.000000] efi: Not removing mem40: MMIO range=[0xff7f1000-0xff7f1fff] (4KB) from e820 map
[    0.000000] efi: Remove mem41: MMIO range=[0xff800000-0xffffffff] (8MB) from e820 map
[    0.000000] e820: remove [mem 0xff800000-0xffffffff] reserved
[    0.000000] SMBIOS 2.7 present.
[    0.000000] DMI: HP HP EliteDesk 705 G2 SFF/805A, BIOS N06 Ver. 02.52 04/11/2022
[    0.000000] DMI: Memory slots populated: 4/4
[    0.000000] tsc: Fast TSC calibration using PIT
[    0.000000] tsc: Detected 3194.001 MHz processor
[    0.000019] e820: update [mem 0x00000000-0x00000fff] usable ==> reserved
[    0.000022] e820: remove [mem 0x000a0000-0x000fffff] usable
[    0.000032] last_pfn = 0x4c0000 max_arch_pfn = 0x400000000
[    0.000039] MTRR map: 6 entries (3 fixed + 3 variable; max 20), built from 9 variable MTRRs
[    0.000041] x86/PAT: Configuration [0-7]: WB  WC  UC- UC  WB  WP  UC- WT  
[    0.000411] last_pfn = 0x7f000 max_arch_pfn = 0x400000000
[    0.005561] esrt: Reserving ESRT space from 0x000000007e1b2f98 to 0x000000007e1b2fd0.
[    0.005571] Using GB pages for direct mapping
[    0.006042] Secure boot disabled
[    0.006043] RAMDISK: [mem 0x6df6d000-0x7158afff]
[    0.006049] ACPI: Early table checksum verification disabled
[    0.006053] ACPI: RSDP 0x000000007EFFE014 000024 (v02 HPQOEM)
[    0.006059] ACPI: XSDT 0x000000007EFFE120 0000BC (v01 HPQOEM SLIC-BPC 00000001      01000013)
[    0.006066] ACPI: FACP 0x000000007EFFA000 0000F4 (v04 HPQOEM SLIC-BPC 00000001 HP   00000001)
[    0.006072] ACPI: DSDT 0x000000007EFE5000 00DE31 (v02 HPQOEM 805A     00000000 INTL 20121018)
[    0.006076] ACPI: FACS 0x000000007EF77000 000040
[    0.006079] ACPI: UEFI 0x000000007EFFD000 000042 (v01                 00000000      00000000)
[    0.006082] ACPI: TCPA 0x000000007EFFC000 000032 (v02 HPQOEM EDK2     00000002      01000013)
[    0.006086] ACPI: SSDT 0x000000007EFFB000 0003B8 (v02 HPQOEM TcgTable 00001000 INTL 20121018)
[    0.006089] ACPI: MSDM 0x000000007EFF9000 000055 (v03 HPQOEM SLIC-BPC 00000000 HP   00000001)
[    0.006092] ACPI: SLIC 0x000000007EFF8000 000176 (v01 HPQOEM SLIC-BPC 00000001 HP   00000001)
[    0.006095] ACPI: WSMT 0x000000007EFF7000 000028 (v01 HPQOEM 805A     00000001 HP   00000001)
[    0.006097] ACPI: ASF! 0x000000007EFF6000 00006E (v32 HPQOEM 805A     00000001 HP   00000001)
[    0.006100] ACPI: HPET 0x000000007EFF5000 000038 (v01 HPQOEM 805A     00000001 HP   00000001)
[    0.006103] ACPI: APIC 0x000000007EFF4000 000090 (v03 HPQOEM 805A     00000001 HP   00000001)
[    0.006106] ACPI: MCFG 0x000000007EFF3000 00003C (v01 HPQOEM 805A     00000001 HP   00000001)
[    0.006109] ACPI: SSDT 0x000000007EFE4000 000B9C (v01 AMD    BIANCHI  00000001 AMD  00000001)
[    0.006112] ACPI: SSDT 0x000000007EFE3000 000346 (v02 AMD    BIANCHI  00000002 MSFT 04000000)
[    0.006115] ACPI: IVRS 0x000000007EFE2000 000078 (v02 AMD    BIANCHI  00000001 AMD  00000000)
[    0.006117] ACPI: SSDT 0x000000007EFE0000 0019DD (v01 HP     CPMDFIGP 00000001 INTL 20121018)
[    0.006120] ACPI: VFCT 0x000000007EFD0000 00F684 (v01 HPQOEM SLIC-BPC 00000001 AMD  31504F47)
[    0.006123] ACPI: SSDT 0x00000000751CD000 0015EE (v01 AMD    CPMCMN   00000001 INTL 20121018)
[    0.006126] ACPI: FPDT 0x000000007EFCF000 000044 (v01 HPQOEM EDK2     00000002      01000013)
[    0.006129] ACPI: BGRT 0x00000000751CC000 000038 (v01 HPQOEM EDK2     00000002      01000013)
[    0.006131] ACPI: Reserving FACP table memory at [mem 0x7effa000-0x7effa0f3]
[    0.006133] ACPI: Reserving DSDT table memory at [mem 0x7efe5000-0x7eff2e30]
[    0.006134] ACPI: Reserving FACS table memory at [mem 0x7ef77000-0x7ef7703f]
[    0.006135] ACPI: Reserving UEFI table memory at [mem 0x7effd000-0x7effd041]
[    0.006136] ACPI: Reserving TCPA table memory at [mem 0x7effc000-0x7effc031]
[    0.006137] ACPI: Reserving SSDT table memory at [mem 0x7effb000-0x7effb3b7]
[    0.006138] ACPI: Reserving MSDM table memory at [mem 0x7eff9000-0x7eff9054]
[    0.006139] ACPI: Reserving SLIC table memory at [mem 0x7eff8000-0x7eff8175]
[    0.006140] ACPI: Reserving WSMT table memory at [mem 0x7eff7000-0x7eff7027]
[    0.006141] ACPI: Reserving ASF! table memory at [mem 0x7eff6000-0x7eff606d]
[    0.006142] ACPI: Reserving HPET table memory at [mem 0x7eff5000-0x7eff5037]
[    0.006143] ACPI: Reserving APIC table memory at [mem 0x7eff4000-0x7eff408f]
[    0.006144] ACPI: Reserving MCFG table memory at [mem 0x7eff3000-0x7eff303b]
[    0.006145] ACPI: Reserving SSDT table memory at [mem 0x7efe4000-0x7efe4b9b]
[    0.006146] ACPI: Reserving SSDT table memory at [mem 0x7efe3000-0x7efe3345]
[    0.006147] ACPI: Reserving IVRS table memory at [mem 0x7efe2000-0x7efe2077]
[    0.006148] ACPI: Reserving SSDT table memory at [mem 0x7efe0000-0x7efe19dc]
[    0.006149] ACPI: Reserving VFCT table memory at [mem 0x7efd0000-0x7efdf683]
[    0.006150] ACPI: Reserving SSDT table memory at [mem 0x751cd000-0x751ce5ed]
[    0.006150] ACPI: Reserving FPDT table memory at [mem 0x7efcf000-0x7efcf043]
[    0.006151] ACPI: Reserving BGRT table memory at [mem 0x751cc000-0x751cc037]
[    0.006283] No NUMA configuration found
[    0.006284] Faking a node at [mem 0x0000000000000000-0x00000004bfffffff]
[    0.006288] NODE_DATA(0) allocated [mem 0x4bfffa780-0x4bffffcff]
[    0.006352] Zone ranges:
[    0.006353]   DMA      [mem 0x0000000000001000-0x0000000000ffffff]
[    0.006355]   DMA32    [mem 0x0000000001000000-0x00000000ffffffff]
[    0.006356]   Normal   [mem 0x0000000100000000-0x00000004bfffffff]
[    0.006358]   Device   empty
[    0.006359] Movable zone start for each node
[    0.006359] Early memory node ranges
[    0.006360]   node   0: [mem 0x0000000000001000-0x000000000008efff]
[    0.006362]   node   0: [mem 0x0000000000090000-0x000000000009ffff]
[    0.006363]   node   0: [mem 0x0000000000100000-0x000000005e719fff]
[    0.006364]   node   0: [mem 0x000000005e71b000-0x000000005e845fff]
[    0.006365]   node   0: [mem 0x000000005e847000-0x0000000072f94fff]
[    0.006366]   node   0: [mem 0x0000000072f96000-0x00000000751cbfff]
[    0.006367]   node   0: [mem 0x00000000751cf000-0x000000007dacefff]
[    0.006368]   node   0: [mem 0x000000007efff000-0x000000007effffff]
[    0.006368]   node   0: [mem 0x0000000100000000-0x00000004bfffffff]
[    0.006371] Initmem setup node 0 [mem 0x0000000000001000-0x00000004bfffffff]
[    0.006379] On node 0, zone DMA: 1 pages in unavailable ranges
[    0.006381] On node 0, zone DMA: 1 pages in unavailable ranges
[    0.006424] On node 0, zone DMA: 96 pages in unavailable ranges
[    0.014195] On node 0, zone DMA32: 1 pages in unavailable ranges
[    0.015945] On node 0, zone DMA32: 1 pages in unavailable ranges
[    0.016130] On node 0, zone DMA32: 1 pages in unavailable ranges
[    0.016863] On node 0, zone DMA32: 3 pages in unavailable ranges
[    0.016975] On node 0, zone DMA32: 5424 pages in unavailable ranges
[    0.098858] On node 0, zone Normal: 4096 pages in unavailable ranges
[    0.098985] ACPI: PM-Timer IO Port: 0x408
[    0.098995] ACPI: LAPIC_NMI (acpi_id[0x00] high edge lint[0x1])
[    0.098997] ACPI: LAPIC_NMI (acpi_id[0x01] high edge lint[0x1])
[    0.098998] ACPI: LAPIC_NMI (acpi_id[0x02] high edge lint[0x1])
[    0.098999] ACPI: LAPIC_NMI (acpi_id[0x03] high edge lint[0x1])
[    0.099007] IOAPIC[0]: apic_id 4, version 33, address 0xfec00000, GSI 0-23
[    0.099011] IOAPIC[1]: apic_id 5, version 33, address 0xfec20000, GSI 24-55
[    0.099014] ACPI: INT_SRC_OVR (bus 0 bus_irq 0 global_irq 2 dfl dfl)
[    0.099017] ACPI: INT_SRC_OVR (bus 0 bus_irq 9 global_irq 9 low level)
[    0.099021] ACPI: Using ACPI (MADT) for SMP configuration information
[    0.099022] ACPI: HPET id: 0x10228210 base: 0xfed00000
[    0.099032] e820: update [mem 0x7b119000-0x7b126fff] usable ==> reserved
[    0.099051] CPU topo: Max. logical packages:   1
[    0.099052] CPU topo: Max. logical dies:       1
[    0.099053] CPU topo: Max. dies per package:   1
[    0.099058] CPU topo: Max. threads per core:   1
[    0.099059] CPU topo: Num. cores per package:     4
[    0.099059] CPU topo: Num. threads per package:   4
[    0.099060] CPU topo: Allowing 4 present CPUs plus 0 hotplug CPUs
[    0.099084] PM: hibernation: Registered nosave memory: [mem 0x00000000-0x00000fff]
[    0.099086] PM: hibernation: Registered nosave memory: [mem 0x0008f000-0x0008ffff]
[    0.099088] PM: hibernation: Registered nosave memory: [mem 0x000a0000-0x000fffff]
[    0.099090] PM: hibernation: Registered nosave memory: [mem 0x5e71a000-0x5e71afff]
[    0.099092] PM: hibernation: Registered nosave memory: [mem 0x5e846000-0x5e846fff]
[    0.099094] PM: hibernation: Registered nosave memory: [mem 0x72f95000-0x72f95fff]
[    0.099096] PM: hibernation: Registered nosave memory: [mem 0x751cc000-0x751cefff]
[    0.099097] PM: hibernation: Registered nosave memory: [mem 0x7b119000-0x7b126fff]
[    0.099099] PM: hibernation: Registered nosave memory: [mem 0x7dacf000-0x7effefff]
[    0.099101] PM: hibernation: Registered nosave memory: [mem 0x7f000000-0xffffffff]
[    0.099103] [mem 0x7f000000-0xfebfffff] available for PCI devices
[    0.099104] Booting paravirtualized kernel on bare hardware
[    0.099109] clocksource: refined-jiffies: mask: 0xffffffff max_cycles: 0xffffffff, max_idle_ns: 1910969940391419 ns
[    0.104306] setup_percpu: NR_CPUS:384 nr_cpumask_bits:4 nr_cpu_ids:4 nr_node_ids:1
[    0.104854] percpu: Embedded 97 pages/cpu s274432 r8192 d114688 u524288
[    0.104862] pcpu-alloc: s274432 r8192 d114688 u524288 alloc=1*2097152
[    0.104865] pcpu-alloc: [0] 0 1 2 3 
[    0.104887] Kernel command line: BOOT_IMAGE=(hd0,gpt1)//kernels/wka79msdzqphqr48nlw03fxldfz3s2c9-linux-zen-6.18-bzImage init=/nix/store/h4p8g6w63v3brllmvqv8qv73h92qmlvj-nixos-system-nixxin-26.05.20251208.addf7cf/init radeon.si_support=0 amdgpu.si_support=1 radeon.cik_support=0 amdgpu.cik_support=1 amdgpu.dc=1 amdgpu.dpm=1 amdgpu.gpu_recovery=1 amdgpu.vm_fragment_size=9 amdgpu.ppfeaturemask=0xfffd3fff amdgpu.dcfeaturemask=0x1 amdgpu.dcdebugmask=0x10 amdgpu.sg_display=0 amdgpu.bapm=1 random.trust_cpu=on tsc=reliable clocksource=tsc no_timer_check audit=0 quiet splash loglevel=0 systemd.show_status=false rd.systemd.show_status=false udev.log_level=0 rd.udev.log_level=0 plymouth.ignore-serial-consoles acpi_osi=Linux intremap=off mitigations=off split_lock_mitigate=off retbleed=off preempt=full randomize_kstack_offset=on rtl8xxxu_disable_hw_crypto=1 net.ifnames=0 biosdevname=0 transparent_hugepage=always amdgpu.gpu_recovery=1 psi=1 psi=1 splash loglevel=0 amdgpu.ppfeaturemask=0xffffffff nohibernate lsm=landlock,yama,bpf vt
[    0.105172] audit: disabled (until reboot)
[    0.106052] Dynamic Preempt: full
[    0.106243] Unknown kernel command line parameters "splash splash split_lock_mitigate=off rtl8xxxu_disable_hw_crypto=1 biosdevname=0", will be passed to user space.
[    0.106254] printk: log buffer data + meta data: 262144 + 917504 = 1179648 bytes
[    0.116452] Dentry cache hash table entries: 4194304 (order: 13, 33554432 bytes, linear)
[    0.121578] Inode-cache hash table entries: 2097152 (order: 12, 16777216 bytes, linear)
[    0.121696] software IO TLB: area num 4.
[    0.151468] Fallback order for Node 0: 0 
[    0.151473] Built 1 zonelists, mobility grouping on.  Total pages: 4446824
[    0.151475] Policy zone: Normal
[    0.152036] mem auto-init: stack:all(zero), heap alloc:on, heap free:off
[    0.283759] SLUB: HWalign=64, Order=0-3, MinObjects=0, CPUs=4, Nodes=1
[    0.292310] allocated 35651584 bytes of page_ext
[    0.302662] ftrace: allocating 47557 entries in 188 pages
[    0.302666] ftrace: allocated 188 pages with 5 groups
[    0.303102] rcu: Preemptible hierarchical RCU implementation.
[    0.303103] rcu: 	RCU event tracing is enabled.
[    0.303104] rcu: 	RCU restricting CPUs from NR_CPUS=384 to nr_cpu_ids=4.
[    0.303105] rcu: 	RCU priority boosting: priority 1 delay 500 ms.
[    0.303107] 	Trampoline variant of Tasks RCU enabled.
[    0.303108] 	Rude variant of Tasks RCU enabled.
[    0.303108] 	Tracing variant of Tasks RCU enabled.
[    0.303109] rcu: RCU calculated value of scheduler-enlistment delay is 100 jiffies.
[    0.303110] rcu: Adjusting geometry for rcu_fanout_leaf=16, nr_cpu_ids=4
[    0.303129] RCU Tasks: Setting shift to 2 and lim to 1 rcu_task_cb_adjust=1 rcu_task_cpu_ids=4.
[    0.303132] RCU Tasks Rude: Setting shift to 2 and lim to 1 rcu_task_cb_adjust=1 rcu_task_cpu_ids=4.
[    0.303133] RCU Tasks Trace: Setting shift to 2 and lim to 1 rcu_task_cb_adjust=1 rcu_task_cpu_ids=4.
[    0.309750] NR_IRQS: 24832, nr_irqs: 1000, preallocated irqs: 16
[    0.310076] rcu: srcu_init: Setting srcu_struct sizes based on contention.
[    0.310218] kfence: initialized - using 2097152 bytes for 255 objects at 0x(____ptrval____)-0x(____ptrval____)
[    0.310360] Console: colour dummy device 80x25
[    0.310364] printk: legacy console [tty0] enabled
[    0.310734] ACPI: Core revision 20250807
[    0.311127] clocksource: hpet: mask: 0xffffffff max_cycles: 0xffffffff, max_idle_ns: 133484873504 ns
[    0.311149] APIC: Switch to symmetric I/O mode setup
[    0.311609] ..TIMER: vector=0x30 apic1=0 pin1=2 apic2=-1 pin2=-1
[    0.311616] clocksource: tsc-early: mask: 0xffffffffffffffff max_cycles: 0x2e0a2765c9e, max_idle_ns: 440795366920 ns
[    0.311621] Calibrating delay loop (skipped), value calculated using timer frequency.. 6388.00 BogoMIPS (lpj=3194001)
[    0.311669] LVT offset 1 assigned for vector 0xf9
[    0.311680] Last level iTLB entries: 4KB 512, 2MB 1024, 4MB 512
[    0.311681] Last level dTLB entries: 4KB 1024, 2MB 1024, 4MB 512, 1GB 0
[    0.311688] mitigations: Enabled attack vectors: SMT mitigations: off
[    0.311691] Speculative Store Bypass: Vulnerable
[    0.311693] Spectre V2 : Vulnerable
[    0.311694] RETBleed: Vulnerable
[    0.311695] Spectre V1 : Vulnerable: __user pointer sanitization and usercopy barriers only; no swapgs barriers
[    0.311702] x86/fpu: Supporting XSAVE feature 0x001: 'x87 floating point registers'
[    0.311704] x86/fpu: Supporting XSAVE feature 0x002: 'SSE registers'
[    0.311705] x86/fpu: Supporting XSAVE feature 0x004: 'AVX registers'
[    0.311707] x86/fpu: xstate_offset[2]:  576, xstate_sizes[2]:  256
[    0.311708] x86/fpu: Enabled xstate features 0x7, context size is 832 bytes, using 'standard' format.
[    0.345389] Freeing SMP alternatives memory: 44K
[    0.345400] pid_max: default: 32768 minimum: 301
[    0.345930] LSM: initializing lsm=capability,landlock,yama,bpf
[    0.346386] landlock: Up and running.
[    0.346388] Yama: becoming mindful.
[    0.346608] LSM support for eBPF active
[    0.346918] Mount-cache hash table entries: 65536 (order: 7, 524288 bytes, linear)
[    0.347018] Mountpoint-cache hash table entries: 65536 (order: 7, 524288 bytes, linear)
[    0.452007] smpboot: CPU0: AMD PRO A8-8650B R7, 10 Compute Cores 4C+6G (family: 0x15, model: 0x38, stepping: 0x1)
[    0.452327] Performance Events: Fam15h core perfctr, AMD PMU driver.
[    0.452334] ... version:                   0
[    0.452335] ... bit width:                 48
[    0.452336] ... generic counters:          6
[    0.452337] ... generic bitmap:            000000000000003f
[    0.452338] ... fixed-purpose counters:    0
[    0.452339] ... fixed-purpose bitmap:      0000000000000000
[    0.452340] ... value mask:                0000ffffffffffff
[    0.452341] ... max period:                00007fffffffffff
[    0.452342] ... global_ctrl mask:          000000000000003f
[    0.452461] signal: max sigframe size: 1776
[    0.452518] rcu: Hierarchical SRCU implementation.
[    0.452520] rcu: 	Max phase no-delay instances is 400.
[    0.452619] Timer migration: 1 hierarchy levels; 8 children per group; 1 crossnode level
[    0.452634] NMI watchdog: Enabled. Permanently consumes one hw-PMU counter.
[    0.452742] smp: Bringing up secondary CPUs ...
[    0.452917] smpboot: x86: Booting SMP configuration:
[    0.452919] .... node  #0, CPUs:      #1 #2 #3
[    0.453756] smp: Brought up 1 node, 4 CPUs
[    0.453756] smpboot: Total of 4 processors activated (25552.00 BogoMIPS)
[    0.454823] Memory: 17241024K/17787296K available (16762K kernel code, 2677K rwdata, 13240K rodata, 3584K init, 2952K bss, 501312K reserved, 0K cma-reserved)
[    0.456106] devtmpfs: initialized
[    0.456106] x86/mm: Memory block size: 128MB
[    0.459005] ACPI: PM: Registering ACPI NVS region [mem 0x7e8cf000-0x7efcefff] (7340032 bytes)
[    0.459636] clocksource: jiffies: mask: 0xffffffff max_cycles: 0xffffffff, max_idle_ns: 1911260446275000 ns
[    0.459643] posixtimers hash table entries: 2048 (order: 3, 32768 bytes, linear)
[    0.459666] futex hash table entries: 1024 (65536 bytes on 1 NUMA nodes, total 64 KiB, linear).
[    0.460152] pinctrl core: initialized pinctrl subsystem
[    0.460349] PM: RTC time: 19:17:56, date: 2026-01-31
[    0.461954] NET: Registered PF_NETLINK/PF_ROUTE protocol family
[    0.463301] DMA: preallocated 4096 KiB GFP_KERNEL pool for atomic allocations
[    0.464240] DMA: preallocated 4096 KiB GFP_KERNEL|GFP_DMA pool for atomic allocations
[    0.465181] DMA: preallocated 4096 KiB GFP_KERNEL|GFP_DMA32 pool for atomic allocations
[    0.465422] thermal_sys: Registered thermal governor 'bang_bang'
[    0.465425] thermal_sys: Registered thermal governor 'step_wise'
[    0.465460] cpuidle: using governor menu
[    0.465905] ACPI FADT declares the system doesn't support PCIe ASPM, so disable it
[    0.465907] acpiphp: ACPI Hot Plug PCI Controller Driver version: 0.5
[    0.466261] PCI: ECAM [mem 0xe0000000-0xefffffff] (base 0xe0000000) for domain 0000 [bus 00-ff]
[    0.466284] PCI: Using configuration type 1 for base access
[    0.466689] kprobes: kprobe jump-optimization is enabled. All kprobes are optimized if possible.
[    0.469649] HugeTLB: registered 1.00 GiB page size, pre-allocated 0 pages
[    0.469651] HugeTLB: 16380 KiB vmemmap can be freed for a 1.00 GiB page
[    0.469652] HugeTLB: registered 2.00 MiB page size, pre-allocated 0 pages
[    0.469654] HugeTLB: 28 KiB vmemmap can be freed for a 2.00 MiB page
[    0.472631] ACPI: Added _OSI(Module Device)
[    0.472633] ACPI: Added _OSI(Processor Device)
[    0.472635] ACPI: Added _OSI(Processor Aggregator Device)
[    0.472637] ACPI: Added _OSI(Linux)
[    0.482777] ACPI: 6 ACPI AML tables successfully acquired and loaded
[    0.485052] ACPI: EC: EC started
[    0.485054] ACPI: EC: interrupt blocked
[    0.485379] ACPI: EC: EC_CMD/EC_SC=0x66, EC_DATA=0x62
[    0.485382] ACPI: \_SB_.PCI0.LPCB.EC0_: Boot DSDT EC used to handle transactions
[    0.485384] ACPI: Interpreter enabled
[    0.485410] ACPI: PM: (supports S0 S3 S4 S5)
[    0.485412] ACPI: Using IOAPIC for interrupt routing
[    0.485824] PCI: Using host bridge windows from ACPI; if necessary, use "pci=nocrs" and report a bug
[    0.485825] PCI: Using E820 reservations for host bridge windows
[    0.486119] ACPI: Enabled 10 GPEs in block 00 to 1F
[    0.496536] ACPI: PCI Root Bridge [PCI0] (domain 0000 [bus 00-ff])
[    0.496546] acpi PNP0A08:00: _OSC: OS supports [ExtendedConfig ASPM ClockPM Segments MSI HPX-Type3]
[    0.496632] acpi PNP0A08:00: _OSC: platform does not support [LTR]
[    0.496776] acpi PNP0A08:00: _OSC: OS now controls [PCIeHotplug PME PCIeCapability]
[    0.496778] acpi PNP0A08:00: FADT indicates ASPM is unsupported, using BIOS configuration
[    0.497228] PCI host bridge to bus 0000:00
[    0.497233] pci_bus 0000:00: root bus resource [io  0x0000-0x0cf7 window]
[    0.497235] pci_bus 0000:00: root bus resource [io  0x0d00-0xffff window]
[    0.497237] pci_bus 0000:00: root bus resource [mem 0x000a0000-0x000bffff window]
[    0.497240] pci_bus 0000:00: root bus resource [mem 0x000c0000-0x000cffff window]
[    0.497242] pci_bus 0000:00: root bus resource [mem 0x000d0000-0x000effff window]
[    0.497244] pci_bus 0000:00: root bus resource [mem 0xc0000000-0xdfffffff window]
[    0.497246] pci_bus 0000:00: root bus resource [mem 0xf0000000-0xfed3ffff window]
[    0.497247] pci_bus 0000:00: root bus resource [mem 0xfed45000-0xffffffff window]
[    0.497249] pci_bus 0000:00: root bus resource [bus 00-ff]
[    0.497302] pci 0000:00:00.0: [1022:1422] type 00 class 0x060000 conventional PCI endpoint
[    0.497414] pci 0000:00:00.2: [1022:1423] type 00 class 0x080600 conventional PCI endpoint
[    0.497517] pci 0000:00:01.0: [1002:1313] type 00 class 0x030000 PCIe Root Complex Integrated Endpoint
[    0.497535] pci 0000:00:01.0: BAR 0 [mem 0xc0000000-0xcfffffff 64bit pref]
[    0.497538] pci 0000:00:01.0: BAR 2 [mem 0xd0000000-0xd07fffff 64bit pref]
[    0.497540] pci 0000:00:01.0: BAR 4 [io  0x2000-0x20ff]
[    0.497543] pci 0000:00:01.0: BAR 5 [mem 0xd0900000-0xd093ffff]
[    0.497545] pci 0000:00:01.0: ROM [mem 0xfffe0000-0xffffffff pref]
[    0.497549] pci 0000:00:01.0: enabling Extended Tags
[    0.497561] pci 0000:00:01.0: Video device with shadowed ROM at [mem 0x000c0000-0x000dffff]
[    0.497583] pci 0000:00:01.0: supports D1 D2
[    0.497584] pci 0000:00:01.0: PME# supported from D1 D2 D3hot
[    0.497691] pci 0000:00:01.1: [1002:1308] type 00 class 0x040300 PCIe Root Complex Integrated Endpoint
[    0.497708] pci 0000:00:01.1: BAR 0 [mem 0xd0940000-0xd0943fff 64bit]
[    0.497715] pci 0000:00:01.1: enabling Extended Tags
[    0.497736] pci 0000:00:01.1: supports D1 D2
[    0.497819] pci 0000:00:02.0: [1022:1424] type 00 class 0x060000 conventional PCI endpoint
[    0.497943] pci 0000:00:03.0: [1022:1424] type 00 class 0x060000 conventional PCI endpoint
[    0.498066] pci 0000:00:04.0: [1022:1424] type 00 class 0x060000 conventional PCI endpoint
[    0.498209] pci 0000:00:10.0: [1022:7814] type 00 class 0x0c0330 PCIe Root Complex Integrated Endpoint
[    0.498252] pci 0000:00:10.0: BAR 0 [mem 0xd0948000-0xd0949fff 64bit]
[    0.498319] pci 0000:00:10.0: PME# supported from D0 D3hot D3cold
[    0.498440] pci 0000:00:10.1: [1022:7814] type 00 class 0x0c0330 PCIe Root Complex Integrated Endpoint
[    0.498483] pci 0000:00:10.1: BAR 0 [mem 0xd094a000-0xd094bfff 64bit]
[    0.498549] pci 0000:00:10.1: PME# supported from D0 D3hot D3cold
[    0.498698] pci 0000:00:11.0: [1022:7801] type 00 class 0x010601 conventional PCI endpoint
[    0.498733] pci 0000:00:11.0: BAR 0 [io  0x2118-0x211f]
[    0.498736] pci 0000:00:11.0: BAR 1 [io  0x2124-0x2127]
[    0.498739] pci 0000:00:11.0: BAR 2 [io  0x2110-0x2117]
[    0.498741] pci 0000:00:11.0: BAR 3 [io  0x2120-0x2123]
[    0.498744] pci 0000:00:11.0: BAR 4 [io  0x2100-0x210f]
[    0.498747] pci 0000:00:11.0: BAR 5 [mem 0xd0951000-0xd09517ff]
[    0.498884] pci 0000:00:12.0: [1022:7807] type 00 class 0x0c0310 conventional PCI endpoint
[    0.498918] pci 0000:00:12.0: BAR 0 [mem 0xd0950000-0xd0950fff]
[    0.499043] pci 0000:00:12.2: [1022:7808] type 00 class 0x0c0320 conventional PCI endpoint
[    0.499077] pci 0000:00:12.2: BAR 0 [mem 0xd094f000-0xd094f0ff]
[    0.499111] pci 0000:00:12.2: supports D1 D2
[    0.499112] pci 0000:00:12.2: PME# supported from D0 D1 D2 D3hot D3cold
[    0.499239] pci 0000:00:13.0: [1022:7807] type 00 class 0x0c0310 conventional PCI endpoint
[    0.499273] pci 0000:00:13.0: BAR 0 [mem 0xd094e000-0xd094efff]
[    0.499401] pci 0000:00:13.2: [1022:7808] type 00 class 0x0c0320 conventional PCI endpoint
[    0.499435] pci 0000:00:13.2: BAR 0 [mem 0xd094d000-0xd094d0ff]
[    0.499468] pci 0000:00:13.2: supports D1 D2
[    0.499469] pci 0000:00:13.2: PME# supported from D0 D1 D2 D3hot D3cold
[    0.499573] pci 0000:00:14.0: [1022:780b] type 00 class 0x0c0500 conventional PCI endpoint
[    0.499736] pci 0000:00:14.2: [1022:780d] type 00 class 0x040300 conventional PCI endpoint
[    0.499772] pci 0000:00:14.2: BAR 0 [mem 0xd0944000-0xd0947fff 64bit]
[    0.499800] pci 0000:00:14.2: PME# supported from D0 D3hot D3cold
[    0.499922] pci 0000:00:14.3: [1022:780e] type 00 class 0x060100 conventional PCI endpoint
[    0.500085] pci 0000:00:14.4: [1022:780f] type 01 class 0x060401 conventional PCI bridge
[    0.500108] pci 0000:00:14.4: PCI bridge to [bus 01] (subtractive decode)
[    0.500227] pci 0000:00:14.5: [1022:7809] type 00 class 0x0c0310 conventional PCI endpoint
[    0.500262] pci 0000:00:14.5: BAR 0 [mem 0xd094c000-0xd094cfff]
[    0.500388] pci 0000:00:15.0: [1022:43a0] type 01 class 0x060400 PCIe Root Port
[    0.500407] pci 0000:00:15.0: PCI bridge to [bus 02]
[    0.500428] pci 0000:00:15.0: enabling Extended Tags
[    0.500468] pci 0000:00:15.0: supports D1 D2
[    0.500470] pci 0000:00:15.0: PME# supported from D0 D3hot D3cold
[    0.500611] pci 0000:00:15.2: [1022:43a2] type 01 class 0x060400 PCIe Root Port
[    0.500632] pci 0000:00:15.2: PCI bridge to [bus 03]
[    0.500645] pci 0000:00:15.2:   bridge window [mem 0xd0800000-0xd08fffff 64bit pref]
[    0.500654] pci 0000:00:15.2: enabling Extended Tags
[    0.500695] pci 0000:00:15.2: supports D1 D2
[    0.500696] pci 0000:00:15.2: PME# supported from D0 D3hot D3cold
[    0.500825] pci 0000:00:18.0: [1022:141a] type 00 class 0x060000 conventional PCI endpoint
[    0.500873] pci 0000:00:18.1: [1022:141b] type 00 class 0x060000 conventional PCI endpoint
[    0.500918] pci 0000:00:18.2: [1022:141c] type 00 class 0x060000 conventional PCI endpoint
[    0.500984] pci 0000:00:18.3: [1022:141d] type 00 class 0x060000 conventional PCI endpoint
[    0.501034] pci 0000:00:18.4: [1022:141e] type 00 class 0x060000 conventional PCI endpoint
[    0.501080] pci 0000:00:18.5: [1022:141f] type 00 class 0x060000 conventional PCI endpoint
[    0.501172] pci_bus 0000:01: extended config space not accessible
[    0.501230] pci 0000:00:14.4: PCI bridge to [bus 01] (subtractive decode)
[    0.501238] pci 0000:00:14.4:   bridge window [io  0x0000-0x0cf7 window] (subtractive decode)
[    0.501241] pci 0000:00:14.4:   bridge window [io  0x0d00-0xffff window] (subtractive decode)
[    0.501243] pci 0000:00:14.4:   bridge window [mem 0x000a0000-0x000bffff window] (subtractive decode)
[    0.501245] pci 0000:00:14.4:   bridge window [mem 0x000c0000-0x000cffff window] (subtractive decode)
[    0.501246] pci 0000:00:14.4:   bridge window [mem 0x000d0000-0x000effff window] (subtractive decode)
[    0.501248] pci 0000:00:14.4:   bridge window [mem 0xc0000000-0xdfffffff window] (subtractive decode)
[    0.501250] pci 0000:00:14.4:   bridge window [mem 0xf0000000-0xfed3ffff window] (subtractive decode)
[    0.501251] pci 0000:00:14.4:   bridge window [mem 0xfed45000-0xffffffff window] (subtractive decode)
[    0.501300] pci 0000:00:15.0: PCI bridge to [bus 02]
[    0.501377] pci 0000:03:00.0: [14e4:1687] type 00 class 0x020000 PCIe Endpoint
[    0.501431] pci 0000:03:00.0: BAR 0 [mem 0xd0820000-0xd082ffff 64bit pref]
[    0.501436] pci 0000:03:00.0: BAR 2 [mem 0xd0810000-0xd081ffff 64bit pref]
[    0.501440] pci 0000:03:00.0: BAR 4 [mem 0xd0800000-0xd080ffff 64bit pref]
[    0.501557] pci 0000:03:00.0: PME# supported from D0 D3hot D3cold
[    0.503669] pci 0000:00:15.2: PCI bridge to [bus 03]
[    0.505276] ACPI: PCI: Interrupt link LNKA configured for IRQ 0
[    0.505384] ACPI: PCI: Interrupt link LNKB configured for IRQ 0
[    0.505493] ACPI: PCI: Interrupt link LNKC configured for IRQ 0
[    0.505601] ACPI: PCI: Interrupt link LNKD configured for IRQ 0
[    0.505693] ACPI: PCI: Interrupt link LNKE configured for IRQ 0
[    0.505757] ACPI: PCI: Interrupt link LNKF configured for IRQ 0
[    0.505820] ACPI: PCI: Interrupt link LNKG configured for IRQ 0
[    0.505884] ACPI: PCI: Interrupt link LNKH configured for IRQ 0
[    0.506000] ACPI Warning: GPE type mismatch (level/edge) (20250807/evxface-791)
[    0.506012] ACPI: EC: interrupt unblocked
[    0.506014] ACPI: EC: event unblocked
[    0.506016] ACPI: EC: EC_CMD/EC_SC=0x66, EC_DATA=0x62
[    0.506018] ACPI: EC: GPE=0x8
[    0.506020] ACPI: \_SB_.PCI0.LPCB.EC0_: Boot DSDT EC initialization complete
[    0.506022] ACPI: \_SB_.PCI0.LPCB.EC0_: EC: Used to handle transactions and events
[    0.506117] iommu: Default domain type: Translated
[    0.506119] iommu: DMA domain TLB invalidation policy: lazy mode
[    0.506156] ACPI: bus type USB registered
[    0.506156] usbcore: registered new interface driver usbfs
[    0.506156] usbcore: registered new interface driver hub
[    0.506156] usbcore: registered new device driver usb
[    0.506624] efivars: Registered efivars operations
[    0.506951] NetLabel: Initializing
[    0.506953] NetLabel:  domain hash size = 128
[    0.506955] NetLabel:  protocols = UNLABELED CIPSOv4 CALIPSO
[    0.506985] NetLabel:  unlabeled traffic allowed by default
[    0.506990] PCI: Using ACPI for IRQ routing
[    0.513771] PCI: pci_cache_line_size set to 64 bytes
[    0.513829] e820: reserve RAM buffer [mem 0x0008f000-0x0008ffff]
[    0.513832] e820: reserve RAM buffer [mem 0x5e71a000-0x5fffffff]
[    0.513833] e820: reserve RAM buffer [mem 0x5e846000-0x5fffffff]
[    0.513835] e820: reserve RAM buffer [mem 0x72f95000-0x73ffffff]
[    0.513836] e820: reserve RAM buffer [mem 0x751cc000-0x77ffffff]
[    0.513837] e820: reserve RAM buffer [mem 0x7b119000-0x7bffffff]
[    0.513838] e820: reserve RAM buffer [mem 0x7dacf000-0x7fffffff]
[    0.513840] e820: reserve RAM buffer [mem 0x7f000000-0x7fffffff]
[    0.513901] pci 0000:00:01.0: vgaarb: setting as boot VGA device
[    0.513901] pci 0000:00:01.0: vgaarb: bridge control possible
[    0.513901] pci 0000:00:01.0: vgaarb: VGA device added: decodes=io+mem,owns=io+mem,locks=none
[    0.513901] vgaarb: loaded
[    0.513912] hpet0: at MMIO 0xfed00000, IRQs 2, 8, 0
[    0.513917] hpet0: 3 comparators, 32-bit 14.318180 MHz counter
[    0.515675] clocksource: Switched to clocksource tsc-early
[    0.516426] VFS: Disk quotas dquot_6.6.0
[    0.516467] VFS: Dquot-cache hash table entries: 512 (order 0, 4096 bytes)
[    0.516945] pnp: PnP ACPI init
[    0.517334] system 00:01: [io  0x0400-0x04cf] has been reserved
[    0.517338] system 00:01: [io  0x04d0-0x04d1] has been reserved
[    0.517340] system 00:01: [io  0x04d6] has been reserved
[    0.517342] system 00:01: [io  0x0680-0x06ff] has been reserved
[    0.517344] system 00:01: [io  0x077a] has been reserved
[    0.517346] system 00:01: [io  0x0c00-0x0c01] has been reserved
[    0.517348] system 00:01: [io  0x0c14] has been reserved
[    0.517350] system 00:01: [io  0x0c50-0x0c52] has been reserved
[    0.517351] system 00:01: [io  0x0c6c] has been reserved
[    0.517353] system 00:01: [io  0x0c6f] has been reserved
[    0.517355] system 00:01: [io  0x0cd0-0x0cdb] has been reserved
[    0.517357] system 00:01: [io  0x0840-0x0847] has been reserved
[    0.517471] system 00:02: [mem 0x000e0000-0x000fffff] could not be reserved
[    0.518453] system 00:06: [mem 0xfec00000-0xfec00fff] could not be reserved
[    0.518457] system 00:06: [mem 0xfee00000-0xfee00fff] has been reserved
[    0.518460] system 00:06: [mem 0xfec20000-0xfec20fff] could not be reserved
[    0.518874] pnp: PnP ACPI: found 8 devices
[    0.525685] clocksource: acpi_pm: mask: 0xffffff max_cycles: 0xffffff, max_idle_ns: 2085701024 ns
[    0.525983] NET: Registered PF_INET protocol family
[    0.526486] IP idents hash table entries: 262144 (order: 9, 2097152 bytes, linear)
[    0.542122] tcp_listen_portaddr_hash hash table entries: 16384 (order: 6, 262144 bytes, linear)
[    0.542194] Table-perturb hash table entries: 65536 (order: 6, 262144 bytes, linear)
[    0.542622] TCP established hash table entries: 262144 (order: 9, 2097152 bytes, linear)
[    0.543588] TCP bind hash table entries: 65536 (order: 9, 2097152 bytes, linear)
[    0.543898] TCP: Hash tables configured (established 262144 bind 65536)
[    0.544323] MPTCP token hash table entries: 32768 (order: 8, 786432 bytes, linear)
[    0.544669] UDP hash table entries: 16384 (order: 8, 1048576 bytes, linear)
[    0.545013] UDP-Lite hash table entries: 16384 (order: 8, 1048576 bytes, linear)
[    0.545251] NET: Registered PF_UNIX/PF_LOCAL protocol family
[    0.545288] NET: Registered PF_XDP protocol family
[    0.545316] pci 0000:00:14.4: PCI bridge to [bus 01]
[    0.545361] pci 0000:00:15.0: PCI bridge to [bus 02]
[    0.545370] pci 0000:00:15.2: PCI bridge to [bus 03]
[    0.545375] pci 0000:00:15.2:   bridge window [mem 0xd0800000-0xd08fffff 64bit pref]
[    0.545384] pci_bus 0000:00: resource 4 [io  0x0000-0x0cf7 window]
[    0.545386] pci_bus 0000:00: resource 5 [io  0x0d00-0xffff window]
[    0.545388] pci_bus 0000:00: resource 6 [mem 0x000a0000-0x000bffff window]
[    0.545390] pci_bus 0000:00: resource 7 [mem 0x000c0000-0x000cffff window]
[    0.545391] pci_bus 0000:00: resource 8 [mem 0x000d0000-0x000effff window]
[    0.545393] pci_bus 0000:00: resource 9 [mem 0xc0000000-0xdfffffff window]
[    0.545394] pci_bus 0000:00: resource 10 [mem 0xf0000000-0xfed3ffff window]
[    0.545396] pci_bus 0000:00: resource 11 [mem 0xfed45000-0xffffffff window]
[    0.545398] pci_bus 0000:01: resource 4 [io  0x0000-0x0cf7 window]
[    0.545400] pci_bus 0000:01: resource 5 [io  0x0d00-0xffff window]
[    0.545401] pci_bus 0000:01: resource 6 [mem 0x000a0000-0x000bffff window]
[    0.545403] pci_bus 0000:01: resource 7 [mem 0x000c0000-0x000cffff window]
[    0.545404] pci_bus 0000:01: resource 8 [mem 0x000d0000-0x000effff window]
[    0.545406] pci_bus 0000:01: resource 9 [mem 0xc0000000-0xdfffffff window]
[    0.545407] pci_bus 0000:01: resource 10 [mem 0xf0000000-0xfed3ffff window]
[    0.545409] pci_bus 0000:01: resource 11 [mem 0xfed45000-0xffffffff window]
[    0.545411] pci_bus 0000:03: resource 2 [mem 0xd0800000-0xd08fffff 64bit pref]
[    0.545609] pci 0000:00:01.1: D0 power state depends on 0000:00:01.0
[    0.546747] pci 0000:00:12.2: PME# does not work under D3, disabling it
[    0.547183] pci 0000:00:13.2: PME# does not work under D3, disabling it
[    0.547475] PCI: CLS 64 bytes, default 64
[    0.547673] Trying to unpack rootfs image as initramfs...
[    0.548598] AMD-Vi: Using global IVHD EFR:0x0, EFR2:0x0
[    0.578521] pci 0000:00:00.2: AMD-Vi: IOMMU performance counters supported
[    0.578528] pci 0000:00:00.2: AMD-Vi: Applying ATS write check workaround
[    0.578662] pci 0000:00:01.0: Adding to iommu group 0
[    0.578679] pci 0000:00:01.1: Adding to iommu group 0
[    0.578706] pci 0000:00:02.0: Adding to iommu group 1
[    0.578727] pci 0000:00:03.0: Adding to iommu group 2
[    0.578748] pci 0000:00:04.0: Adding to iommu group 3
[    0.578807] pci 0000:00:10.0: Adding to iommu group 4
[    0.578829] pci 0000:00:10.1: Adding to iommu group 4
[    0.578844] pci 0000:00:11.0: Adding to iommu group 5
[    0.578872] pci 0000:00:12.0: Adding to iommu group 6
[    0.578888] pci 0000:00:12.2: Adding to iommu group 6
[    0.578919] pci 0000:00:13.0: Adding to iommu group 7
[    0.578934] pci 0000:00:13.2: Adding to iommu group 7
[    0.578969] pci 0000:00:14.0: Adding to iommu group 8
[    0.578986] pci 0000:00:14.2: Adding to iommu group 8
[    0.579001] pci 0000:00:14.3: Adding to iommu group 8
[    0.579016] pci 0000:00:14.4: Adding to iommu group 9
[    0.579036] pci 0000:00:14.5: Adding to iommu group 10
[    0.579096] pci 0000:00:15.0: Adding to iommu group 11
[    0.579115] pci 0000:00:15.2: Adding to iommu group 11
[    0.579166] pci 0000:00:18.0: Adding to iommu group 12
[    0.579191] pci 0000:00:18.1: Adding to iommu group 12
[    0.579208] pci 0000:00:18.2: Adding to iommu group 12
[    0.579225] pci 0000:00:18.3: Adding to iommu group 12
[    0.579241] pci 0000:00:18.4: Adding to iommu group 12
[    0.579259] pci 0000:00:18.5: Adding to iommu group 12
[    0.579296] pci 0000:03:00.0: Adding to iommu group 11
[    0.581893] AMD-Vi: Extended features (0x800090a52, 0x0): PPR GT IA PC
[    0.582180] PCI-DMA: Using software bounce buffering for IO (SWIOTLB)
[    0.582183] software IO TLB: mapped [mem 0x0000000077119000-0x000000007b119000] (64MB)
[    0.582470] LVT offset 0 assigned for vector 0x400
[    0.583615] perf: AMD IBS detected (0x000001ff)
[    0.583638] perf/amd_iommu: Detected AMD IOMMU #0 (2 banks, 4 counters/bank).
[    0.618396] Initialise system trusted keyrings
[    0.618596] workingset: timestamp_bits=40 max_order=23 bucket_order=0
[    0.632763] Key type asymmetric registered
[    0.632766] Asymmetric key parser 'x509' registered
[    0.632842] Block layer SCSI generic (bsg) driver version 0.4 loaded (major 250)
[    0.632951] io scheduler mq-deadline registered
[    0.632953] io scheduler kyber registered
[    0.633006] io scheduler bfq registered
[    0.633585] pcieport 0000:00:15.0: PME: Signaling with IRQ 25
[    0.633848] pcieport 0000:00:15.2: PME: Signaling with IRQ 26
[    0.634673] Could not retrieve perf counters (-19)
[    0.634851] Serial: 8250/16550 driver, 4 ports, IRQ sharing enabled
[    0.635020] 00:05: ttyS0 at I/O 0x3f8 (irq = 4, base_baud = 115200) is a 16550A
[    0.635914] Linux agpgart interface v0.103
[    0.636290] ACPI: bus type drm_connector registered
[    0.636474] usbcore: registered new interface driver usbserial_generic
[    0.636480] usbserial: USB Serial support registered for generic
[    0.636483] amd_pstate: the _CPC object is not present in SBIOS or ACPI disabled
[    0.636825] simple-framebuffer simple-framebuffer.0: [drm] Registered 1 planes with drm panic
[    0.636828] [drm] Initialized simpledrm 1.0.0 for simple-framebuffer.0 on minor 0
[    0.640700] fbcon: Deferring console take-over
[    0.640708] simple-framebuffer simple-framebuffer.0: [drm] fb0: simpledrmdrmfb frame buffer device
[    0.640874] drop_monitor: Initializing network drop monitor service
[    0.641221] NET: Registered PF_INET6 protocol family
[    0.641816] Segment Routing with IPv6
[    0.641828] In-situ OAM (IOAM) with IPv6
[    0.641938] x86/pm: family 0x15 cpu detected, MSR saving is needed during suspending.
[    0.642554] microcode: Current revision: 0x06003109
[    0.642650] IPI shorthand broadcast: enabled
[    0.645340] sched_clock: Marking stable (643001775, 1491166)->(650138986, -5646045)
[    0.645532] registered taskstats version 1
[    0.645710] Loading compiled-in X.509 certificates
[    0.651874] Demotion targets for Node 0: null
[    0.652075] Key type .fscrypt registered
[    0.652077] Key type fscrypt-provisioning registered
[    0.652254] PM:   Magic number: 10:36:295
[    0.652277] tty tty28: hash matches
[    0.654433] RAS: Correctable Errors collector initialized.
[    0.821591] Freeing initrd memory: 55416K
[    0.831565] clk: Disabling unused clocks
[    0.831572] PM: genpd: Disabling unused power domains
[    0.833572] Freeing unused decrypted memory: 2028K
[    0.834720] Freeing unused kernel image (initmem) memory: 3584K
[    0.834779] Write protecting the kernel read-only data: 32768k
[    0.835602] Freeing unused kernel image (text/rodata gap) memory: 1668K
[    0.836004] Freeing unused kernel image (rodata/data gap) memory: 1096K
[    0.849309] x86/mm: Checked W+X mappings: passed, no W+X pages found.
[    0.849325] Run /init as init process
[    0.849327]   with arguments:
[    0.849329]     /init
[    0.849330]     splash
[    0.849331]     splash
[    0.849332]   with environment:
[    0.849333]     HOME=/
[    0.849333]     TERM=linux
[    0.849334]     split_lock_mitigate=off
[    0.849335]     rtl8xxxu_disable_hw_crypto=1
[    0.849336]     biosdevname=0
[    0.900311] resource: resource sanity check: requesting [mem 0x00000000fed8028a-0x00000000fed81000], which spans more than Reserved [mem 0xfed80000-0xfed80fff]
[    0.900319] caller acpi_os_map_iomem+0x244/0x280 mapping multiple BARs
[    0.953126] wmi_bus wmi_bus-PNP0C14:00: [Firmware Info]: DF4E63B6-3BBC-4858-9737-C74F82F821F3 has zero instances
[    0.953155] wmi_bus wmi_bus-PNP0C14:00: [Firmware Info]: 8F1F6436-9F42-42C8-BADC-0E9424F20C9A has zero instances
[    0.953612] wmi_bus wmi_bus-PNP0C14:02: [Firmware Bug]: WQZZ data block query control method not found
[    0.955627] ACPI: video: Video Device [VGA] (multi-head: yes  rom: no  post: no)
[    0.955672] ACPI: [Firmware Bug]: BIOS _OSI(Linux) query honored via cmdline
[    0.956073] input: Video Bus as /devices/LNXSYSTM:00/LNXSYBUS:00/PNP0A08:00/LNXVIDEO:00/input/input0
[    1.624554] tsc: Refined TSC clocksource calibration: 3194.029 MHz
[    1.624566] clocksource: tsc: mask: 0xffffffffffffffff max_cycles: 0x2e0a41ca3be, max_idle_ns: 440795356728 ns
[    1.624597] clocksource: Switched to clocksource tsc
[    9.081335] Setting dangerous option gpu_recovery - tainting kernel
[    9.081348] Setting dangerous option gpu_recovery - tainting kernel
[    9.084082] [drm] amdgpu kernel modesetting enabled.
[    9.084399] ACPI BIOS Error (bug): Could not resolve symbol [\_SB.ALIB], AE_NOT_FOUND (20250807/psargs-332)
[    9.084411] ACPI Error: Aborting method \_SB.PCI0.VGA.ATC0 due to previous error (AE_NOT_FOUND) (20250807/psparse-529)
[    9.084418] ACPI Error: Aborting method \_SB.PCI0.VGA.ATCS due to previous error (AE_NOT_FOUND) (20250807/psparse-529)
[    9.084777] amdgpu: Virtual CRAT table created for CPU
[    9.084802] amdgpu: Topology: Add CPU node
[    9.084868] amdgpu: Overdrive is enabled, please disable it before reporting any bugs unrelated to overdrive.
[    9.085170] amdgpu 0000:00:01.0: amdgpu: initializing kernel modesetting (KAVERI 0x1002:0x1313 0x103C:0x805A 0xD6).
[    9.085184] amdgpu 0000:00:01.0: amdgpu: register mmio base: 0xD0900000
[    9.085186] amdgpu 0000:00:01.0: amdgpu: register mmio size: 262144
[    9.085267] amdgpu 0000:00:01.0: amdgpu: detected ip block number 0 <common_v1_0_0> (cik_common)
[    9.085270] amdgpu 0000:00:01.0: amdgpu: detected ip block number 1 <gmc_v7_0_0> (gmc_v7_0)
[    9.085273] amdgpu 0000:00:01.0: amdgpu: detected ip block number 2 <ih_v2_0_0> (cik_ih)
[    9.085275] amdgpu 0000:00:01.0: amdgpu: detected ip block number 3 <gfx_v7_1_0> (gfx_v7_0)
[    9.085278] amdgpu 0000:00:01.0: amdgpu: detected ip block number 4 <sdma_v2_0_0> (cik_sdma)
[    9.085280] amdgpu 0000:00:01.0: amdgpu: detected ip block number 5 <smu_v1_0_0> (kv_dpm)
[    9.085282] amdgpu 0000:00:01.0: amdgpu: detected ip block number 6 <dce_v1_0_0> (dm)
[    9.085284] amdgpu 0000:00:01.0: amdgpu: detected ip block number 7 <uvd_v4_2_0> (uvd_v4_2)
[    9.085286] amdgpu 0000:00:01.0: amdgpu: detected ip block number 8 <vce_v2_0_0> (vce_v2_0)
[    9.085318] amdgpu 0000:00:01.0: amdgpu: Fetched VBIOS from VFCT
[    9.085322] amdgpu: ATOM BIOS: BR46218.001
[    9.109090] amdgpu 0000:00:01.0: vgaarb: deactivate vga console
[    9.109098] amdgpu 0000:00:01.0: amdgpu: Trusted Memory Zone (TMZ) feature not supported
[    9.109200] amdgpu 0000:00:01.0: amdgpu: vm size is 64 GB, 2 levels, block size is 10-bit, fragment size is 9-bit
[    9.109208] amdgpu 0000:00:01.0: amdgpu: VRAM: 1024M 0x000000F400000000 - 0x000000F43FFFFFFF (1024M used)
[    9.109211] amdgpu 0000:00:01.0: amdgpu: GART: 1024M 0x000000FF00000000 - 0x000000FF3FFFFFFF
[    9.109220] [drm] Detected VRAM RAM=1024M, BAR=1024M
[    9.109222] [drm] RAM width 128bits UNKNOWN
[    9.109415] amdgpu 0000:00:01.0: amdgpu: amdgpu: 1024M of VRAM memory ready
[    9.109420] amdgpu 0000:00:01.0: amdgpu: amdgpu: 8471M of GTT memory ready.
[    9.109466] [drm] GART: num cpu pages 262144, num gpu pages 262144
[    9.109514] [drm] PCIE GART of 1024M enabled (table at 0x000000F400E00000).
[    9.111816] amdgpu 0000:00:01.0: amdgpu: [drm] Internal thermal controller without fan control
[    9.111829] amdgpu 0000:00:01.0: amdgpu: [drm] dpm initialized
[    9.114583] [drm] Found UVD firmware Version: 1.64 Family ID: 9
[    9.115901] [drm] Found VCE firmware Version: 50.10 Binary ID: 2
[    9.125712] amdgpu 0000:00:01.0: [drm] Unsupported Connector type:5!
[    9.125907] amdgpu 0000:00:01.0: amdgpu: [drm] Display Core v3.2.351 initialized on DCE 8.1
[    9.228756] [drm] UVD initialized successfully.
[    9.349980] [drm] VCE initialized successfully.
[    9.353486] kfd kfd: amdgpu: Allocated 3969056 bytes on gart
[    9.353515] kfd kfd: amdgpu: Total number of KFD nodes to be created: 1
[    9.353677] amdgpu: Virtual CRAT table created for GPU
[    9.353769] amdgpu: Topology: Add dGPU node [0x1313:0x1002]
[    9.353772] kfd kfd: amdgpu: added device 1002:1313
[    9.353784] amdgpu 0000:00:01.0: amdgpu: SE 1, SH per SE 1, CU per SH 8, active_cu_number 6
[    9.356021] amdgpu 0000:00:01.0: amdgpu: overdrive feature is not supported
[    9.356140] amdgpu 0000:00:01.0: amdgpu: Runtime PM not available
[    9.356571] amdgpu 0000:00:01.0: [drm] Registered 4 planes with drm panic
[    9.356573] [drm] Initialized amdgpu 3.64.0 for 0000:00:01.0 on minor 1
[    9.364341] fbcon: amdgpudrmfb (fb0) is primary device
[    9.364346] fbcon: Deferring console take-over
[    9.364350] amdgpu 0000:00:01.0: [drm] fb0: amdgpudrmfb frame buffer device
[    9.393893] device-mapper: ioctl: 4.50.0-ioctl (2025-04-28) initialised: dm-devel@lists.linux.dev
[    9.581842] QUIRK: Enable AMD PLL fix
[    9.581919] ehci-pci 0000:00:12.2: EHCI Host Controller
[    9.581929] ehci-pci 0000:00:12.2: new USB bus registered, assigned bus number 1
[    9.581937] ehci-pci 0000:00:12.2: applying AMD SB700/SB800/Hudson-2/3 EHCI dummy qh workaround
[    9.581946] ehci-pci 0000:00:12.2: debug port 1
[    9.582032] ehci-pci 0000:00:12.2: irq 17, io mem 0xd094f000
[    9.588541] ehci-pci 0000:00:12.2: USB 2.0 started, EHCI 1.00
[    9.589546] usb usb1: New USB device found, idVendor=1d6b, idProduct=0002, bcdDevice= 6.18
[    9.589551] usb usb1: New USB device strings: Mfr=3, Product=2, SerialNumber=1
[    9.589553] usb usb1: Product: EHCI Host Controller
[    9.589556] usb usb1: Manufacturer: Linux 6.18.0-zen1 ehci_hcd
[    9.589558] usb usb1: SerialNumber: 0000:00:12.2
[    9.589769] hub 1-0:1.0: USB hub found
[    9.589787] hub 1-0:1.0: 5 ports detected
[    9.590343] ehci-pci 0000:00:13.2: EHCI Host Controller
[    9.590432] ehci-pci 0000:00:13.2: new USB bus registered, assigned bus number 2
[    9.590439] ehci-pci 0000:00:13.2: applying AMD SB700/SB800/Hudson-2/3 EHCI dummy qh workaround
[    9.590480] ehci-pci 0000:00:13.2: debug port 1
[    9.590595] ehci-pci 0000:00:13.2: irq 17, io mem 0xd094d000
[    9.597538] ehci-pci 0000:00:13.2: USB 2.0 started, EHCI 1.00
[    9.597621] usb usb2: New USB device found, idVendor=1d6b, idProduct=0002, bcdDevice= 6.18
[    9.597625] usb usb2: New USB device strings: Mfr=3, Product=2, SerialNumber=1
[    9.597628] usb usb2: Product: EHCI Host Controller
[    9.597630] usb usb2: Manufacturer: Linux 6.18.0-zen1 ehci_hcd
[    9.597632] usb usb2: SerialNumber: 0000:00:13.2
[    9.597855] hub 2-0:1.0: USB hub found
[    9.598005] hub 2-0:1.0: 5 ports detected
[    9.601697] SCSI subsystem initialized
[    9.619545] ohci-pci 0000:00:12.0: OHCI PCI host controller
[    9.619563] ohci-pci 0000:00:12.0: new USB bus registered, assigned bus number 3
[    9.619643] ohci-pci 0000:00:12.0: irq 18, io mem 0xd0950000
[    9.619696] xhci_hcd 0000:00:10.0: xHCI Host Controller
[    9.619711] xhci_hcd 0000:00:10.0: new USB bus registered, assigned bus number 4
[    9.619960] xhci_hcd 0000:00:10.0: hcc params 0x014040c3 hci version 0x100 quirks 0x0000000000000018
[    9.620682] i8042: PNP: PS/2 Controller [PNP0303:PS2K,PNP0f03:PS2M] at 0x60,0x64 irq 1,12
[    9.621396] xhci_hcd 0000:00:10.0: xHCI Host Controller
[    9.621405] xhci_hcd 0000:00:10.0: new USB bus registered, assigned bus number 5
[    9.621412] xhci_hcd 0000:00:10.0: Host supports USB 3.0 SuperSpeed
[    9.623893] serio: i8042 KBD port at 0x60,0x64 irq 1
[    9.624171] serio: i8042 AUX port at 0x60,0x64 irq 12
[    9.624294] usb usb4: New USB device found, idVendor=1d6b, idProduct=0002, bcdDevice= 6.18
[    9.624300] usb usb4: New USB device strings: Mfr=3, Product=2, SerialNumber=1
[    9.624302] usb usb4: Product: xHCI Host Controller
[    9.624305] usb usb4: Manufacturer: Linux 6.18.0-zen1 xhci-hcd
[    9.624307] usb usb4: SerialNumber: 0000:00:10.0
[    9.624681] hub 4-0:1.0: USB hub found
[    9.624725] hub 4-0:1.0: 2 ports detected
[    9.625120] usb usb5: We don't know the algorithms for LPM for this host, disabling LPM.
[    9.625153] usb usb5: New USB device found, idVendor=1d6b, idProduct=0003, bcdDevice= 6.18
[    9.625156] usb usb5: New USB device strings: Mfr=3, Product=2, SerialNumber=1
[    9.625158] usb usb5: Product: xHCI Host Controller
[    9.625160] usb usb5: Manufacturer: Linux 6.18.0-zen1 xhci-hcd
[    9.625162] usb usb5: SerialNumber: 0000:00:10.0
[    9.625440] hub 5-0:1.0: USB hub found
[    9.625484] hub 5-0:1.0: 2 ports detected
[    9.627029] xhci_hcd 0000:00:10.1: xHCI Host Controller
[    9.627039] xhci_hcd 0000:00:10.1: new USB bus registered, assigned bus number 6
[    9.627650] xhci_hcd 0000:00:10.1: hcc params 0x014040c3 hci version 0x100 quirks 0x0000000000000018
[    9.634192] xhci_hcd 0000:00:10.1: xHCI Host Controller
[    9.634202] xhci_hcd 0000:00:10.1: new USB bus registered, assigned bus number 7
[    9.634211] xhci_hcd 0000:00:10.1: Host supports USB 3.0 SuperSpeed
[    9.634721] usb usb6: New USB device found, idVendor=1d6b, idProduct=0002, bcdDevice= 6.18
[    9.634725] usb usb6: New USB device strings: Mfr=3, Product=2, SerialNumber=1
[    9.634728] usb usb6: Product: xHCI Host Controller
[    9.634730] usb usb6: Manufacturer: Linux 6.18.0-zen1 xhci-hcd
[    9.634732] usb usb6: SerialNumber: 0000:00:10.1
[    9.634967] hub 6-0:1.0: USB hub found
[    9.635404] hub 6-0:1.0: 2 ports detected
[    9.640238] usb usb7: We don't know the algorithms for LPM for this host, disabling LPM.
[    9.640279] usb usb7: New USB device found, idVendor=1d6b, idProduct=0003, bcdDevice= 6.18
[    9.640282] usb usb7: New USB device strings: Mfr=3, Product=2, SerialNumber=1
[    9.640285] usb usb7: Product: xHCI Host Controller
[    9.640287] usb usb7: Manufacturer: Linux 6.18.0-zen1 xhci-hcd
[    9.640288] usb usb7: SerialNumber: 0000:00:10.1
[    9.641069] hub 7-0:1.0: USB hub found
[    9.641239] hub 7-0:1.0: 2 ports detected
[    9.643415] libata version 3.00 loaded.
[    9.650876] ahci 0000:00:11.0: AHCI vers 0001.0300, 32 command slots, 6 Gbps, SATA mode
[    9.650885] ahci 0000:00:11.0: 3/3 ports implemented (port mask 0x7)
[    9.650887] ahci 0000:00:11.0: flags: 64bit ncq sntf ilck pm led clo pmp pio slum part 
[    9.651716] scsi host0: ahci
[    9.652062] scsi host1: ahci
[    9.653397] scsi host2: ahci
[    9.653520] ata1: SATA max UDMA/133 abar m2048@0xd0951000 port 0xd0951100 irq 39 lpm-pol 3
[    9.653524] ata2: SATA max UDMA/133 abar m2048@0xd0951000 port 0xd0951180 irq 39 lpm-pol 3
[    9.653528] ata3: SATA max UDMA/133 abar m2048@0xd0951000 port 0xd0951200 irq 39 lpm-pol 3
[    9.674715] usb usb3: New USB device found, idVendor=1d6b, idProduct=0001, bcdDevice= 6.18
[    9.674724] usb usb3: New USB device strings: Mfr=3, Product=2, SerialNumber=1
[    9.674726] usb usb3: Product: OHCI PCI host controller
[    9.674728] usb usb3: Manufacturer: Linux 6.18.0-zen1 ohci_hcd
[    9.674729] usb usb3: SerialNumber: 0000:00:12.0
[    9.675048] hub 3-0:1.0: USB hub found
[    9.675116] hub 3-0:1.0: 5 ports detected
[    9.675997] ohci-pci 0000:00:13.0: OHCI PCI host controller
[    9.676004] ohci-pci 0000:00:13.0: new USB bus registered, assigned bus number 8
[    9.676048] ohci-pci 0000:00:13.0: irq 18, io mem 0xd094e000
[    9.730624] usb usb8: New USB device found, idVendor=1d6b, idProduct=0001, bcdDevice= 6.18
[    9.730631] usb usb8: New USB device strings: Mfr=3, Product=2, SerialNumber=1
[    9.730633] usb usb8: Product: OHCI PCI host controller
[    9.730635] usb usb8: Manufacturer: Linux 6.18.0-zen1 ohci_hcd
[    9.730637] usb usb8: SerialNumber: 0000:00:13.0
[    9.730894] hub 8-0:1.0: USB hub found
[    9.730941] hub 8-0:1.0: 5 ports detected
[    9.731696] ohci-pci 0000:00:14.5: OHCI PCI host controller
[    9.731702] ohci-pci 0000:00:14.5: new USB bus registered, assigned bus number 9
[    9.731747] ohci-pci 0000:00:14.5: irq 18, io mem 0xd094c000
[    9.786656] usb usb9: New USB device found, idVendor=1d6b, idProduct=0001, bcdDevice= 6.18
[    9.786663] usb usb9: New USB device strings: Mfr=3, Product=2, SerialNumber=1
[    9.786665] usb usb9: Product: OHCI PCI host controller
[    9.786667] usb usb9: Manufacturer: Linux 6.18.0-zen1 ohci_hcd
[    9.786668] usb usb9: SerialNumber: 0000:00:14.5
[    9.786954] hub 9-0:1.0: USB hub found
[    9.787000] hub 9-0:1.0: 2 ports detected
[    9.864543] usb 4-1: new low-speed USB device number 2 using xhci_hcd
[    9.920545] ata3: SATA link up 6.0 Gbps (SStatus 133 SControl 300)
[    9.920604] ata2: SATA link up 6.0 Gbps (SStatus 133 SControl 300)
[    9.920638] ata1: SATA link up 6.0 Gbps (SStatus 133 SControl 300)
[    9.921467] ata3.00: ACPI cmd f5/00:00:00:00:00:e0(SECURITY FREEZE LOCK) filtered out
[    9.921475] ata3.00: ACPI cmd b1/c1:00:00:00:00:e0(DEVICE CONFIGURATION OVERLAY) filtered out
[    9.921479] ata3.00: ATA-8: WDC WD2500AAKX-603CA0, 18.01H18, max UDMA/100
[    9.921697] ata2.00: ACPI cmd f5/00:00:00:00:00:e0(SECURITY FREEZE LOCK) filtered out
[    9.921706] ata2.00: ACPI cmd b1/c1:00:00:00:00:e0(DEVICE CONFIGURATION OVERLAY) filtered out
[    9.921716] ata3.00: 488397168 sectors, multi 0: LBA48 NCQ (depth 32), AA
[    9.921980] ata2.00: ATA-8: ST500DM002-1BD142, KC48, max UDMA/133
[    9.921984] ata2.00: 976773168 sectors, multi 0: LBA48 NCQ (depth 32)
[    9.922611] ata3.00: ACPI cmd f5/00:00:00:00:00:e0(SECURITY FREEZE LOCK) filtered out
[    9.922614] ata3.00: ACPI cmd b1/c1:00:00:00:00:e0(DEVICE CONFIGURATION OVERLAY) filtered out
[    9.922718] ata3.00: configured for UDMA/100
[    9.923262] ata2.00: ACPI cmd f5/00:00:00:00:00:e0(SECURITY FREEZE LOCK) filtered out
[    9.923265] ata2.00: ACPI cmd b1/c1:00:00:00:00:e0(DEVICE CONFIGURATION OVERLAY) filtered out
[    9.923498] ata1.00: Model 'CT500BX500SSD1', rev 'M6CR072', applying quirks: nolpm
[    9.923559] ata1.00: ACPI cmd f5/00:00:00:00:00:e0(SECURITY FREEZE LOCK) filtered out
[    9.923562] ata1.00: ATA-10: CT500BX500SSD1, M6CR072, max UDMA/133
[    9.923568] ata2.00: configured for UDMA/133
[    9.927524] ata1.00: 976773168 sectors, multi 1: LBA48 NCQ (depth 32), AA
[    9.927531] ata1.00: LPM support broken, forcing max_power
[    9.940518] ata1.00: Features: Dev-Sleep DIPM
[    9.949410] ata1.00: ACPI cmd f5/00:00:00:00:00:e0(SECURITY FREEZE LOCK) filtered out
[    9.966293] ata1.00: configured for UDMA/133
[    9.980596] scsi 0:0:0:0: Direct-Access     ATA      CT500BX500SSD1   072  PQ: 0 ANSI: 5
[    9.981174] scsi 1:0:0:0: Direct-Access     ATA      ST500DM002-1BD14 KC48 PQ: 0 ANSI: 5
[    9.981574] scsi 2:0:0:0: Direct-Access     ATA      WDC WD2500AAKX-6 1H18 PQ: 0 ANSI: 5
[    9.991827] sd 0:0:0:0: [sda] 976773168 512-byte logical blocks: (500 GB/466 GiB)
[    9.991841] sd 1:0:0:0: [sdc] 976773168 512-byte logical blocks: (500 GB/466 GiB)
[    9.991844] sd 1:0:0:0: [sdc] 4096-byte physical blocks
[    9.991848] sd 0:0:0:0: [sda] Write Protect is off
[    9.991851] sd 0:0:0:0: [sda] Mode Sense: 00 3a 00 00
[    9.991851] sd 1:0:0:0: [sdc] Write Protect is off
[    9.991854] sd 1:0:0:0: [sdc] Mode Sense: 00 3a 00 00
[    9.991855] sd 2:0:0:0: [sdb] 488397168 512-byte logical blocks: (250 GB/233 GiB)
[    9.991865] sd 1:0:0:0: [sdc] Write cache: enabled, read cache: enabled, doesn't support DPO or FUA
[    9.991865] sd 0:0:0:0: [sda] Write cache: enabled, read cache: enabled, doesn't support DPO or FUA
[    9.991871] sd 2:0:0:0: [sdb] Write Protect is off
[    9.991875] sd 2:0:0:0: [sdb] Mode Sense: 00 3a 00 00
[    9.991892] sd 2:0:0:0: [sdb] Write cache: enabled, read cache: enabled, doesn't support DPO or FUA
[    9.991895] sd 0:0:0:0: [sda] Preferred minimum I/O size 512 bytes
[    9.991895] sd 1:0:0:0: [sdc] Preferred minimum I/O size 4096 bytes
[    9.991921] sd 2:0:0:0: [sdb] Preferred minimum I/O size 512 bytes
[   10.008937]  sda: sda1 sda2 sda3
[   10.009173] sd 0:0:0:0: [sda] Attached SCSI disk
[   10.025511] usb 4-1: New USB device found, idVendor=046d, idProduct=c077, bcdDevice=67.00
[   10.025519] usb 4-1: New USB device strings: Mfr=1, Product=2, SerialNumber=0
[   10.025522] usb 4-1: Product: USB Optical Mouse
[   10.025523] usb 4-1: Manufacturer: Logitech
[   10.039858] hid: raw HID events driver (C) Jiri Kosina
[   10.045169]  sdc: sdc1
[   10.045329] sd 1:0:0:0: [sdc] Attached SCSI disk
[   10.056953]  sdb: sdb1
[   10.057127] sd 2:0:0:0: [sdb] Attached SCSI disk
[   10.073691] usbcore: registered new interface driver usbhid
[   10.073699] usbhid: USB HID core driver
[   10.076525] input: Logitech USB Optical Mouse as /devices/pci0000:00/0000:00:10.0/usb4/4-1/4-1:1.0/0003:046D:C077.0001/input/input3
[   10.076599] hid-generic 0003:046D:C077.0001: input,hidraw0: USB HID v1.11 Mouse [Logitech USB Optical Mouse] on usb-0000:00:10.0-1/input0
[   10.141549] usb 4-2: new low-speed USB device number 3 using xhci_hcd
[   10.302481] usb 4-2: New USB device found, idVendor=1a2c, idProduct=4d7e, bcdDevice= 1.10
[   10.302490] usb 4-2: New USB device strings: Mfr=1, Product=2, SerialNumber=0
[   10.302504] usb 4-2: Product: USB Keyboard
[   10.302506] usb 4-2: Manufacturer: SEMICO
[   10.322987] input: SEMICO USB Keyboard as /devices/pci0000:00/0000:00:10.0/usb4/4-2/4-2:1.0/0003:1A2C:4D7E.0002/input/input4
[   10.373728] hid-generic 0003:1A2C:4D7E.0002: input,hidraw1: USB HID v1.10 Keyboard [SEMICO USB Keyboard] on usb-0000:00:10.0-2/input0
[   10.400384] input: SEMICO USB Keyboard Consumer Control as /devices/pci0000:00/0000:00:10.0/usb4/4-2/4-2:1.1/0003:1A2C:4D7E.0003/input/input5
[   10.450636] input: SEMICO USB Keyboard System Control as /devices/pci0000:00/0000:00:10.0/usb4/4-2/4-2:1.1/0003:1A2C:4D7E.0003/input/input6
[   10.450689] input: SEMICO USB Keyboard as /devices/pci0000:00/0000:00:10.0/usb4/4-2/4-2:1.1/0003:1A2C:4D7E.0003/input/input8
[   10.450834] hid-generic 0003:1A2C:4D7E.0003: input,hiddev96,hidraw2: USB HID v1.10 Keyboard [SEMICO USB Keyboard] on usb-0000:00:10.0-2/input1
[   10.552522] random: crng init done
[   10.742230] stage-1-init: [Sat Jan 31 19:18:06 UTC 2026] checking /dev/disk/by-uuid/5fd60cc2-b325-4f36-9a44-5b45299bf0a7...
[   10.743420] stage-1-init: [Sat Jan 31 19:18:06 UTC 2026] fsck (busybox 1.36.1)
[   10.744779] stage-1-init: [Sat Jan 31 19:18:06 UTC 2026] [fsck.xfs (1) -- /mnt-root/] fsck.xfs -a /dev/disk/by-uuid/5fd60cc2-b325-4f36-9a44-5b45299bf0a7
[   10.746351] stage-1-init: [Sat Jan 31 19:18:06 UTC 2026] /nix/store/m6x881jksdk3q66qncbdy4k0a96jblpq-extra-utils/bin/fsck.xfs: XFS file system.
[   11.664870] SGI XFS with ACLs, security attributes, realtime, scrub, repair, quota, no debug enabled
[   11.668029] XFS (sda2): Mounting V5 Filesystem 5fd60cc2-b325-4f36-9a44-5b45299bf0a7
[   11.686385] XFS (sda2): Ending clean mount
[   11.929322] booting system configuration /nix/store/h4p8g6w63v3brllmvqv8qv73h92qmlvj-nixos-system-nixxin-26.05.20251208.addf7cf
[   11.971708] stage-2-init: running activation script...
[   12.346449] stage-2-init: setting up /etc...
[   12.712067] systemd[1]: Inserted module 'autofs4'
[   13.213750] systemd[1]: systemd 258.2 running in system mode (+PAM +AUDIT -SELINUX +APPARMOR +IMA +IPE +SMACK +SECCOMP +GCRYPT -GNUTLS +OPENSSL +ACL +BLKID +CURL +ELFUTILS +FIDO2 +IDN2 -IDN -IPTC +KMOD +LIBCRYPTSETUP +LIBCRYPTSETUP_PLUGINS +LIBFDISK +PCRE2 +PWQUALITY +P11KIT +QRENCODE +TPM2 +BZIP2 +LZ4 +XZ +ZLIB +ZSTD +BPF_FRAMEWORK -BTF -XKBCOMMON +UTMP -SYSVINIT +LIBARCHIVE)
[   13.213764] systemd[1]: Detected architecture x86-64.
[   13.217721] systemd[1]: Hostname set to <nixxin>.
[   13.349281] systemd[1]: bpf-restrict-fs: LSM BPF program attached
[   13.378607] systemd-gpt-auto-generator[429]: EFI loader partition unknown, not processing /.
[   13.378619] systemd-gpt-auto-generator[429]: (The boot loader did not set EFI variable LoaderDevicePartUUID.)
[   13.414618] zram: Added device: zram0
[   13.731734] systemd[1]: /etc/systemd/system/cups.socket:5: ListenStream= references a path below legacy directory /var/run/, updating /var/run/cups/cups.sock  /run/cups/cups.sock; please update the unit file accordingly.
[   13.745703] systemd[1]: Queued start job for default target Graphical Interface.
[   13.760685] systemd[1]: Created slice Virtual Machine and Container Slice.
[   13.762477] systemd[1]: Created slice Slice /system/modprobe.
[   13.763325] systemd[1]: Created slice Slice /system/systemd-fsck.
[   13.764046] systemd[1]: Created slice Slice /system/systemd-zram-setup.
[   13.764628] systemd[1]: Created slice User and Session Slice.
[   13.764661] systemd[1]: Dispatch Password Requests to Console Directory Watch was skipped because of an unmet condition check (ConditionPathExists=!/run/plymouth/pid).
[   13.764799] systemd[1]: Started Forward Password Requests to Plymouth Directory Watch.
[   13.764850] systemd[1]: Started Forward Password Requests to Wall Directory Watch.
[   13.765078] systemd[1]: Set up automount Arbitrary Executable File Formats File System Automount Point.
[   13.765109] systemd[1]: Expecting device /dev/disk/by-uuid/386568e5-b764-4b52-bd15-bca3408a3ce7...
[   13.765122] systemd[1]: Expecting device /dev/disk/by-uuid/C560-51F7...
[   13.765135] systemd[1]: Expecting device /dev/disk/by-uuid/d7a6af5d-3e8c-4816-b4fd-306107bbd9bf...
[   13.765145] systemd[1]: Expecting device /dev/disk/by-uuid/f532f234-9e5a-4c3e-a788-dada20ea6c56...
[   13.765157] systemd[1]: Expecting device /dev/input/mice...
[   13.765169] systemd[1]: Expecting device /dev/zram0...
[   13.765185] systemd[1]: Reached target Local Encrypted Volumes.
[   13.765213] systemd[1]: Reached target Login Prompts.
[   13.765236] systemd[1]: Reached target Virtual Machines and Containers.
[   13.765305] systemd[1]: Reached target Path Units.
[   13.765331] systemd[1]: Reached target Remote File Systems.
[   13.765351] systemd[1]: Reached target Slice Units.
[   13.765385] systemd[1]: Reached target libvirt guests shutdown target.
[   13.767566] systemd[1]: Listening on Process Core Dump Socket.
[   13.768849] systemd[1]: Listening on Credential Encryption/Decryption.
[   13.770505] systemd[1]: Journal Audit Socket was skipped because of an unmet condition check (ConditionSecurity=audit).
[   13.770712] systemd[1]: Listening on Journal Socket (/dev/log).
[   13.770838] systemd[1]: Listening on Journal Sockets.
[   13.770882] systemd[1]: Make TPM PCR Policy was skipped because of an unmet condition check (ConditionSecurity=measured-uki).
[   13.770965] systemd[1]: Listening on udev Control Socket.
[   13.771039] systemd[1]: Listening on udev Kernel Socket.
[   13.788739] systemd[1]: Mounting /dev/binderfs...
[   13.790586] systemd[1]: Mounting Huge Pages File System...
[   13.792191] systemd[1]: Mounting POSIX Message Queue File System...
[   13.794138] systemd[1]: Mounting Kernel Debug File System...
[   13.802012] systemd[1]: Mounting Kernel Trace File System...
[   13.807864] systemd[1]: Starting Create List of Static Device Nodes...
[   13.812706] systemd[1]: Starting Load Kernel Module configfs...
[   13.812798] systemd[1]: Load Kernel Module drm was skipped because of an unmet condition check (ConditionKernelModuleLoaded=!drm).
[   13.814875] systemd[1]: Starting Load Kernel Module efi_pstore...
[   13.816967] systemd[1]: Starting Load Kernel Module fuse...
[   13.825648] systemd[1]: Started Forward Password Requests to Plymouth.
[   13.828418] systemd[1]: File System Check on Root Device was skipped because of an unmet condition check (ConditionPathIsReadWrite=!/).
[   13.828489] systemd[1]: Clear Stale Hibernate Storage Info was skipped because of an unmet condition check (ConditionPathExists=/sys/firmware/efi/efivars/HibernateLocation-8cf2644b-4b0b-428f-9387-6d876050dc67).
[   13.830870] systemd[1]: Starting Journal Service...
[   13.833164] systemd[1]: Starting Load Kernel Modules...
[   13.835182] systemd[1]: Starting Remount Root and Kernel File Systems...
[   13.835266] systemd[1]: Early TPM SRK Setup was skipped because of an unmet condition check (ConditionSecurity=measured-uki).
[   13.839643] systemd[1]: Starting Coldplug All udev Devices...
[   13.863145] systemd[1]: Finished Create List of Static Device Nodes.
[   13.864928] systemd[1]: Starting Create Static Device Nodes in /dev gracefully...
[   13.933439] systemd[1]: Mounted /dev/binderfs.
[   13.933759] pstore: Using crash dump compression: deflate
[   13.937931] systemd[1]: Mounted Huge Pages File System.
[   13.938083] systemd[1]: Mounted POSIX Message Queue File System.
[   13.938203] systemd[1]: Mounted Kernel Debug File System.
[   13.938330] systemd[1]: Mounted Kernel Trace File System.
[   13.963134] systemd[1]: modprobe@configfs.service: Deactivated successfully.
[   13.964066] systemd[1]: Finished Load Kernel Module configfs.
[   13.968318] fuse: init (API version 7.45)
[   13.969976] systemd[1]: Mounting Kernel Configuration File System...
[   13.974051] systemd[1]: modprobe@fuse.service: Deactivated successfully.
[   13.974461] systemd[1]: Finished Load Kernel Module fuse.
[   13.979105] systemd[1]: Finished Remount Root and Kernel File Systems.
[   13.985031] systemd[1]: Starting Load/Save OS Random Seed...
[   13.989926] systemd-journald[461]: Collecting audit messages is disabled.
[   14.000531] systemd[1]: Starting Network Time Synchronization...
[   14.001312] systemd[1]: TPM SRK Setup was skipped because of an unmet condition check (ConditionSecurity=measured-uki).
[   14.008269] systemd[1]: Mounted Kernel Configuration File System.
[   14.013891] systemd[1]: Finished Create Static Device Nodes in /dev gracefully.
[   14.021965] systemd[1]: Starting Create Static Device Nodes in /dev...
[   14.028006] i2c_dev: i2c /dev entries driver
[   14.051841] pstore: Registered efi_pstore as persistent store backend
[   14.052928] systemd[1]: modprobe@efi_pstore.service: Deactivated successfully.
[   14.053355] systemd[1]: Finished Load Kernel Module efi_pstore.
[   14.053615] systemd[1]: Platform Persistent Storage Archival was skipped because of an unmet condition check (ConditionDirectoryNotEmpty=/sys/fs/pstore).
[   14.076991] systemd[1]: Finished Create Static Device Nodes in /dev.
[   14.077134] systemd[1]: Reached target Preparation for Local File Systems.
[   14.080616] systemd[1]: Starting Rule-based Manager for Device Events and Files...
[   14.081980] systemd[1]: Finished Load/Save OS Random Seed.
[   14.082115] systemd[1]: First Boot Complete was skipped because of an unmet condition check (ConditionFirstBoot=yes).
[   14.142474] systemd[1]: Started Journal Service.
[   14.230637] systemd-journald[461]: Received client request to flush runtime journal.
[   14.258866] kvm_amd: TSC scaling supported
[   14.258874] kvm_amd: Nested Virtualization enabled
[   14.258876] kvm_amd: Nested Paging enabled
[   14.258878] kvm_amd: LBR virtualization supported
[   14.276870] loop: module loaded
[   14.289772] tun: Universal TUN/TAP device driver, 1.6
[   14.425062] zram0: detected capacity change from 0 to 10409784
[   14.471537] input: Power Button as /devices/LNXSYSTM:00/LNXSYBUS:00/PNP0C0C:00/input/input9
[   14.485147] ACPI: button: Power Button [PWRB]
[   14.485304] input: Power Button as /devices/LNXSYSTM:00/LNXPWRBN:00/input/input10
[   14.506216] ACPI: button: Power Button [PWRF]
[   14.537269] tpm_tis 00:07: 1.2 TPM (device-id 0x1A, rev-id 16)
[   14.573072] Adding 5204888k swap on /dev/zram0.  Priority:100 extents:1 across:5204888k SSDsc
[   14.573687] rtc_cmos 00:00: RTC can wake from S4
[   14.574228] rtc_cmos 00:00: registered as rtc0
[   14.574291] rtc_cmos 00:00: setting system clock to 2026-01-31T19:18:10 UTC (1769887090)
[   14.575895] rtc_cmos 00:00: alarms up to one month, 114 bytes nvram
[   14.619509] raid6: sse2x4   gen()  9366 MB/s
[   14.636508] raid6: sse2x2   gen()  7937 MB/s
[   14.653508] raid6: sse2x1   gen()  6832 MB/s
[   14.653517] raid6: using algorithm sse2x4 gen() 9366 MB/s
[   14.670502] raid6: .... xor() 2228 MB/s, rmw enabled
[   14.670510] raid6: using ssse3x2 recovery algorithm
[   14.680791] xor: automatically using best checksumming function   avx       
[   14.737895] mousedev: PS/2 mouse device common for all mice
[   14.798960] ACPI Warning: SystemIO range 0x0000000000000B00-0x0000000000000B08 conflicts with OpRegion 0x0000000000000B00-0x0000000000000B06 (\_SB.PCI0.SMBS.SMBO) (20250807/utaddress-204)
[   14.798974] ACPI: OSL: Resource conflict; ACPI support missing from driver?
[   14.802993] pps_core: LinuxPPS API ver. 1 registered
[   14.803000] pps_core: Software ver. 5.3.6 - Copyright 2005-2007 Rodolfo Giometti <giometti@linux.it>
[   14.803216] acpi_cpufreq: overriding BIOS provided _PSD data
[   14.805834] snd_hda_intel 0000:00:01.1: Force to non-snoop mode
[   14.970658] snd_hda_intel 0000:00:01.1: bound 0000:00:01.0 (ops amdgpu_dm_audio_component_bind_ops [amdgpu])
[   14.972458] sp5100_tco: SP5100/SB800 TCO WatchDog Timer Driver
[   14.972768] sp5100-tco sp5100-tco: Using 0xfed80b00 for watchdog MMIO address
[   14.973421] sp5100-tco sp5100-tco: initialized. heartbeat=60 sec (nowayout=0)
[   14.975450] PTP clock support registered
[   14.975575] Btrfs loaded, zoned=yes, fsverity=no
[   14.999817] snd_hda_codec_alc269 hdaudioC1D0: ALC221: picked fixup  for PCI SSID 103c:0000
[   15.000220] snd_hda_codec_alc269 hdaudioC1D0: autoconfig for ALC221: line_outs=1 (0x14/0x0/0x0/0x0/0x0) type:line
[   15.000224] snd_hda_codec_alc269 hdaudioC1D0:    speaker_outs=0 (0x0/0x0/0x0/0x0/0x0)
[   15.000227] snd_hda_codec_alc269 hdaudioC1D0:    hp_outs=1 (0x21/0x0/0x0/0x0/0x0)
[   15.000235] snd_hda_codec_alc269 hdaudioC1D0:    mono: mono_out=0x0
[   15.000237] snd_hda_codec_alc269 hdaudioC1D0:    inputs:
[   15.000239] snd_hda_codec_alc269 hdaudioC1D0:      Mic=0x1a
[   15.000241] snd_hda_codec_alc269 hdaudioC1D0:      Line=0x1b
[   15.024597] input: HDA ATI HDMI HDMI/DP,pcm=3 as /devices/pci0000:00/0000:00:01.1/sound/card0/input11
[   15.031947] input: HDA ATI HDMI HDMI/DP,pcm=7 as /devices/pci0000:00/0000:00:01.1/sound/card0/input12
[   15.032189] input: HDA ATI HDMI HDMI/DP,pcm=8 as /devices/pci0000:00/0000:00:01.1/sound/card0/input13
[   15.040747] input: HDA ATI HDMI HDMI/DP,pcm=9 as /devices/pci0000:00/0000:00:01.1/sound/card0/input14
[   15.043622] EDAC MC: Ver: 3.0.0
[   15.102006] MCE: In-kernel MCE decoding enabled.
[   15.143556] tg3 0000:03:00.0 eth0: Tigon3 [partno(BCM95762) rev 5762100] (PCI Express) MAC address fc:3f:db:03:22:19
[   15.143567] tg3 0000:03:00.0 eth0: attached PHY is 5762C (10/100/1000Base-T Ethernet) (WireSpeed[1], EEE[1])
[   15.143570] tg3 0000:03:00.0 eth0: RXcsums[1] LinkChgREG[0] MIirq[0] ASF[0] TSOcap[1]
[   15.143574] tg3 0000:03:00.0 eth0: dma_rwctrl[00000001] dma_mask[64-bit]
[   15.198421] input: HDA Digital PCBeep as /devices/pci0000:00/0000:00:14.2/sound/card1/input16
[   15.198549] input: HD-Audio Generic Mic as /devices/pci0000:00/0000:00:14.2/sound/card1/input17
[   15.198629] input: HD-Audio Generic Line as /devices/pci0000:00/0000:00:14.2/sound/card1/input18
[   15.198719] input: HD-Audio Generic Line Out as /devices/pci0000:00/0000:00:14.2/sound/card1/input19
[   15.198795] input: HD-Audio Generic Front Headphone as /devices/pci0000:00/0000:00:14.2/sound/card1/input20
[   15.887638] BTRFS: device label SSDisk devid 1 transid 1593 /dev/sda3 (8:3) scanned by mount (697)
[   15.888170] BTRFS: device label Media devid 1 transid 25585 /dev/sdb1 (8:17) scanned by mount (700)
[   15.888576] BTRFS: device label Data devid 1 transid 168723 /dev/sdc1 (8:33) scanned by mount (699)
[   15.888776] BTRFS info (device sda3): first mount of filesystem d7a6af5d-3e8c-4816-b4fd-306107bbd9bf
[   15.889353] BTRFS info (device sdc1): first mount of filesystem 386568e5-b764-4b52-bd15-bca3408a3ce7
[   15.890213] BTRFS info (device sdb1): first mount of filesystem f532f234-9e5a-4c3e-a788-dada20ea6c56
[   15.894001] BTRFS info (device sdb1): using crc32c (crc32c-lib) checksum algorithm
[   15.894759] BTRFS info (device sdc1): using crc32c (crc32c-lib) checksum algorithm
[   15.895659] BTRFS info (device sda3): using crc32c (crc32c-lib) checksum algorithm
[   15.931068] BTRFS info (device sda3): enabling ssd optimizations
[   15.931078] BTRFS info (device sda3): turning on async discard
[   15.931081] BTRFS info (device sda3): enabling free space tree
[   15.931083] BTRFS info (device sda3): use zstd compression, level 3
[   16.018588] BTRFS info (device sdc1): bdev /dev/sdc1 errs: wr 0, rd 0, flush 0, corrupt 3, gen 0
[   16.679326] sched_ext: BPF scheduler "bpfland_1.0.19_x86_64_unknown_linux_gnu" enabled
[   16.691816] BTRFS info (device sdb1): enabling free space tree
[   16.691825] BTRFS info (device sdb1): use zstd compression, level 3
[   19.455500] BTRFS info (device sdc1): enabling free space tree
[   19.455510] BTRFS info (device sdc1): use zstd compression, level 3
[   20.169248] bridge: filtering via arp/ip/ip6tables is no longer available by default. Update your scripts to load br_netfilter if you need this.
[   20.200423] podman0: port 1(veth0) entered blocking state
[   20.200433] podman0: port 1(veth0) entered disabled state
[   20.200444] veth0: entered allmulticast mode
[   20.200685] veth0: entered promiscuous mode
[   20.201633] podman0: port 1(veth0) entered blocking state
[   20.201638] podman0: port 1(veth0) entered forwarding state
[   24.896242] fbcon: Taking over console
[   24.906675] Console: switching to colour frame buffer device 240x67
