Mar 05 01:27:36 nixxin kernel: Linux version 6.18.0-zen1 (nixbld@localhost) (gcc (GCC) 14.3.0, GNU ld (GNU Binutils) 2.44) #1-NixOS ZEN SMP PREEMPT_DYNAMIC Tue Jan  1 00:00:00 UTC 1980
Mar 05 01:27:36 nixxin kernel: Command line: BOOT_IMAGE=(hd0,gpt1)//kernels/wka79msdzqphqr48nlw03fxldfz3s2c9-linux-zen-6.18-bzImage init=/nix/store/zwx19j2cfkcw4yr42lr91gagka5bbac3-nixos-system-nixxin-26.05.20251208.addf7cf/init radeon.si_support=0 amdgpu.si_support=1 radeon.cik_support=0 amdgpu.cik_support=1 amdgpu.vm_fragment_size=9 amdgpu.bapm=1 amdgpu.aspm=0 amdgpu.runpm=0 radeon.dpm=0 amdgpu.dpm=1 amdgpu.abmlevel=0 amdgpu.vm_update_mode=3 amdgpu.dcdebugmask=0x10 amdgpu.modeset=1 amdgpu.dc=1 amd_prefcore=disable amdgpu.audio=0 amdgpu.ppfeaturemask=0xffffffff amdgpu.dcfeaturemask=0xffffffff acpi=copy_dsdt acpi_apic_instance=1 acpi_force_32bit_fadt_addr acpi_enforce_resources=lax acpi_osi=Linux pti=off intremap=off audit=0 random.trust_cpu=on tsc=reliable clocksource=tsc no_timer_check align_va_addr=on idle=poll iommu=pt usbcore.autosuspend=-1 noresume fbcon=nodefer vt.global_cursor_default=0 logo.nologo accept_memory=eager workqueue.power_efficient=0 unaligned_scalar_speed=fast skew_tick=1 threadirqs tpm.disable_pcr_integrity=1 preem
Mar 05 01:27:36 nixxin kernel: BIOS-provided physical RAM map:
Mar 05 01:27:36 nixxin kernel: BIOS-e820: [mem 0x0000000000000000-0x000000000008efff] usable
Mar 05 01:27:36 nixxin kernel: BIOS-e820: [mem 0x000000000008f000-0x000000000008ffff] reserved
Mar 05 01:27:36 nixxin kernel: BIOS-e820: [mem 0x0000000000090000-0x000000000009ffff] usable
Mar 05 01:27:36 nixxin kernel: BIOS-e820: [mem 0x0000000000100000-0x000000005e719fff] usable
Mar 05 01:27:36 nixxin kernel: BIOS-e820: [mem 0x000000005e71a000-0x000000005e71afff] reserved
Mar 05 01:27:36 nixxin kernel: BIOS-e820: [mem 0x000000005e71b000-0x000000005e845fff] usable
Mar 05 01:27:36 nixxin kernel: BIOS-e820: [mem 0x000000005e846000-0x000000005e846fff] reserved
Mar 05 01:27:36 nixxin kernel: BIOS-e820: [mem 0x000000005e847000-0x000000006df49fff] usable
Mar 05 01:27:36 nixxin kernel: BIOS-e820: [mem 0x000000006df4a000-0x000000006df4afff] ACPI data
Mar 05 01:27:36 nixxin kernel: BIOS-e820: [mem 0x000000006df4b000-0x00000000751cdfff] usable
Mar 05 01:27:36 nixxin kernel: BIOS-e820: [mem 0x00000000751ce000-0x00000000751cefff] ACPI data
Mar 05 01:27:36 nixxin kernel: BIOS-e820: [mem 0x00000000751cf000-0x000000007dacefff] usable
Mar 05 01:27:36 nixxin kernel: BIOS-e820: [mem 0x000000007dacf000-0x000000007e8cefff] reserved
Mar 05 01:27:36 nixxin kernel: BIOS-e820: [mem 0x000000007e8cf000-0x000000007efcefff] ACPI NVS
Mar 05 01:27:36 nixxin kernel: BIOS-e820: [mem 0x000000007efcf000-0x000000007effefff] ACPI data
Mar 05 01:27:36 nixxin kernel: BIOS-e820: [mem 0x000000007efff000-0x000000007effffff] usable
Mar 05 01:27:36 nixxin kernel: BIOS-e820: [mem 0x00000000e0000000-0x00000000efffffff] reserved
Mar 05 01:27:36 nixxin kernel: BIOS-e820: [mem 0x00000000fec00000-0x00000000fec00fff] reserved
Mar 05 01:27:36 nixxin kernel: BIOS-e820: [mem 0x00000000fec10000-0x00000000fec10fff] reserved
Mar 05 01:27:36 nixxin kernel: BIOS-e820: [mem 0x00000000fed80000-0x00000000fed80fff] reserved
Mar 05 01:27:36 nixxin kernel: BIOS-e820: [mem 0x00000000fee00000-0x00000000fee00fff] reserved
Mar 05 01:27:36 nixxin kernel: BIOS-e820: [mem 0x00000000ff7f1000-0x00000000ff7f1fff] reserved
Mar 05 01:27:36 nixxin kernel: BIOS-e820: [mem 0x00000000ff800000-0x00000000ffffffff] reserved
Mar 05 01:27:36 nixxin kernel: BIOS-e820: [mem 0x0000000100000000-0x00000004bfffffff] usable
Mar 05 01:27:36 nixxin kernel: ACPI: Shall use APIC/MADT table 1
Mar 05 01:27:36 nixxin kernel: ACPI: Forcing 32 Bit FADT addresses
Mar 05 01:27:36 nixxin kernel: process: using polling idle threads
Mar 05 01:27:36 nixxin kernel: NX (Execute Disable) protection: active
Mar 05 01:27:36 nixxin kernel: APIC: Static calls initialized
Mar 05 01:27:36 nixxin kernel: efi: EFI v2.4 by HP
Mar 05 01:27:36 nixxin kernel: efi: ACPI 2.0=0x7effe014 SMBIOS=0x7e1cb000 ESRT=0x7e1b2f98 INITRD=0x751cde18 
Mar 05 01:27:36 nixxin kernel: efi: Remove mem36: MMIO range=[0xe0000000-0xefffffff] (256MB) from e820 map
Mar 05 01:27:36 nixxin kernel: e820: remove [mem 0xe0000000-0xefffffff] reserved
Mar 05 01:27:36 nixxin kernel: efi: Not removing mem37: MMIO range=[0xfec00000-0xfec00fff] (4KB) from e820 map
Mar 05 01:27:36 nixxin kernel: efi: Not removing mem38: MMIO range=[0xfec10000-0xfec10fff] (4KB) from e820 map
Mar 05 01:27:36 nixxin kernel: efi: Not removing mem39: MMIO range=[0xfed80000-0xfed80fff] (4KB) from e820 map
Mar 05 01:27:36 nixxin kernel: efi: Not removing mem40: MMIO range=[0xfee00000-0xfee00fff] (4KB) from e820 map
Mar 05 01:27:36 nixxin kernel: efi: Not removing mem41: MMIO range=[0xff7f1000-0xff7f1fff] (4KB) from e820 map
Mar 05 01:27:36 nixxin kernel: efi: Remove mem42: MMIO range=[0xff800000-0xffffffff] (8MB) from e820 map
Mar 05 01:27:36 nixxin kernel: e820: remove [mem 0xff800000-0xffffffff] reserved
Mar 05 01:27:36 nixxin kernel: SMBIOS 2.7 present.
Mar 05 01:27:36 nixxin kernel: DMI: HP HP EliteDesk 705 G2 SFF/805A, BIOS N06 Ver. 02.52 04/11/2022
Mar 05 01:27:36 nixxin kernel: DMI: Memory slots populated: 4/4
Mar 05 01:27:36 nixxin kernel: tsc: Fast TSC calibration using PIT
Mar 05 01:27:36 nixxin kernel: tsc: Detected 3193.907 MHz processor
Mar 05 01:27:36 nixxin kernel: e820: update [mem 0x00000000-0x00000fff] usable ==> reserved
Mar 05 01:27:36 nixxin kernel: e820: remove [mem 0x000a0000-0x000fffff] usable
Mar 05 01:27:36 nixxin kernel: last_pfn = 0x4c0000 max_arch_pfn = 0x400000000
Mar 05 01:27:36 nixxin kernel: MTRR map: 6 entries (3 fixed + 3 variable; max 20), built from 9 variable MTRRs
Mar 05 01:27:36 nixxin kernel: x86/PAT: Configuration [0-7]: WB  WC  UC- UC  WB  WP  UC- WT  
Mar 05 01:27:36 nixxin kernel: last_pfn = 0x7f000 max_arch_pfn = 0x400000000
Mar 05 01:27:36 nixxin kernel: esrt: Reserving ESRT space from 0x000000007e1b2f98 to 0x000000007e1b2fd0.
Mar 05 01:27:36 nixxin kernel: Using GB pages for direct mapping
Mar 05 01:27:36 nixxin kernel: Secure boot disabled
Mar 05 01:27:36 nixxin kernel: RAMDISK: [mem 0x6df5b000-0x7158ffff]
Mar 05 01:27:36 nixxin kernel: ACPI: DSDT ACPI table found in initrd [kernel/firmware/acpi/dsdt.aml][0xde26]
Mar 05 01:27:36 nixxin kernel: modified physical RAM map:
Mar 05 01:27:36 nixxin kernel: modified: [mem 0x0000000000000000-0x0000000000000fff] reserved
Mar 05 01:27:36 nixxin kernel: modified: [mem 0x0000000000001000-0x000000000008efff] usable
Mar 05 01:27:36 nixxin kernel: modified: [mem 0x000000000008f000-0x000000000008ffff] reserved
Mar 05 01:27:36 nixxin kernel: modified: [mem 0x0000000000090000-0x000000000009ffff] usable
Mar 05 01:27:36 nixxin kernel: modified: [mem 0x0000000000100000-0x000000005e719fff] usable
Mar 05 01:27:36 nixxin kernel: modified: [mem 0x000000005e71a000-0x000000005e71afff] reserved
Mar 05 01:27:36 nixxin kernel: modified: [mem 0x000000005e71b000-0x000000005e845fff] usable
Mar 05 01:27:36 nixxin kernel: modified: [mem 0x000000005e846000-0x000000005e846fff] reserved
Mar 05 01:27:36 nixxin kernel: modified: [mem 0x000000005e847000-0x000000006df49fff] usable
Mar 05 01:27:36 nixxin kernel: modified: [mem 0x000000006df4a000-0x000000006df4afff] ACPI data
Mar 05 01:27:36 nixxin kernel: modified: [mem 0x000000006df4b000-0x00000000751cdfff] usable
Mar 05 01:27:36 nixxin kernel: modified: [mem 0x00000000751ce000-0x00000000751cefff] ACPI data
Mar 05 01:27:36 nixxin kernel: modified: [mem 0x00000000751cf000-0x000000007d0e5fff] usable
Mar 05 01:27:36 nixxin kernel: modified: [mem 0x000000007d0e6000-0x000000007d0f3e25] ACPI NVS
Mar 05 01:27:36 nixxin kernel: modified: [mem 0x000000007d0f3e26-0x000000007dacefff] usable
Mar 05 01:27:36 nixxin kernel: modified: [mem 0x000000007dacf000-0x000000007e8cefff] reserved
Mar 05 01:27:36 nixxin kernel: modified: [mem 0x000000007e8cf000-0x000000007efcefff] ACPI NVS
Mar 05 01:27:36 nixxin kernel: modified: [mem 0x000000007efcf000-0x000000007effefff] ACPI data
Mar 05 01:27:36 nixxin kernel: modified: [mem 0x000000007efff000-0x000000007effffff] usable
Mar 05 01:27:36 nixxin kernel: modified: [mem 0x00000000fec00000-0x00000000fec00fff] reserved
Mar 05 01:27:36 nixxin kernel: modified: [mem 0x00000000fec10000-0x00000000fec10fff] reserved
Mar 05 01:27:36 nixxin kernel: modified: [mem 0x00000000fed80000-0x00000000fed80fff] reserved
Mar 05 01:27:36 nixxin kernel: modified: [mem 0x00000000fee00000-0x00000000fee00fff] reserved
Mar 05 01:27:36 nixxin kernel: modified: [mem 0x00000000ff7f1000-0x00000000ff7f1fff] reserved
Mar 05 01:27:36 nixxin kernel: modified: [mem 0x0000000100000000-0x00000004bfffffff] usable
Mar 05 01:27:36 nixxin kernel: ACPI: Early table checksum verification disabled
Mar 05 01:27:36 nixxin kernel: ACPI: RSDP 0x000000007EFFE014 000024 (v02 HPQOEM)
Mar 05 01:27:36 nixxin kernel: ACPI: XSDT 0x000000007EFFE120 0000AC (v01 HPQOEM SLIC-BPC 00000001      01000013)
Mar 05 01:27:36 nixxin kernel: ACPI: FACP 0x000000007EFFC000 0000F4 (v04 HPQOEM SLIC-BPC 00000001 HP   00000001)
Mar 05 01:27:36 nixxin kernel: ACPI: Table Upgrade: override [DSDT-HPQOEM-805A    ]
Mar 05 01:27:36 nixxin kernel: ACPI: DSDT 0x000000007EFE7000 Physical table override, new table: 0x000000007D0E6000
Mar 05 01:27:36 nixxin kernel: ACPI: DSDT 0x000000007D0E6000 00DE26 (v02 HPQOEM 805A     00000001 INTL 20250807)
Mar 05 01:27:36 nixxin kernel: ACPI: FACS 0x000000007EF88000 000040
Mar 05 01:27:36 nixxin kernel: ACPI: UEFI 0x000000007EFFD000 000042 (v01                 00000000      00000000)
Mar 05 01:27:36 nixxin kernel: ACPI: MSDM 0x000000007EFFB000 000055 (v03 HPQOEM SLIC-BPC 00000000 HP   00000001)
Mar 05 01:27:36 nixxin kernel: ACPI: SLIC 0x000000007EFFA000 000176 (v01 HPQOEM SLIC-BPC 00000001 HP   00000001)
Mar 05 01:27:36 nixxin kernel: ACPI: WSMT 0x000000007EFF9000 000028 (v01 HPQOEM 805A     00000001 HP   00000001)
Mar 05 01:27:36 nixxin kernel: ACPI: ASF! 0x000000007EFF8000 00006E (v32 HPQOEM 805A     00000001 HP   00000001)
Mar 05 01:27:36 nixxin kernel: ACPI: HPET 0x000000007EFF7000 000038 (v01 HPQOEM 805A     00000001 HP   00000001)
Mar 05 01:27:36 nixxin kernel: ACPI: APIC 0x000000007EFF6000 000090 (v03 HPQOEM 805A     00000001 HP   00000001)
Mar 05 01:27:36 nixxin kernel: ACPI: MCFG 0x000000007EFF5000 00003C (v01 HPQOEM 805A     00000001 HP   00000001)
Mar 05 01:27:36 nixxin kernel: ACPI: SSDT 0x000000007EFE6000 000B9C (v01 AMD    BIANCHI  00000001 AMD  00000001)
Mar 05 01:27:36 nixxin kernel: ACPI: SSDT 0x000000007EFE5000 000346 (v02 AMD    BIANCHI  00000002 MSFT 04000000)
Mar 05 01:27:36 nixxin kernel: ACPI: IVRS 0x000000007EFE4000 000078 (v02 AMD    BIANCHI  00000001 AMD  00000000)
Mar 05 01:27:36 nixxin kernel: ACPI: SSDT 0x000000007EFE2000 0019DD (v01 HP     CPMDFIGP 00000001 INTL 20121018)
Mar 05 01:27:36 nixxin kernel: ACPI: VFCT 0x000000007EFD2000 00F684 (v01 HPQOEM SLIC-BPC 00000001 AMD  31504F47)
Mar 05 01:27:36 nixxin kernel: ACPI: SSDT 0x000000007EFD0000 0015EE (v01 AMD    CPMCMN   00000001 INTL 20121018)
Mar 05 01:27:36 nixxin kernel: ACPI: FPDT 0x000000007EFCF000 000044 (v01 HPQOEM EDK2     00000002      01000013)
Mar 05 01:27:36 nixxin kernel: ACPI: BGRT 0x00000000751CE000 000038 (v01 HPQOEM EDK2     00000002      01000013)
Mar 05 01:27:36 nixxin kernel: ACPI: Reserving FACP table memory at [mem 0x7effc000-0x7effc0f3]
Mar 05 01:27:36 nixxin kernel: ACPI: Reserving DSDT table memory at [mem 0x7d0e6000-0x7d0f3e25]
Mar 05 01:27:36 nixxin kernel: ACPI: Reserving FACS table memory at [mem 0x7ef88000-0x7ef8803f]
Mar 05 01:27:36 nixxin kernel: ACPI: Reserving UEFI table memory at [mem 0x7effd000-0x7effd041]
Mar 05 01:27:36 nixxin kernel: ACPI: Reserving MSDM table memory at [mem 0x7effb000-0x7effb054]
Mar 05 01:27:36 nixxin kernel: ACPI: Reserving SLIC table memory at [mem 0x7effa000-0x7effa175]
Mar 05 01:27:36 nixxin kernel: ACPI: Reserving WSMT table memory at [mem 0x7eff9000-0x7eff9027]
Mar 05 01:27:36 nixxin kernel: ACPI: Reserving ASF! table memory at [mem 0x7eff8000-0x7eff806d]
Mar 05 01:27:36 nixxin kernel: ACPI: Reserving HPET table memory at [mem 0x7eff7000-0x7eff7037]
Mar 05 01:27:36 nixxin kernel: ACPI: Reserving APIC table memory at [mem 0x7eff6000-0x7eff608f]
Mar 05 01:27:36 nixxin kernel: ACPI: Reserving MCFG table memory at [mem 0x7eff5000-0x7eff503b]
Mar 05 01:27:36 nixxin kernel: ACPI: Reserving SSDT table memory at [mem 0x7efe6000-0x7efe6b9b]
Mar 05 01:27:36 nixxin kernel: ACPI: Reserving SSDT table memory at [mem 0x7efe5000-0x7efe5345]
Mar 05 01:27:36 nixxin kernel: ACPI: Reserving IVRS table memory at [mem 0x7efe4000-0x7efe4077]
Mar 05 01:27:36 nixxin kernel: ACPI: Reserving SSDT table memory at [mem 0x7efe2000-0x7efe39dc]
Mar 05 01:27:36 nixxin kernel: ACPI: Reserving VFCT table memory at [mem 0x7efd2000-0x7efe1683]
Mar 05 01:27:36 nixxin kernel: ACPI: Reserving SSDT table memory at [mem 0x7efd0000-0x7efd15ed]
Mar 05 01:27:36 nixxin kernel: ACPI: Reserving FPDT table memory at [mem 0x7efcf000-0x7efcf043]
Mar 05 01:27:36 nixxin kernel: ACPI: Reserving BGRT table memory at [mem 0x751ce000-0x751ce037]
Mar 05 01:27:36 nixxin kernel: No NUMA configuration found
Mar 05 01:27:36 nixxin kernel: Faking a node at [mem 0x0000000000000000-0x00000004bfffffff]
Mar 05 01:27:36 nixxin kernel: NODE_DATA(0) allocated [mem 0x4bfffa780-0x4bffffcff]
Mar 05 01:27:36 nixxin kernel: Zone ranges:
Mar 05 01:27:36 nixxin kernel:   DMA      [mem 0x0000000000001000-0x0000000000ffffff]
Mar 05 01:27:36 nixxin kernel:   DMA32    [mem 0x0000000001000000-0x00000000ffffffff]
Mar 05 01:27:36 nixxin kernel:   Normal   [mem 0x0000000100000000-0x00000004bfffffff]
Mar 05 01:27:36 nixxin kernel:   Device   empty
Mar 05 01:27:36 nixxin kernel: Movable zone start for each node
Mar 05 01:27:36 nixxin kernel: Early memory node ranges
Mar 05 01:27:36 nixxin kernel:   node   0: [mem 0x0000000000001000-0x000000000008efff]
Mar 05 01:27:36 nixxin kernel:   node   0: [mem 0x0000000000090000-0x000000000009ffff]
Mar 05 01:27:36 nixxin kernel:   node   0: [mem 0x0000000000100000-0x000000005e719fff]
Mar 05 01:27:36 nixxin kernel:   node   0: [mem 0x000000005e71b000-0x000000005e845fff]
Mar 05 01:27:36 nixxin kernel:   node   0: [mem 0x000000005e847000-0x000000006df49fff]
Mar 05 01:27:36 nixxin kernel:   node   0: [mem 0x000000006df4b000-0x00000000751cdfff]
Mar 05 01:27:36 nixxin kernel:   node   0: [mem 0x00000000751cf000-0x000000007dacefff]
Mar 05 01:27:36 nixxin kernel:   node   0: [mem 0x000000007efff000-0x000000007effffff]
Mar 05 01:27:36 nixxin kernel:   node   0: [mem 0x0000000100000000-0x00000004bfffffff]
Mar 05 01:27:36 nixxin kernel: Initmem setup node 0 [mem 0x0000000000001000-0x00000004bfffffff]
Mar 05 01:27:36 nixxin kernel: On node 0, zone DMA: 1 pages in unavailable ranges
Mar 05 01:27:36 nixxin kernel: On node 0, zone DMA: 1 pages in unavailable ranges
Mar 05 01:27:36 nixxin kernel: On node 0, zone DMA: 96 pages in unavailable ranges
Mar 05 01:27:36 nixxin kernel: On node 0, zone DMA32: 1 pages in unavailable ranges
Mar 05 01:27:36 nixxin kernel: On node 0, zone DMA32: 1 pages in unavailable ranges
Mar 05 01:27:36 nixxin kernel: On node 0, zone DMA32: 1 pages in unavailable ranges
Mar 05 01:27:36 nixxin kernel: On node 0, zone DMA32: 1 pages in unavailable ranges
Mar 05 01:27:36 nixxin kernel: On node 0, zone DMA32: 5424 pages in unavailable ranges
Mar 05 01:27:36 nixxin kernel: On node 0, zone Normal: 4096 pages in unavailable ranges
Mar 05 01:27:36 nixxin kernel: ACPI: PM-Timer IO Port: 0x408
Mar 05 01:27:36 nixxin kernel: ACPI: LAPIC_NMI (acpi_id[0x00] high edge lint[0x1])
Mar 05 01:27:36 nixxin kernel: ACPI: LAPIC_NMI (acpi_id[0x01] high edge lint[0x1])
Mar 05 01:27:36 nixxin kernel: ACPI: LAPIC_NMI (acpi_id[0x02] high edge lint[0x1])
Mar 05 01:27:36 nixxin kernel: ACPI: LAPIC_NMI (acpi_id[0x03] high edge lint[0x1])
Mar 05 01:27:36 nixxin kernel: IOAPIC[0]: apic_id 4, version 33, address 0xfec00000, GSI 0-23
Mar 05 01:27:36 nixxin kernel: IOAPIC[1]: apic_id 5, version 33, address 0xfec20000, GSI 24-55
Mar 05 01:27:36 nixxin kernel: ACPI: INT_SRC_OVR (bus 0 bus_irq 0 global_irq 2 dfl dfl)
Mar 05 01:27:36 nixxin kernel: ACPI: INT_SRC_OVR (bus 0 bus_irq 9 global_irq 9 low level)
Mar 05 01:27:36 nixxin kernel: ACPI: Using ACPI (MADT) for SMP configuration information
Mar 05 01:27:36 nixxin kernel: ACPI: HPET id: 0x10228210 base: 0xfed00000
Mar 05 01:27:36 nixxin kernel: e820: update [mem 0x7b116000-0x7b123fff] usable ==> reserved
Mar 05 01:27:36 nixxin kernel: CPU topo: Max. logical packages:   1
Mar 05 01:27:36 nixxin kernel: CPU topo: Max. logical dies:       1
Mar 05 01:27:36 nixxin kernel: CPU topo: Max. dies per package:   1
Mar 05 01:27:36 nixxin kernel: CPU topo: Max. threads per core:   1
Mar 05 01:27:36 nixxin kernel: CPU topo: Num. cores per package:     4
Mar 05 01:27:36 nixxin kernel: CPU topo: Num. threads per package:   4
Mar 05 01:27:36 nixxin kernel: CPU topo: Allowing 4 present CPUs plus 0 hotplug CPUs
Mar 05 01:27:36 nixxin kernel: PM: hibernation: Registered nosave memory: [mem 0x00000000-0x00000fff]
Mar 05 01:27:36 nixxin kernel: PM: hibernation: Registered nosave memory: [mem 0x0008f000-0x0008ffff]
Mar 05 01:27:36 nixxin kernel: PM: hibernation: Registered nosave memory: [mem 0x000a0000-0x000fffff]
Mar 05 01:27:36 nixxin kernel: PM: hibernation: Registered nosave memory: [mem 0x5e71a000-0x5e71afff]
Mar 05 01:27:36 nixxin kernel: PM: hibernation: Registered nosave memory: [mem 0x5e846000-0x5e846fff]
Mar 05 01:27:36 nixxin kernel: PM: hibernation: Registered nosave memory: [mem 0x6df4a000-0x6df4afff]
Mar 05 01:27:36 nixxin kernel: PM: hibernation: Registered nosave memory: [mem 0x751ce000-0x751cefff]
Mar 05 01:27:36 nixxin kernel: PM: hibernation: Registered nosave memory: [mem 0x7b116000-0x7b123fff]
Mar 05 01:27:36 nixxin kernel: PM: hibernation: Registered nosave memory: [mem 0x7d0e6000-0x7d0f3fff]
Mar 05 01:27:36 nixxin kernel: PM: hibernation: Registered nosave memory: [mem 0x7dacf000-0x7effefff]
Mar 05 01:27:36 nixxin kernel: PM: hibernation: Registered nosave memory: [mem 0x7f000000-0xffffffff]
Mar 05 01:27:36 nixxin kernel: [mem 0x7f000000-0xfebfffff] available for PCI devices
Mar 05 01:27:36 nixxin kernel: Booting paravirtualized kernel on bare hardware
Mar 05 01:27:36 nixxin kernel: clocksource: refined-jiffies: mask: 0xffffffff max_cycles: 0xffffffff, max_idle_ns: 1910969940391419 ns
Mar 05 01:27:36 nixxin kernel: setup_percpu: NR_CPUS:384 nr_cpumask_bits:4 nr_cpu_ids:4 nr_node_ids:1
Mar 05 01:27:36 nixxin kernel: percpu: Embedded 97 pages/cpu s274432 r8192 d114688 u524288
Mar 05 01:27:36 nixxin kernel: pcpu-alloc: s274432 r8192 d114688 u524288 alloc=1*2097152
Mar 05 01:27:36 nixxin kernel: pcpu-alloc: [0] 0 1 2 3 
Mar 05 01:27:36 nixxin kernel: Kernel command line: BOOT_IMAGE=(hd0,gpt1)//kernels/wka79msdzqphqr48nlw03fxldfz3s2c9-linux-zen-6.18-bzImage init=/nix/store/zwx19j2cfkcw4yr42lr91gagka5bbac3-nixos-system-nixxin-26.05.20251208.addf7cf/init radeon.si_support=0 amdgpu.si_support=1 radeon.cik_support=0 amdgpu.cik_support=1 amdgpu.vm_fragment_size=9 amdgpu.bapm=1 amdgpu.aspm=0 amdgpu.runpm=0 radeon.dpm=0 amdgpu.dpm=1 amdgpu.abmlevel=0 amdgpu.vm_update_mode=3 amdgpu.dcdebugmask=0x10 amdgpu.modeset=1 amdgpu.dc=1 amd_prefcore=disable amdgpu.audio=0 amdgpu.ppfeaturemask=0xffffffff amdgpu.dcfeaturemask=0xffffffff acpi=copy_dsdt acpi_apic_instance=1 acpi_force_32bit_fadt_addr acpi_enforce_resources=lax acpi_osi=Linux pti=off intremap=off audit=0 random.trust_cpu=on tsc=reliable clocksource=tsc no_timer_check align_va_addr=on idle=poll iommu=pt usbcore.autosuspend=-1 noresume fbcon=nodefer vt.global_cursor_default=0 logo.nologo accept_memory=eager workqueue.power_efficient=0 unaligned_scalar_speed=fast skew_tick=1 threadirqs tpm.disable_pcr_integrity=
Mar 05 01:27:36 nixxin kernel: audit: disabled (until reboot)
Mar 05 01:27:36 nixxin kernel: Dynamic Preempt: full
Mar 05 01:27:36 nixxin kernel: AMD-Vi: Unknown option - 'on'
Mar 05 01:27:36 nixxin kernel: PCIe ASPM is disabled
Mar 05 01:27:36 nixxin kernel: Unknown kernel command line parameters "splash splash unaligned_scalar_speed=fast big_root_window=on", will be passed to user space.
Mar 05 01:27:36 nixxin kernel: printk: log buffer data + meta data: 262144 + 917504 = 1179648 bytes
Mar 05 01:27:36 nixxin kernel: Dentry cache hash table entries: 4194304 (order: 13, 33554432 bytes, linear)
Mar 05 01:27:36 nixxin kernel: Inode-cache hash table entries: 2097152 (order: 12, 16777216 bytes, linear)
Mar 05 01:27:36 nixxin kernel: software IO TLB: area num 4.
Mar 05 01:27:36 nixxin kernel: Fallback order for Node 0: 0 
Mar 05 01:27:36 nixxin kernel: Built 1 zonelists, mobility grouping on.  Total pages: 4446826
Mar 05 01:27:36 nixxin kernel: Policy zone: Normal
Mar 05 01:27:36 nixxin kernel: mem auto-init: stack:all(zero), heap alloc:on, heap free:off
Mar 05 01:27:36 nixxin kernel: SLUB: HWalign=64, Order=0-3, MinObjects=0, CPUs=4, Nodes=1
Mar 05 01:27:36 nixxin kernel: allocated 35651584 bytes of page_ext
Mar 05 01:27:36 nixxin kernel: ftrace: allocating 47557 entries in 188 pages
Mar 05 01:27:36 nixxin kernel: ftrace: allocated 188 pages with 5 groups
Mar 05 01:27:36 nixxin kernel: rcu: Preemptible hierarchical RCU implementation.
Mar 05 01:27:36 nixxin kernel: rcu:         RCU event tracing is enabled.
Mar 05 01:27:36 nixxin kernel: rcu:         RCU restricting CPUs from NR_CPUS=384 to nr_cpu_ids=4.
Mar 05 01:27:36 nixxin kernel: rcu:         RCU priority boosting: priority 1 delay 500 ms.
Mar 05 01:27:36 nixxin kernel:         Trampoline variant of Tasks RCU enabled.
Mar 05 01:27:36 nixxin kernel:         Rude variant of Tasks RCU enabled.
Mar 05 01:27:36 nixxin kernel:         Tracing variant of Tasks RCU enabled.
Mar 05 01:27:36 nixxin kernel: rcu: RCU calculated value of scheduler-enlistment delay is 100 jiffies.
Mar 05 01:27:36 nixxin kernel: rcu: Adjusting geometry for rcu_fanout_leaf=16, nr_cpu_ids=4
Mar 05 01:27:36 nixxin kernel: RCU Tasks: Setting shift to 2 and lim to 1 rcu_task_cb_adjust=1 rcu_task_cpu_ids=4.
Mar 05 01:27:36 nixxin kernel: RCU Tasks Rude: Setting shift to 2 and lim to 1 rcu_task_cb_adjust=1 rcu_task_cpu_ids=4.
Mar 05 01:27:36 nixxin kernel: RCU Tasks Trace: Setting shift to 2 and lim to 1 rcu_task_cb_adjust=1 rcu_task_cpu_ids=4.
Mar 05 01:27:36 nixxin kernel: NR_IRQS: 24832, nr_irqs: 1000, preallocated irqs: 16
Mar 05 01:27:36 nixxin kernel: rcu: srcu_init: Setting srcu_struct sizes based on contention.
Mar 05 01:27:36 nixxin kernel: kfence: initialized - using 2097152 bytes for 255 objects at 0x(____ptrval____)-0x(____ptrval____)
Mar 05 01:27:36 nixxin kernel: Console: colour dummy device 80x25
Mar 05 01:27:36 nixxin kernel: printk: legacy console [tty0] enabled
Mar 05 01:27:36 nixxin kernel: ACPI: Core revision 20250807
Mar 05 01:27:36 nixxin kernel: clocksource: hpet: mask: 0xffffffff max_cycles: 0xffffffff, max_idle_ns: 133484873504 ns
Mar 05 01:27:36 nixxin kernel: APIC: Switch to symmetric I/O mode setup
Mar 05 01:27:36 nixxin kernel: ..TIMER: vector=0x30 apic1=0 pin1=2 apic2=-1 pin2=-1
Mar 05 01:27:36 nixxin kernel: clocksource: tsc-early: mask: 0xffffffffffffffff max_cycles: 0x2e09cddfbf0, max_idle_ns: 440795205524 ns
Mar 05 01:27:36 nixxin kernel: Calibrating delay loop (skipped), value calculated using timer frequency.. 6387.81 BogoMIPS (lpj=3193907)
Mar 05 01:27:36 nixxin kernel: LVT offset 1 assigned for vector 0xf9
Mar 05 01:27:36 nixxin kernel: Last level iTLB entries: 4KB 512, 2MB 1024, 4MB 512
Mar 05 01:27:36 nixxin kernel: Last level dTLB entries: 4KB 1024, 2MB 1024, 4MB 512, 1GB 0
Mar 05 01:27:36 nixxin kernel: mitigations: Enabled attack vectors: SMT mitigations: off
Mar 05 01:27:36 nixxin kernel: Speculative Store Bypass: Vulnerable
Mar 05 01:27:36 nixxin kernel: Spectre V2 : Vulnerable
Mar 05 01:27:36 nixxin kernel: RETBleed: Vulnerable
Mar 05 01:27:36 nixxin kernel: Spectre V1 : Vulnerable: __user pointer sanitization and usercopy barriers only; no swapgs barriers
Mar 05 01:27:36 nixxin kernel: x86/fpu: Supporting XSAVE feature 0x001: 'x87 floating point registers'
Mar 05 01:27:36 nixxin kernel: x86/fpu: Supporting XSAVE feature 0x002: 'SSE registers'
Mar 05 01:27:36 nixxin kernel: x86/fpu: Supporting XSAVE feature 0x004: 'AVX registers'
Mar 05 01:27:36 nixxin kernel: x86/fpu: xstate_offset[2]:  576, xstate_sizes[2]:  256
Mar 05 01:27:36 nixxin kernel: x86/fpu: Enabled xstate features 0x7, context size is 832 bytes, using 'standard' format.
Mar 05 01:27:36 nixxin kernel: Freeing SMP alternatives memory: 44K
Mar 05 01:27:36 nixxin kernel: pid_max: default: 32768 minimum: 301
Mar 05 01:27:36 nixxin kernel: LSM: initializing lsm=capability,landlock,yama,bpf
Mar 05 01:27:36 nixxin kernel: landlock: Up and running.
Mar 05 01:27:36 nixxin kernel: Yama: becoming mindful.
Mar 05 01:27:36 nixxin kernel: LSM support for eBPF active
Mar 05 01:27:36 nixxin kernel: Mount-cache hash table entries: 65536 (order: 7, 524288 bytes, linear)
Mar 05 01:27:36 nixxin kernel: Mountpoint-cache hash table entries: 65536 (order: 7, 524288 bytes, linear)
Mar 05 01:27:36 nixxin kernel: smpboot: CPU0: AMD PRO A8-8650B R7, 10 Compute Cores 4C+6G (family: 0x15, model: 0x38, stepping: 0x1)
Mar 05 01:27:36 nixxin kernel: Performance Events: Fam15h core perfctr, AMD PMU driver.
Mar 05 01:27:36 nixxin kernel: ... version:                   0
Mar 05 01:27:36 nixxin kernel: ... bit width:                 48
Mar 05 01:27:36 nixxin kernel: ... generic counters:          6
Mar 05 01:27:36 nixxin kernel: ... generic bitmap:            000000000000003f
Mar 05 01:27:36 nixxin kernel: ... fixed-purpose counters:    0
Mar 05 01:27:36 nixxin kernel: ... fixed-purpose bitmap:      0000000000000000
Mar 05 01:27:36 nixxin kernel: ... value mask:                0000ffffffffffff
Mar 05 01:27:36 nixxin kernel: ... max period:                00007fffffffffff
Mar 05 01:27:36 nixxin kernel: ... global_ctrl mask:          000000000000003f
Mar 05 01:27:36 nixxin kernel: signal: max sigframe size: 1776
Mar 05 01:27:36 nixxin kernel: rcu: Hierarchical SRCU implementation.
Mar 05 01:27:36 nixxin kernel: rcu:         Max phase no-delay instances is 400.
Mar 05 01:27:36 nixxin kernel: Timer migration: 1 hierarchy levels; 8 children per group; 1 crossnode level
Mar 05 01:27:36 nixxin kernel: NMI watchdog: Enabled. Permanently consumes one hw-PMU counter.
Mar 05 01:27:36 nixxin kernel: smp: Bringing up secondary CPUs ...
Mar 05 01:27:36 nixxin kernel: smpboot: x86: Booting SMP configuration:
Mar 05 01:27:36 nixxin kernel: .... node  #0, CPUs:      #1 #2 #3
Mar 05 01:27:36 nixxin kernel: smp: Brought up 1 node, 4 CPUs
Mar 05 01:27:36 nixxin kernel: smpboot: Total of 4 processors activated (25551.25 BogoMIPS)
Mar 05 01:27:36 nixxin kernel: Memory: 17240880K/17787304K available (16762K kernel code, 2677K rwdata, 13240K rodata, 3584K init, 2952K bss, 501460K reserved, 0K cma-reserved)
Mar 05 01:27:36 nixxin kernel: devtmpfs: initialized
Mar 05 01:27:36 nixxin kernel: x86/mm: Memory block size: 128MB
Mar 05 01:27:36 nixxin kernel: ACPI: PM: Registering ACPI NVS region [mem 0x7d0e6000-0x7d0f3e25] (56870 bytes)
Mar 05 01:27:36 nixxin kernel: ACPI: PM: Registering ACPI NVS region [mem 0x7e8cf000-0x7efcefff] (7340032 bytes)
Mar 05 01:27:36 nixxin kernel: clocksource: jiffies: mask: 0xffffffff max_cycles: 0xffffffff, max_idle_ns: 1911260446275000 ns
Mar 05 01:27:36 nixxin kernel: posixtimers hash table entries: 2048 (order: 3, 32768 bytes, linear)
Mar 05 01:27:36 nixxin kernel: futex hash table entries: 1024 (65536 bytes on 1 NUMA nodes, total 64 KiB, linear).
Mar 05 01:27:36 nixxin kernel: pinctrl core: initialized pinctrl subsystem
Mar 05 01:27:36 nixxin kernel: PM: RTC time: 23:27:22, date: 2026-03-04
Mar 05 01:27:36 nixxin kernel: NET: Registered PF_NETLINK/PF_ROUTE protocol family
Mar 05 01:27:36 nixxin kernel: DMA: preallocated 4096 KiB GFP_KERNEL pool for atomic allocations
Mar 05 01:27:36 nixxin kernel: DMA: preallocated 4096 KiB GFP_KERNEL|GFP_DMA pool for atomic allocations
Mar 05 01:27:36 nixxin kernel: DMA: preallocated 4096 KiB GFP_KERNEL|GFP_DMA32 pool for atomic allocations
Mar 05 01:27:36 nixxin kernel: thermal_sys: Registered thermal governor 'bang_bang'
Mar 05 01:27:36 nixxin kernel: thermal_sys: Registered thermal governor 'step_wise'
Mar 05 01:27:36 nixxin kernel: cpuidle: using governor menu
Mar 05 01:27:36 nixxin kernel: ACPI FADT declares the system doesn't support PCIe ASPM, so disable it
Mar 05 01:27:36 nixxin kernel: acpiphp: ACPI Hot Plug PCI Controller Driver version: 0.5
Mar 05 01:27:36 nixxin kernel: PCI: ECAM [mem 0xe0000000-0xefffffff] (base 0xe0000000) for domain 0000 [bus 00-ff]
Mar 05 01:27:36 nixxin kernel: PCI: Using configuration type 1 for base access
Mar 05 01:27:36 nixxin kernel: kprobes: kprobe jump-optimization is enabled. All kprobes are optimized if possible.
Mar 05 01:27:36 nixxin kernel: HugeTLB: registered 1.00 GiB page size, pre-allocated 0 pages
Mar 05 01:27:36 nixxin kernel: HugeTLB: 16380 KiB vmemmap can be freed for a 1.00 GiB page
Mar 05 01:27:36 nixxin kernel: HugeTLB: registered 2.00 MiB page size, pre-allocated 0 pages
Mar 05 01:27:36 nixxin kernel: HugeTLB: 28 KiB vmemmap can be freed for a 2.00 MiB page
Mar 05 01:27:36 nixxin kernel: ACPI: Added _OSI(Module Device)
Mar 05 01:27:36 nixxin kernel: ACPI: Added _OSI(Processor Device)
Mar 05 01:27:36 nixxin kernel: ACPI: Added _OSI(Processor Aggregator Device)
Mar 05 01:27:36 nixxin kernel: ACPI: Added _OSI(Linux)
Mar 05 01:27:36 nixxin kernel: ACPI: Forced DSDT copy: length 0x0DE26 copied locally, original unmapped
Mar 05 01:27:36 nixxin kernel: ACPI: 5 ACPI AML tables successfully acquired and loaded
Mar 05 01:27:36 nixxin kernel: ACPI: EC: EC started
Mar 05 01:27:36 nixxin kernel: ACPI: EC: interrupt blocked
Mar 05 01:27:36 nixxin kernel: ACPI: EC: EC_CMD/EC_SC=0x66, EC_DATA=0x62
Mar 05 01:27:36 nixxin kernel: ACPI: \_SB_.PCI0.LPCB.EC0_: Boot DSDT EC used to handle transactions
Mar 05 01:27:36 nixxin kernel: ACPI: Interpreter enabled
Mar 05 01:27:36 nixxin kernel: ACPI: PM: (supports S0 S3 S4 S5)
Mar 05 01:27:36 nixxin kernel: ACPI: Using IOAPIC for interrupt routing
Mar 05 01:27:36 nixxin kernel: PCI: Ignoring host bridge windows from ACPI; if necessary, use "pci=use_crs" and report a bug
Mar 05 01:27:36 nixxin kernel: PCI: Using E820 reservations for host bridge windows
Mar 05 01:27:36 nixxin kernel: ACPI: Enabled 10 GPEs in block 00 to 1F
Mar 05 01:27:36 nixxin kernel: ACPI: PCI Root Bridge [PCI0] (domain 0000 [bus 00-ff])
Mar 05 01:27:36 nixxin kernel: acpi PNP0A08:00: _OSC: OS supports [ExtendedConfig Segments MSI HPX-Type3]
Mar 05 01:27:36 nixxin kernel: acpi PNP0A08:00: _OSC: not requesting OS control; OS requires [ExtendedConfig ASPM ClockPM MSI]
Mar 05 01:27:36 nixxin kernel: acpi PNP0A08:00: FADT indicates ASPM is unsupported, using BIOS configuration
Mar 05 01:27:36 nixxin kernel: acpi PNP0A08:00: host bridge window [io  0x0000-0x0cf7 window] (ignored)
Mar 05 01:27:36 nixxin kernel: acpi PNP0A08:00: host bridge window [io  0x0d00-0xffff window] (ignored)
Mar 05 01:27:36 nixxin kernel: acpi PNP0A08:00: host bridge window [mem 0x000a0000-0x000bffff window] (ignored)
Mar 05 01:27:36 nixxin kernel: acpi PNP0A08:00: host bridge window [mem 0x000c0000-0x000c3fff window] (ignored)
Mar 05 01:27:36 nixxin kernel: acpi PNP0A08:00: host bridge window [mem 0x000c4000-0x000c7fff window] (ignored)
Mar 05 01:27:36 nixxin kernel: acpi PNP0A08:00: host bridge window [mem 0x000c8000-0x000cbfff window] (ignored)
Mar 05 01:27:36 nixxin kernel: acpi PNP0A08:00: host bridge window [mem 0x000cc000-0x000cffff window] (ignored)
Mar 05 01:27:36 nixxin kernel: acpi PNP0A08:00: host bridge window [mem 0x000d0000-0x000d3fff window] (ignored)
Mar 05 01:27:36 nixxin kernel: acpi PNP0A08:00: host bridge window [mem 0x000d4000-0x000d7fff window] (ignored)
Mar 05 01:27:36 nixxin kernel: acpi PNP0A08:00: host bridge window [mem 0x000d8000-0x000dbfff window] (ignored)
Mar 05 01:27:36 nixxin kernel: acpi PNP0A08:00: host bridge window [mem 0x000dc000-0x000dffff window] (ignored)
Mar 05 01:27:36 nixxin kernel: acpi PNP0A08:00: host bridge window [mem 0x000e0000-0x000e3fff window] (ignored)
Mar 05 01:27:36 nixxin kernel: acpi PNP0A08:00: host bridge window [mem 0x000e4000-0x000e7fff window] (ignored)
Mar 05 01:27:36 nixxin kernel: acpi PNP0A08:00: host bridge window [mem 0x000e8000-0x000ebfff window] (ignored)
Mar 05 01:27:36 nixxin kernel: acpi PNP0A08:00: host bridge window [mem 0x000ec000-0x000effff window] (ignored)
Mar 05 01:27:36 nixxin kernel: acpi PNP0A08:00: host bridge window [mem 0xc0000000-0xdfffffff window] (ignored)
Mar 05 01:27:36 nixxin kernel: acpi PNP0A08:00: host bridge window [mem 0xf0000000-0xfed3ffff window] (ignored)
Mar 05 01:27:36 nixxin kernel: acpi PNP0A08:00: host bridge window [mem 0xfed45000-0xffffffff window] (ignored)
Mar 05 01:27:36 nixxin kernel: acpi PNP0A08:00: host bridge window [io  0x0cf8-0x0cff] (ignored)
Mar 05 01:27:36 nixxin kernel: PCI: root bus 00: using default resources
Mar 05 01:27:36 nixxin kernel: PCI host bridge to bus 0000:00
Mar 05 01:27:36 nixxin kernel: pci_bus 0000:00: root bus resource [io  0x0000-0xffff]
Mar 05 01:27:36 nixxin kernel: pci_bus 0000:00: root bus resource [mem 0x00000000-0xffffffffffff]
Mar 05 01:27:36 nixxin kernel: pci_bus 0000:00: root bus resource [bus 00-ff]
Mar 05 01:27:36 nixxin kernel: pci 0000:00:00.0: [1022:1422] type 00 class 0x060000 conventional PCI endpoint
Mar 05 01:27:36 nixxin kernel: pci 0000:00:00.2: [1022:1423] type 00 class 0x080600 conventional PCI endpoint
Mar 05 01:27:36 nixxin kernel: pci 0000:00:01.0: [1002:1313] type 00 class 0x030000 PCIe Root Complex Integrated Endpoint
Mar 05 01:27:36 nixxin kernel: pci 0000:00:01.0: BAR 0 [mem 0xc0000000-0xcfffffff 64bit pref]
Mar 05 01:27:36 nixxin kernel: pci 0000:00:01.0: BAR 2 [mem 0xd0000000-0xd07fffff 64bit pref]
Mar 05 01:27:36 nixxin kernel: pci 0000:00:01.0: BAR 4 [io  0x2000-0x20ff]
Mar 05 01:27:36 nixxin kernel: pci 0000:00:01.0: BAR 5 [mem 0xd0900000-0xd093ffff]
Mar 05 01:27:36 nixxin kernel: pci 0000:00:01.0: ROM [mem 0xfffe0000-0xffffffff pref]
Mar 05 01:27:36 nixxin kernel: pci 0000:00:01.0: enabling Extended Tags
Mar 05 01:27:36 nixxin kernel: pci 0000:00:01.0: Video device with shadowed ROM at [mem 0x000c0000-0x000dffff]
Mar 05 01:27:36 nixxin kernel: pci 0000:00:01.0: supports D1 D2
Mar 05 01:27:36 nixxin kernel: pci 0000:00:01.0: PME# supported from D1 D2 D3hot
Mar 05 01:27:36 nixxin kernel: pci 0000:00:01.1: [1002:1308] type 00 class 0x040300 PCIe Root Complex Integrated Endpoint
Mar 05 01:27:36 nixxin kernel: pci 0000:00:01.1: BAR 0 [mem 0xd0940000-0xd0943fff 64bit]
Mar 05 01:27:36 nixxin kernel: pci 0000:00:01.1: enabling Extended Tags
Mar 05 01:27:36 nixxin kernel: pci 0000:00:01.1: supports D1 D2
Mar 05 01:27:36 nixxin kernel: pci 0000:00:02.0: [1022:1424] type 00 class 0x060000 conventional PCI endpoint
Mar 05 01:27:36 nixxin kernel: pci 0000:00:03.0: [1022:1424] type 00 class 0x060000 conventional PCI endpoint
Mar 05 01:27:36 nixxin kernel: pci 0000:00:04.0: [1022:1424] type 00 class 0x060000 conventional PCI endpoint
Mar 05 01:27:36 nixxin kernel: pci 0000:00:10.0: [1022:7814] type 00 class 0x0c0330 PCIe Root Complex Integrated Endpoint
Mar 05 01:27:36 nixxin kernel: pci 0000:00:10.0: BAR 0 [mem 0xd0948000-0xd0949fff 64bit]
Mar 05 01:27:36 nixxin kernel: pci 0000:00:10.0: PME# supported from D0 D3hot D3cold
Mar 05 01:27:36 nixxin kernel: pci 0000:00:10.1: [1022:7814] type 00 class 0x0c0330 PCIe Root Complex Integrated Endpoint
Mar 05 01:27:36 nixxin kernel: pci 0000:00:10.1: BAR 0 [mem 0xd094a000-0xd094bfff 64bit]
Mar 05 01:27:36 nixxin kernel: pci 0000:00:10.1: PME# supported from D0 D3hot D3cold
Mar 05 01:27:36 nixxin kernel: pci 0000:00:11.0: [1022:7801] type 00 class 0x010601 conventional PCI endpoint
Mar 05 01:27:36 nixxin kernel: pci 0000:00:11.0: BAR 0 [io  0x2118-0x211f]
Mar 05 01:27:36 nixxin kernel: pci 0000:00:11.0: BAR 1 [io  0x2124-0x2127]
Mar 05 01:27:36 nixxin kernel: pci 0000:00:11.0: BAR 2 [io  0x2110-0x2117]
Mar 05 01:27:36 nixxin kernel: pci 0000:00:11.0: BAR 3 [io  0x2120-0x2123]
Mar 05 01:27:36 nixxin kernel: pci 0000:00:11.0: BAR 4 [io  0x2100-0x210f]
Mar 05 01:27:36 nixxin kernel: pci 0000:00:11.0: BAR 5 [mem 0xd0951000-0xd09517ff]
Mar 05 01:27:36 nixxin kernel: pci 0000:00:12.0: [1022:7807] type 00 class 0x0c0310 conventional PCI endpoint
Mar 05 01:27:36 nixxin kernel: pci 0000:00:12.0: BAR 0 [mem 0xd0950000-0xd0950fff]
Mar 05 01:27:36 nixxin kernel: pci 0000:00:12.2: [1022:7808] type 00 class 0x0c0320 conventional PCI endpoint
Mar 05 01:27:36 nixxin kernel: pci 0000:00:12.2: BAR 0 [mem 0xd094f000-0xd094f0ff]
Mar 05 01:27:36 nixxin kernel: pci 0000:00:12.2: supports D1 D2
Mar 05 01:27:36 nixxin kernel: pci 0000:00:12.2: PME# supported from D0 D1 D2 D3hot D3cold
Mar 05 01:27:36 nixxin kernel: pci 0000:00:13.0: [1022:7807] type 00 class 0x0c0310 conventional PCI endpoint
Mar 05 01:27:36 nixxin kernel: pci 0000:00:13.0: BAR 0 [mem 0xd094e000-0xd094efff]
Mar 05 01:27:36 nixxin kernel: pci 0000:00:13.2: [1022:7808] type 00 class 0x0c0320 conventional PCI endpoint
Mar 05 01:27:36 nixxin kernel: pci 0000:00:13.2: BAR 0 [mem 0xd094d000-0xd094d0ff]
Mar 05 01:27:36 nixxin kernel: pci 0000:00:13.2: supports D1 D2
Mar 05 01:27:36 nixxin kernel: pci 0000:00:13.2: PME# supported from D0 D1 D2 D3hot D3cold
Mar 05 01:27:36 nixxin kernel: pci 0000:00:14.0: [1022:780b] type 00 class 0x0c0500 conventional PCI endpoint
Mar 05 01:27:36 nixxin kernel: pci 0000:00:14.2: [1022:780d] type 00 class 0x040300 conventional PCI endpoint
Mar 05 01:27:36 nixxin kernel: pci 0000:00:14.2: BAR 0 [mem 0xd0944000-0xd0947fff 64bit]
Mar 05 01:27:36 nixxin kernel: pci 0000:00:14.2: PME# supported from D0 D3hot D3cold
Mar 05 01:27:36 nixxin kernel: pci 0000:00:14.3: [1022:780e] type 00 class 0x060100 conventional PCI endpoint
Mar 05 01:27:36 nixxin kernel: pci 0000:00:14.4: [1022:780f] type 01 class 0x060401 conventional PCI bridge
Mar 05 01:27:36 nixxin kernel: pci 0000:00:14.4: PCI bridge to [bus 01] (subtractive decode)
Mar 05 01:27:36 nixxin kernel: pci 0000:00:14.5: [1022:7809] type 00 class 0x0c0310 conventional PCI endpoint
Mar 05 01:27:36 nixxin kernel: pci 0000:00:14.5: BAR 0 [mem 0xd094c000-0xd094cfff]
Mar 05 01:27:36 nixxin kernel: pci 0000:00:15.0: [1022:43a0] type 01 class 0x060400 PCIe Root Port
Mar 05 01:27:36 nixxin kernel: pci 0000:00:15.0: PCI bridge to [bus 02]
Mar 05 01:27:36 nixxin kernel: pci 0000:00:15.0: enabling Extended Tags
Mar 05 01:27:36 nixxin kernel: pci 0000:00:15.0: supports D1 D2
Mar 05 01:27:36 nixxin kernel: pci 0000:00:15.0: PME# supported from D0 D3hot D3cold
Mar 05 01:27:36 nixxin kernel: pci 0000:00:15.2: [1022:43a2] type 01 class 0x060400 PCIe Root Port
Mar 05 01:27:36 nixxin kernel: pci 0000:00:15.2: PCI bridge to [bus 03]
Mar 05 01:27:36 nixxin kernel: pci 0000:00:15.2:   bridge window [mem 0xd0800000-0xd08fffff 64bit pref]
Mar 05 01:27:36 nixxin kernel: pci 0000:00:15.2: enabling Extended Tags
Mar 05 01:27:36 nixxin kernel: pci 0000:00:15.2: supports D1 D2
Mar 05 01:27:36 nixxin kernel: pci 0000:00:15.2: PME# supported from D0 D3hot D3cold
Mar 05 01:27:36 nixxin kernel: pci 0000:00:18.0: [1022:141a] type 00 class 0x060000 conventional PCI endpoint
Mar 05 01:27:36 nixxin kernel: pci 0000:00:18.1: [1022:141b] type 00 class 0x060000 conventional PCI endpoint
Mar 05 01:27:36 nixxin kernel: pci 0000:00:18.2: [1022:141c] type 00 class 0x060000 conventional PCI endpoint
Mar 05 01:27:36 nixxin kernel: pci 0000:00:18.3: [1022:141d] type 00 class 0x060000 conventional PCI endpoint
Mar 05 01:27:36 nixxin kernel: pci 0000:00:18.4: [1022:141e] type 00 class 0x060000 conventional PCI endpoint
Mar 05 01:27:36 nixxin kernel: pci 0000:00:18.5: [1022:141f] type 00 class 0x060000 conventional PCI endpoint
Mar 05 01:27:36 nixxin kernel: pci_bus 0000:01: extended config space not accessible
Mar 05 01:27:36 nixxin kernel: pci 0000:00:14.4: PCI bridge to [bus 01] (subtractive decode)
Mar 05 01:27:36 nixxin kernel: pci 0000:00:14.4:   bridge window [io  0x0000-0xffff] (subtractive decode)
Mar 05 01:27:36 nixxin kernel: pci 0000:00:14.4:   bridge window [mem 0x00000000-0xffffffffffff] (subtractive decode)
Mar 05 01:27:36 nixxin kernel: pci 0000:00:15.0: PCI bridge to [bus 02]
Mar 05 01:27:36 nixxin kernel: pci 0000:03:00.0: [14e4:1687] type 00 class 0x020000 PCIe Endpoint
Mar 05 01:27:36 nixxin kernel: pci 0000:03:00.0: BAR 0 [mem 0xd0820000-0xd082ffff 64bit pref]
Mar 05 01:27:36 nixxin kernel: pci 0000:03:00.0: BAR 2 [mem 0xd0810000-0xd081ffff 64bit pref]
Mar 05 01:27:36 nixxin kernel: pci 0000:03:00.0: BAR 4 [mem 0xd0800000-0xd080ffff 64bit pref]
Mar 05 01:27:36 nixxin kernel: pci 0000:03:00.0: PME# supported from D0 D3hot D3cold
Mar 05 01:27:36 nixxin kernel: pci 0000:00:15.2: PCI bridge to [bus 03]
Mar 05 01:27:36 nixxin kernel: ACPI Warning: GPE type mismatch (level/edge) (20250807/evxface-791)
Mar 05 01:27:36 nixxin kernel: ACPI: EC: interrupt unblocked
Mar 05 01:27:36 nixxin kernel: ACPI: EC: event unblocked
Mar 05 01:27:36 nixxin kernel: ACPI: EC: EC_CMD/EC_SC=0x66, EC_DATA=0x62
Mar 05 01:27:36 nixxin kernel: ACPI: EC: GPE=0x8
Mar 05 01:27:36 nixxin kernel: ACPI: \_SB_.PCI0.LPCB.EC0_: Boot DSDT EC initialization complete
Mar 05 01:27:36 nixxin kernel: ACPI: \_SB_.PCI0.LPCB.EC0_: EC: Used to handle transactions and events
Mar 05 01:27:36 nixxin kernel: iommu: Default domain type: Passthrough (set via kernel command line)
Mar 05 01:27:36 nixxin kernel: ACPI: bus type USB registered
Mar 05 01:27:36 nixxin kernel: usbcore: registered new interface driver usbfs
Mar 05 01:27:36 nixxin kernel: usbcore: registered new interface driver hub
Mar 05 01:27:36 nixxin kernel: usbcore: registered new device driver usb
Mar 05 01:27:36 nixxin kernel: efivars: Registered efivars operations
Mar 05 01:27:36 nixxin kernel: NetLabel: Initializing
Mar 05 01:27:36 nixxin kernel: NetLabel:  domain hash size = 128
Mar 05 01:27:36 nixxin kernel: NetLabel:  protocols = UNLABELED CIPSOv4 CALIPSO
Mar 05 01:27:36 nixxin kernel: NetLabel:  unlabeled traffic allowed by default
Mar 05 01:27:36 nixxin kernel: PCI: Using ACPI for IRQ routing
Mar 05 01:27:36 nixxin kernel: PCI: pci_cache_line_size set to 64 bytes
Mar 05 01:27:36 nixxin kernel: e820: reserve RAM buffer [mem 0x0008f000-0x0008ffff]
Mar 05 01:27:36 nixxin kernel: e820: reserve RAM buffer [mem 0x5e71a000-0x5fffffff]
Mar 05 01:27:36 nixxin kernel: e820: reserve RAM buffer [mem 0x5e846000-0x5fffffff]
Mar 05 01:27:36 nixxin kernel: e820: reserve RAM buffer [mem 0x6df4a000-0x6fffffff]
Mar 05 01:27:36 nixxin kernel: e820: reserve RAM buffer [mem 0x751ce000-0x77ffffff]
Mar 05 01:27:36 nixxin kernel: e820: reserve RAM buffer [mem 0x7b116000-0x7bffffff]
Mar 05 01:27:36 nixxin kernel: e820: reserve RAM buffer [mem 0x7d0e6000-0x7fffffff]
Mar 05 01:27:36 nixxin kernel: e820: reserve RAM buffer [mem 0x7dacf000-0x7fffffff]
Mar 05 01:27:36 nixxin kernel: e820: reserve RAM buffer [mem 0x7f000000-0x7fffffff]
Mar 05 01:27:36 nixxin kernel: pci 0000:00:01.0: vgaarb: setting as boot VGA device
Mar 05 01:27:36 nixxin kernel: pci 0000:00:01.0: vgaarb: bridge control possible
Mar 05 01:27:36 nixxin kernel: pci 0000:00:01.0: vgaarb: VGA device added: decodes=io+mem,owns=io+mem,locks=none
Mar 05 01:27:36 nixxin kernel: vgaarb: loaded
Mar 05 01:27:36 nixxin kernel: hpet0: at MMIO 0xfed00000, IRQs 2, 8, 0
Mar 05 01:27:36 nixxin kernel: hpet0: 3 comparators, 32-bit 14.318180 MHz counter
Mar 05 01:27:36 nixxin kernel: clocksource: Switched to clocksource tsc-early
Mar 05 01:27:36 nixxin kernel: VFS: Disk quotas dquot_6.6.0
Mar 05 01:27:36 nixxin kernel: VFS: Dquot-cache hash table entries: 512 (order 0, 4096 bytes)
Mar 05 01:27:36 nixxin kernel: pnp: PnP ACPI init
Mar 05 01:27:36 nixxin kernel: system 00:01: [io  0x0400-0x04cf] has been reserved
Mar 05 01:27:36 nixxin kernel: system 00:01: [io  0x04d0-0x04d1] has been reserved
Mar 05 01:27:36 nixxin kernel: system 00:01: [io  0x04d6] has been reserved
Mar 05 01:27:36 nixxin kernel: system 00:01: [io  0x0680-0x06ff] has been reserved
Mar 05 01:27:36 nixxin kernel: system 00:01: [io  0x077a] has been reserved
Mar 05 01:27:36 nixxin kernel: system 00:01: [io  0x0c00-0x0c01] has been reserved
Mar 05 01:27:36 nixxin kernel: system 00:01: [io  0x0c14] has been reserved
Mar 05 01:27:36 nixxin kernel: system 00:01: [io  0x0c50-0x0c52] has been reserved
Mar 05 01:27:36 nixxin kernel: system 00:01: [io  0x0c6c] has been reserved
Mar 05 01:27:36 nixxin kernel: system 00:01: [io  0x0c6f] has been reserved
Mar 05 01:27:36 nixxin kernel: system 00:01: [io  0x0cd0-0x0cdb] has been reserved
Mar 05 01:27:36 nixxin kernel: system 00:01: [io  0x0840-0x0847] has been reserved
Mar 05 01:27:36 nixxin kernel: system 00:02: [mem 0x000e0000-0x000fffff] could not be reserved
Mar 05 01:27:36 nixxin kernel: system 00:06: [mem 0xfec00000-0xfec00fff] could not be reserved
Mar 05 01:27:36 nixxin kernel: system 00:06: [mem 0xfee00000-0xfee00fff] has been reserved
Mar 05 01:27:36 nixxin kernel: system 00:06: [mem 0xfec20000-0xfec20fff] could not be reserved
Mar 05 01:27:36 nixxin kernel: system 00:07: [mem 0xfed40000-0xfed44fff] has been reserved
Mar 05 01:27:36 nixxin kernel: pnp: PnP ACPI: found 8 devices
Mar 05 01:27:36 nixxin kernel: clocksource: acpi_pm: mask: 0xffffff max_cycles: 0xffffff, max_idle_ns: 2085701024 ns
Mar 05 01:27:36 nixxin kernel: NET: Registered PF_INET protocol family
Mar 05 01:27:36 nixxin kernel: IP idents hash table entries: 262144 (order: 9, 2097152 bytes, linear)
Mar 05 01:27:36 nixxin kernel: tcp_listen_portaddr_hash hash table entries: 16384 (order: 6, 262144 bytes, linear)
Mar 05 01:27:36 nixxin kernel: Table-perturb hash table entries: 65536 (order: 6, 262144 bytes, linear)
Mar 05 01:27:36 nixxin kernel: TCP established hash table entries: 262144 (order: 9, 2097152 bytes, linear)
Mar 05 01:27:36 nixxin kernel: TCP bind hash table entries: 65536 (order: 9, 2097152 bytes, linear)
Mar 05 01:27:36 nixxin kernel: TCP: Hash tables configured (established 262144 bind 65536)
Mar 05 01:27:36 nixxin kernel: MPTCP token hash table entries: 32768 (order: 8, 786432 bytes, linear)
Mar 05 01:27:36 nixxin kernel: UDP hash table entries: 16384 (order: 8, 1048576 bytes, linear)
Mar 05 01:27:36 nixxin kernel: UDP-Lite hash table entries: 16384 (order: 8, 1048576 bytes, linear)
Mar 05 01:27:36 nixxin kernel: NET: Registered PF_UNIX/PF_LOCAL protocol family
Mar 05 01:27:36 nixxin kernel: NET: Registered PF_XDP protocol family
Mar 05 01:27:36 nixxin kernel: pci 0000:00:14.4: PCI bridge to [bus 01]
Mar 05 01:27:36 nixxin kernel: pci 0000:00:15.0: PCI bridge to [bus 02]
Mar 05 01:27:36 nixxin kernel: pci 0000:00:15.2: PCI bridge to [bus 03]
Mar 05 01:27:36 nixxin kernel: pci 0000:00:15.2:   bridge window [mem 0xd0800000-0xd08fffff 64bit pref]
Mar 05 01:27:36 nixxin kernel: pci_bus 0000:00: resource 4 [io  0x0000-0xffff]
Mar 05 01:27:36 nixxin kernel: pci_bus 0000:00: resource 5 [mem 0x00000000-0xffffffffffff]
Mar 05 01:27:36 nixxin kernel: pci_bus 0000:01: resource 4 [io  0x0000-0xffff]
Mar 05 01:27:36 nixxin kernel: pci_bus 0000:01: resource 5 [mem 0x00000000-0xffffffffffff]
Mar 05 01:27:36 nixxin kernel: pci_bus 0000:03: resource 2 [mem 0xd0800000-0xd08fffff 64bit pref]
Mar 05 01:27:36 nixxin kernel: pci 0000:00:01.1: D0 power state depends on 0000:00:01.0
Mar 05 01:27:36 nixxin kernel: pci 0000:00:12.2: PME# does not work under D3, disabling it
Mar 05 01:27:36 nixxin kernel: pci 0000:00:13.2: PME# does not work under D3, disabling it
Mar 05 01:27:36 nixxin kernel: PCI: CLS 64 bytes, default 64
Mar 05 01:27:36 nixxin kernel: Trying to unpack rootfs image as initramfs...
Mar 05 01:27:36 nixxin kernel: AMD-Vi: Using global IVHD EFR:0x0, EFR2:0x0
Mar 05 01:27:36 nixxin kernel: pci 0000:00:00.2: AMD-Vi: IOMMU performance counters supported
Mar 05 01:27:36 nixxin kernel: pci 0000:00:00.2: AMD-Vi: Applying ATS write check workaround
Mar 05 01:27:36 nixxin kernel: pci 0000:00:01.0: Adding to iommu group 0
Mar 05 01:27:36 nixxin kernel: pci 0000:00:01.1: Adding to iommu group 0
Mar 05 01:27:36 nixxin kernel: pci 0000:00:02.0: Adding to iommu group 1
Mar 05 01:27:36 nixxin kernel: pci 0000:00:03.0: Adding to iommu group 2
Mar 05 01:27:36 nixxin kernel: pci 0000:00:04.0: Adding to iommu group 3
Mar 05 01:27:36 nixxin kernel: pci 0000:00:10.0: Adding to iommu group 4
Mar 05 01:27:36 nixxin kernel: pci 0000:00:10.1: Adding to iommu group 4
Mar 05 01:27:36 nixxin kernel: pci 0000:00:11.0: Adding to iommu group 5
Mar 05 01:27:36 nixxin kernel: pci 0000:00:12.0: Adding to iommu group 6
Mar 05 01:27:36 nixxin kernel: pci 0000:00:12.2: Adding to iommu group 6
Mar 05 01:27:36 nixxin kernel: pci 0000:00:13.0: Adding to iommu group 7
Mar 05 01:27:36 nixxin kernel: pci 0000:00:13.2: Adding to iommu group 7
Mar 05 01:27:36 nixxin kernel: pci 0000:00:14.0: Adding to iommu group 8
Mar 05 01:27:36 nixxin kernel: pci 0000:00:14.2: Adding to iommu group 8
Mar 05 01:27:36 nixxin kernel: pci 0000:00:14.3: Adding to iommu group 8
Mar 05 01:27:36 nixxin kernel: pci 0000:00:14.4: Adding to iommu group 9
Mar 05 01:27:36 nixxin kernel: pci 0000:00:14.5: Adding to iommu group 10
Mar 05 01:27:36 nixxin kernel: pci 0000:00:15.0: Adding to iommu group 11
Mar 05 01:27:36 nixxin kernel: pci 0000:00:15.2: Adding to iommu group 11
Mar 05 01:27:36 nixxin kernel: pci 0000:00:18.0: Adding to iommu group 12
Mar 05 01:27:36 nixxin kernel: pci 0000:00:18.1: Adding to iommu group 12
Mar 05 01:27:36 nixxin kernel: pci 0000:00:18.2: Adding to iommu group 12
Mar 05 01:27:36 nixxin kernel: pci 0000:00:18.3: Adding to iommu group 12
Mar 05 01:27:36 nixxin kernel: pci 0000:00:18.4: Adding to iommu group 12
Mar 05 01:27:36 nixxin kernel: pci 0000:00:18.5: Adding to iommu group 12
Mar 05 01:27:36 nixxin kernel: pci 0000:03:00.0: Adding to iommu group 11
Mar 05 01:27:36 nixxin kernel: AMD-Vi: Extended features (0x800090a52, 0x0): PPR GT IA PC
Mar 05 01:27:36 nixxin kernel: PCI-DMA: Using software bounce buffering for IO (SWIOTLB)
Mar 05 01:27:36 nixxin kernel: software IO TLB: mapped [mem 0x0000000077116000-0x000000007b116000] (64MB)
Mar 05 01:27:36 nixxin kernel: LVT offset 0 assigned for vector 0x400
Mar 05 01:27:36 nixxin kernel: perf: AMD IBS detected (0x000001ff)
Mar 05 01:27:36 nixxin kernel: perf/amd_iommu: Detected AMD IOMMU #0 (2 banks, 4 counters/bank).
Mar 05 01:27:36 nixxin kernel: Initialise system trusted keyrings
Mar 05 01:27:36 nixxin kernel: workingset: timestamp_bits=40 max_order=23 bucket_order=0
Mar 05 01:27:36 nixxin kernel: Key type asymmetric registered
Mar 05 01:27:36 nixxin kernel: Asymmetric key parser 'x509' registered
Mar 05 01:27:36 nixxin kernel: Block layer SCSI generic (bsg) driver version 0.4 loaded (major 250)
Mar 05 01:27:36 nixxin kernel: io scheduler mq-deadline registered
Mar 05 01:27:36 nixxin kernel: io scheduler kyber registered
Mar 05 01:27:36 nixxin kernel: io scheduler bfq registered
Mar 05 01:27:36 nixxin kernel: Could not retrieve perf counters (-19)
Mar 05 01:27:36 nixxin kernel: Serial: 8250/16550 driver, 4 ports, IRQ sharing enabled
Mar 05 01:27:36 nixxin kernel: 00:05: ttyS0 at I/O 0x3f8 (irq = 4, base_baud = 115200) is a 16550A
Mar 05 01:27:36 nixxin kernel: Linux agpgart interface v0.103
Mar 05 01:27:36 nixxin kernel: ACPI: bus type drm_connector registered
Mar 05 01:27:36 nixxin kernel: usbcore: registered new interface driver usbserial_generic
Mar 05 01:27:36 nixxin kernel: usbserial: USB Serial support registered for generic
Mar 05 01:27:36 nixxin kernel: amd_pstate: the _CPC object is not present in SBIOS or ACPI disabled
Mar 05 01:27:36 nixxin kernel: simple-framebuffer simple-framebuffer.0: [drm] Registered 1 planes with drm panic
Mar 05 01:27:36 nixxin kernel: [drm] Initialized simpledrm 1.0.0 for simple-framebuffer.0 on minor 0
Mar 05 01:27:36 nixxin kernel: Console: switching to colour frame buffer device 240x67
Mar 05 01:27:36 nixxin kernel: simple-framebuffer simple-framebuffer.0: [drm] fb0: simpledrmdrmfb frame buffer device
Mar 05 01:27:36 nixxin kernel: drop_monitor: Initializing network drop monitor service
Mar 05 01:27:36 nixxin kernel: NET: Registered PF_INET6 protocol family
Mar 05 01:27:36 nixxin kernel: Segment Routing with IPv6
Mar 05 01:27:36 nixxin kernel: In-situ OAM (IOAM) with IPv6
Mar 05 01:27:36 nixxin kernel: x86/pm: family 0x15 cpu detected, MSR saving is needed during suspending.
Mar 05 01:27:36 nixxin kernel: microcode: Current revision: 0x06003109
Mar 05 01:27:36 nixxin kernel: IPI shorthand broadcast: enabled
Mar 05 01:27:36 nixxin kernel: sched_clock: Marking stable (687001668, 1540643)->(693906568, -5364257)
Mar 05 01:27:36 nixxin kernel: registered taskstats version 1
Mar 05 01:27:36 nixxin kernel: Loading compiled-in X.509 certificates
Mar 05 01:27:36 nixxin kernel: Demotion targets for Node 0: null
Mar 05 01:27:36 nixxin kernel: Key type .fscrypt registered
Mar 05 01:27:36 nixxin kernel: Key type fscrypt-provisioning registered
Mar 05 01:27:36 nixxin kernel: PM:   Magic number: 2:648:503
Mar 05 01:27:36 nixxin kernel: RAS: Correctable Errors collector initialized.
Mar 05 01:27:36 nixxin kernel: Freeing initrd memory: 55508K
Mar 05 01:27:36 nixxin kernel: clk: Disabling unused clocks
Mar 05 01:27:36 nixxin kernel: PM: genpd: Disabling unused power domains
Mar 05 01:27:36 nixxin kernel: Freeing unused decrypted memory: 2028K
Mar 05 01:27:36 nixxin kernel: Freeing unused kernel image (initmem) memory: 3584K
Mar 05 01:27:36 nixxin kernel: Write protecting the kernel read-only data: 32768k
Mar 05 01:27:36 nixxin kernel: Freeing unused kernel image (text/rodata gap) memory: 1668K
Mar 05 01:27:36 nixxin kernel: Freeing unused kernel image (rodata/data gap) memory: 1096K
Mar 05 01:27:36 nixxin kernel: x86/mm: Checked W+X mappings: passed, no W+X pages found.
Mar 05 01:27:36 nixxin kernel: Run /init as init process
Mar 05 01:27:36 nixxin kernel:   with arguments:
Mar 05 01:27:36 nixxin kernel:     /init
Mar 05 01:27:36 nixxin kernel:     splash
Mar 05 01:27:36 nixxin kernel:     splash
Mar 05 01:27:36 nixxin kernel:   with environment:
Mar 05 01:27:36 nixxin kernel:     HOME=/
Mar 05 01:27:36 nixxin kernel:     TERM=linux
Mar 05 01:27:36 nixxin kernel:     unaligned_scalar_speed=fast
Mar 05 01:27:36 nixxin kernel:     big_root_window=on
Mar 05 01:27:36 nixxin kernel: resource: resource sanity check: requesting [mem 0x00000000fed8028a-0x00000000fed81000], which spans more than Reserved [mem 0xfed80000-0xfed80fff]
Mar 05 01:27:36 nixxin kernel: caller acpi_os_map_iomem+0x244/0x280 mapping multiple BARs
Mar 05 01:27:36 nixxin kernel: wmi_bus wmi_bus-PNP0C14:00: [Firmware Info]: DF4E63B6-3BBC-4858-9737-C74F82F821F3 has zero instances
Mar 05 01:27:36 nixxin kernel: wmi_bus wmi_bus-PNP0C14:00: [Firmware Info]: 8F1F6436-9F42-42C8-BADC-0E9424F20C9A has zero instances
Mar 05 01:27:36 nixxin kernel: wmi_bus wmi_bus-PNP0C14:02: [Firmware Bug]: WQZZ data block query control method not found
Mar 05 01:27:36 nixxin kernel: ACPI: video: Video Device [VGA] (multi-head: yes  rom: no  post: no)
Mar 05 01:27:36 nixxin kernel: ACPI: [Firmware Bug]: BIOS _OSI(Linux) query honored via cmdline
Mar 05 01:27:36 nixxin kernel: input: Video Bus as /devices/LNXSYSTM:00/LNXSYBUS:00/PNP0A08:00/LNXVIDEO:00/input/input0
Mar 05 01:27:36 nixxin kernel: tsc: Refined TSC clocksource calibration: 3193.939 MHz
Mar 05 01:27:36 nixxin kernel: clocksource: tsc: mask: 0xffffffffffffffff max_cycles: 0x2e09ec6792b, max_idle_ns: 440795234404 ns
Mar 05 01:27:36 nixxin kernel: clocksource: Switched to clocksource tsc
Mar 05 01:27:36 nixxin kernel: [drm] amdgpu kernel modesetting enabled.
Mar 05 01:27:36 nixxin kernel: amdgpu: Virtual CRAT table created for CPU
Mar 05 01:27:36 nixxin kernel: amdgpu: Topology: Add CPU node
Mar 05 01:27:36 nixxin kernel: amdgpu: Overdrive is enabled, please disable it before reporting any bugs unrelated to overdrive.
Mar 05 01:27:36 nixxin kernel: amdgpu 0000:00:01.0: amdgpu: initializing kernel modesetting (KAVERI 0x1002:0x1313 0x103C:0x805A 0xD6).
Mar 05 01:27:36 nixxin kernel: amdgpu 0000:00:01.0: amdgpu: register mmio base: 0xD0900000
Mar 05 01:27:36 nixxin kernel: amdgpu 0000:00:01.0: amdgpu: register mmio size: 262144
Mar 05 01:27:36 nixxin kernel: amdgpu 0000:00:01.0: amdgpu: detected ip block number 0 <common_v1_0_0> (cik_common)
Mar 05 01:27:36 nixxin kernel: amdgpu 0000:00:01.0: amdgpu: detected ip block number 1 <gmc_v7_0_0> (gmc_v7_0)
Mar 05 01:27:36 nixxin kernel: amdgpu 0000:00:01.0: amdgpu: detected ip block number 2 <ih_v2_0_0> (cik_ih)
Mar 05 01:27:36 nixxin kernel: amdgpu 0000:00:01.0: amdgpu: detected ip block number 3 <gfx_v7_1_0> (gfx_v7_0)
Mar 05 01:27:36 nixxin kernel: amdgpu 0000:00:01.0: amdgpu: detected ip block number 4 <sdma_v2_0_0> (cik_sdma)
Mar 05 01:27:36 nixxin kernel: amdgpu 0000:00:01.0: amdgpu: detected ip block number 5 <smu_v1_0_0> (kv_dpm)
Mar 05 01:27:36 nixxin kernel: amdgpu 0000:00:01.0: amdgpu: detected ip block number 6 <dce_v1_0_0> (dm)
Mar 05 01:27:36 nixxin kernel: amdgpu 0000:00:01.0: amdgpu: detected ip block number 7 <uvd_v4_2_0> (uvd_v4_2)
Mar 05 01:27:36 nixxin kernel: amdgpu 0000:00:01.0: amdgpu: detected ip block number 8 <vce_v2_0_0> (vce_v2_0)
Mar 05 01:27:36 nixxin kernel: amdgpu 0000:00:01.0: amdgpu: Fetched VBIOS from VFCT
Mar 05 01:27:36 nixxin kernel: amdgpu: ATOM BIOS: BR46218.001
Mar 05 01:27:36 nixxin kernel: Console: switching to colour dummy device 80x25
Mar 05 01:27:36 nixxin kernel: amdgpu 0000:00:01.0: vgaarb: deactivate vga console
Mar 05 01:27:36 nixxin kernel: amdgpu 0000:00:01.0: amdgpu: Trusted Memory Zone (TMZ) feature not supported
Mar 05 01:27:36 nixxin kernel: amdgpu 0000:00:01.0: amdgpu: vm size is 64 GB, 2 levels, block size is 10-bit, fragment size is 9-bit
Mar 05 01:27:36 nixxin kernel: amdgpu 0000:00:01.0: amdgpu: VRAM: 1024M 0x000000F400000000 - 0x000000F43FFFFFFF (1024M used)
Mar 05 01:27:36 nixxin kernel: amdgpu 0000:00:01.0: amdgpu: GART: 1024M 0x000000FF00000000 - 0x000000FF3FFFFFFF
Mar 05 01:27:36 nixxin kernel: [drm] Detected VRAM RAM=1024M, BAR=1024M
Mar 05 01:27:36 nixxin kernel: [drm] RAM width 128bits UNKNOWN
Mar 05 01:27:36 nixxin kernel: amdgpu 0000:00:01.0: amdgpu: amdgpu: 1024M of VRAM memory ready
Mar 05 01:27:36 nixxin kernel: amdgpu 0000:00:01.0: amdgpu: amdgpu: 8471M of GTT memory ready.
Mar 05 01:27:36 nixxin kernel: [drm] GART: num cpu pages 262144, num gpu pages 262144
Mar 05 01:27:36 nixxin kernel: [drm] PCIE GART of 1024M enabled (table at 0x000000F400E00000).
Mar 05 01:27:36 nixxin kernel: amdgpu 0000:00:01.0: amdgpu: [drm] Internal thermal controller without fan control
Mar 05 01:27:36 nixxin kernel: amdgpu 0000:00:01.0: amdgpu: [drm] dpm initialized
Mar 05 01:27:36 nixxin kernel: [drm] Found UVD firmware Version: 1.64 Family ID: 9
Mar 05 01:27:36 nixxin kernel: [drm] Found VCE firmware Version: 50.10 Binary ID: 2
Mar 05 01:27:36 nixxin kernel: amdgpu 0000:00:01.0: [drm] Unsupported Connector type:5!
Mar 05 01:27:36 nixxin kernel: amdgpu 0000:00:01.0: amdgpu: [drm] Display Core v3.2.351 initialized on DCE 8.1
Mar 05 01:27:36 nixxin kernel: [drm] UVD initialized successfully.
Mar 05 01:27:36 nixxin kernel: [drm] VCE initialized successfully.
Mar 05 01:27:36 nixxin kernel: kfd kfd: amdgpu: Allocated 3969056 bytes on gart
Mar 05 01:27:36 nixxin kernel: kfd kfd: amdgpu: Total number of KFD nodes to be created: 1
Mar 05 01:27:36 nixxin kernel: amdgpu: Virtual CRAT table created for GPU
Mar 05 01:27:36 nixxin kernel: amdgpu: Topology: Add dGPU node [0x1313:0x1002]
Mar 05 01:27:36 nixxin kernel: kfd kfd: amdgpu: added device 1002:1313
Mar 05 01:27:36 nixxin kernel: amdgpu 0000:00:01.0: amdgpu: SE 1, SH per SE 1, CU per SH 8, active_cu_number 6
Mar 05 01:27:36 nixxin kernel: amdgpu 0000:00:01.0: amdgpu: overdrive feature is not supported
Mar 05 01:27:36 nixxin kernel: amdgpu 0000:00:01.0: amdgpu: runtime pm is manually disabled
Mar 05 01:27:36 nixxin kernel: amdgpu 0000:00:01.0: amdgpu: Runtime PM not available
Mar 05 01:27:36 nixxin kernel: amdgpu 0000:00:01.0: [drm] Registered 4 planes with drm panic
Mar 05 01:27:36 nixxin kernel: [drm] Initialized amdgpu 3.64.0 for 0000:00:01.0 on minor 1
Mar 05 01:27:36 nixxin kernel: fbcon: amdgpudrmfb (fb0) is primary device
Mar 05 01:27:36 nixxin kernel: Console: switching to colour frame buffer device 240x67
Mar 05 01:27:36 nixxin kernel: amdgpu 0000:00:01.0: [drm] fb0: amdgpudrmfb frame buffer device
Mar 05 01:27:36 nixxin kernel: device-mapper: ioctl: 4.50.0-ioctl (2025-04-28) initialised: dm-devel@lists.linux.dev
Mar 05 01:27:36 nixxin kernel: SCSI subsystem initialized
Mar 05 01:27:36 nixxin kernel: QUIRK: Enable AMD PLL fix
Mar 05 01:27:36 nixxin kernel: ehci-pci 0000:00:13.2: EHCI Host Controller
Mar 05 01:27:36 nixxin kernel: ehci-pci 0000:00:13.2: new USB bus registered, assigned bus number 1
Mar 05 01:27:36 nixxin kernel: ehci-pci 0000:00:13.2: applying AMD SB700/SB800/Hudson-2/3 EHCI dummy qh workaround
Mar 05 01:27:36 nixxin kernel: ehci-pci 0000:00:13.2: debug port 1
Mar 05 01:27:36 nixxin kernel: ehci-pci 0000:00:13.2: irq 17, io mem 0xd094d000
Mar 05 01:27:36 nixxin kernel: ehci-pci 0000:00:13.2: USB 2.0 started, EHCI 1.00
Mar 05 01:27:36 nixxin kernel: usb usb1: New USB device found, idVendor=1d6b, idProduct=0002, bcdDevice= 6.18
Mar 05 01:27:36 nixxin kernel: usb usb1: New USB device strings: Mfr=3, Product=2, SerialNumber=1
Mar 05 01:27:36 nixxin kernel: usb usb1: Product: EHCI Host Controller
Mar 05 01:27:36 nixxin kernel: usb usb1: Manufacturer: Linux 6.18.0-zen1 ehci_hcd
Mar 05 01:27:36 nixxin kernel: usb usb1: SerialNumber: 0000:00:13.2
Mar 05 01:27:36 nixxin kernel: i8042: PNP: PS/2 Controller [PNP0303:PS2K,PNP0f13:PS2M] at 0x60,0x64 irq 1,12
Mar 05 01:27:36 nixxin kernel: hub 1-0:1.0: USB hub found
Mar 05 01:27:36 nixxin kernel: hub 1-0:1.0: 5 ports detected
Mar 05 01:27:36 nixxin kernel: ehci-pci 0000:00:12.2: EHCI Host Controller
Mar 05 01:27:36 nixxin kernel: ehci-pci 0000:00:12.2: new USB bus registered, assigned bus number 2
Mar 05 01:27:36 nixxin kernel: ehci-pci 0000:00:12.2: applying AMD SB700/SB800/Hudson-2/3 EHCI dummy qh workaround
Mar 05 01:27:36 nixxin kernel: ehci-pci 0000:00:12.2: debug port 1
Mar 05 01:27:36 nixxin kernel: ehci-pci 0000:00:12.2: irq 17, io mem 0xd094f000
Mar 05 01:27:36 nixxin kernel: ehci-pci 0000:00:12.2: USB 2.0 started, EHCI 1.00
Mar 05 01:27:36 nixxin kernel: usb usb2: New USB device found, idVendor=1d6b, idProduct=0002, bcdDevice= 6.18
Mar 05 01:27:36 nixxin kernel: usb usb2: New USB device strings: Mfr=3, Product=2, SerialNumber=1
Mar 05 01:27:36 nixxin kernel: usb usb2: Product: EHCI Host Controller
Mar 05 01:27:36 nixxin kernel: usb usb2: Manufacturer: Linux 6.18.0-zen1 ehci_hcd
Mar 05 01:27:36 nixxin kernel: usb usb2: SerialNumber: 0000:00:12.2
Mar 05 01:27:36 nixxin kernel: hub 2-0:1.0: USB hub found
Mar 05 01:27:36 nixxin kernel: hub 2-0:1.0: 5 ports detected
Mar 05 01:27:36 nixxin kernel: serio: i8042 KBD port at 0x60,0x64 irq 1
Mar 05 01:27:36 nixxin kernel: serio: i8042 AUX port at 0x60,0x64 irq 12
Mar 05 01:27:36 nixxin kernel: xhci_hcd 0000:00:10.0: xHCI Host Controller
Mar 05 01:27:36 nixxin kernel: ohci-pci 0000:00:12.0: OHCI PCI host controller
Mar 05 01:27:36 nixxin kernel: xhci_hcd 0000:00:10.0: new USB bus registered, assigned bus number 3
Mar 05 01:27:36 nixxin kernel: xhci_hcd 0000:00:10.0: hcc params 0x014040c3 hci version 0x100 quirks 0x0000000000000018
Mar 05 01:27:36 nixxin kernel: ohci-pci 0000:00:12.0: new USB bus registered, assigned bus number 4
Mar 05 01:27:36 nixxin kernel: ohci-pci 0000:00:12.0: irq 18, io mem 0xd0950000
Mar 05 01:27:36 nixxin kernel: xhci_hcd 0000:00:10.0: xHCI Host Controller
Mar 05 01:27:36 nixxin kernel: xhci_hcd 0000:00:10.0: new USB bus registered, assigned bus number 5
Mar 05 01:27:36 nixxin kernel: xhci_hcd 0000:00:10.0: Host supports USB 3.0 SuperSpeed
Mar 05 01:27:36 nixxin kernel: libata version 3.00 loaded.
Mar 05 01:27:36 nixxin kernel: usb usb3: New USB device found, idVendor=1d6b, idProduct=0002, bcdDevice= 6.18
Mar 05 01:27:36 nixxin kernel: usb usb3: New USB device strings: Mfr=3, Product=2, SerialNumber=1
Mar 05 01:27:36 nixxin kernel: usb usb3: Product: xHCI Host Controller
Mar 05 01:27:36 nixxin kernel: usb usb3: Manufacturer: Linux 6.18.0-zen1 xhci-hcd
Mar 05 01:27:36 nixxin kernel: usb usb3: SerialNumber: 0000:00:10.0
Mar 05 01:27:36 nixxin kernel: hub 3-0:1.0: USB hub found
Mar 05 01:27:36 nixxin kernel: hub 3-0:1.0: 2 ports detected
Mar 05 01:27:36 nixxin kernel: usb usb5: We don't know the algorithms for LPM for this host, disabling LPM.
Mar 05 01:27:36 nixxin kernel: usb usb5: New USB device found, idVendor=1d6b, idProduct=0003, bcdDevice= 6.18
Mar 05 01:27:36 nixxin kernel: usb usb5: New USB device strings: Mfr=3, Product=2, SerialNumber=1
Mar 05 01:27:36 nixxin kernel: usb usb5: Product: xHCI Host Controller
Mar 05 01:27:36 nixxin kernel: usb usb5: Manufacturer: Linux 6.18.0-zen1 xhci-hcd
Mar 05 01:27:36 nixxin kernel: usb usb5: SerialNumber: 0000:00:10.0
Mar 05 01:27:36 nixxin kernel: hub 5-0:1.0: USB hub found
Mar 05 01:27:36 nixxin kernel: hub 5-0:1.0: 2 ports detected
Mar 05 01:27:36 nixxin kernel: xhci_hcd 0000:00:10.1: xHCI Host Controller
Mar 05 01:27:36 nixxin kernel: xhci_hcd 0000:00:10.1: new USB bus registered, assigned bus number 6
Mar 05 01:27:36 nixxin kernel: xhci_hcd 0000:00:10.1: hcc params 0x014040c3 hci version 0x100 quirks 0x0000000000000018
Mar 05 01:27:36 nixxin kernel: xhci_hcd 0000:00:10.1: xHCI Host Controller
Mar 05 01:27:36 nixxin kernel: xhci_hcd 0000:00:10.1: new USB bus registered, assigned bus number 7
Mar 05 01:27:36 nixxin kernel: xhci_hcd 0000:00:10.1: Host supports USB 3.0 SuperSpeed
Mar 05 01:27:36 nixxin kernel: usb usb6: New USB device found, idVendor=1d6b, idProduct=0002, bcdDevice= 6.18
Mar 05 01:27:36 nixxin kernel: usb usb6: New USB device strings: Mfr=3, Product=2, SerialNumber=1
Mar 05 01:27:36 nixxin kernel: usb usb6: Product: xHCI Host Controller
Mar 05 01:27:36 nixxin kernel: usb usb6: Manufacturer: Linux 6.18.0-zen1 xhci-hcd
Mar 05 01:27:36 nixxin kernel: usb usb6: SerialNumber: 0000:00:10.1
Mar 05 01:27:36 nixxin kernel: hub 6-0:1.0: USB hub found
Mar 05 01:27:36 nixxin kernel: hub 6-0:1.0: 2 ports detected
Mar 05 01:27:36 nixxin kernel: usb usb7: We don't know the algorithms for LPM for this host, disabling LPM.
Mar 05 01:27:36 nixxin kernel: usb usb7: New USB device found, idVendor=1d6b, idProduct=0003, bcdDevice= 6.18
Mar 05 01:27:36 nixxin kernel: usb usb7: New USB device strings: Mfr=3, Product=2, SerialNumber=1
Mar 05 01:27:36 nixxin kernel: usb usb7: Product: xHCI Host Controller
Mar 05 01:27:36 nixxin kernel: usb usb7: Manufacturer: Linux 6.18.0-zen1 xhci-hcd
Mar 05 01:27:36 nixxin kernel: usb usb7: SerialNumber: 0000:00:10.1
Mar 05 01:27:36 nixxin kernel: hub 7-0:1.0: USB hub found
Mar 05 01:27:36 nixxin kernel: ahci 0000:00:11.0: AHCI vers 0001.0300, 32 command slots, 6 Gbps, SATA mode
Mar 05 01:27:36 nixxin kernel: ahci 0000:00:11.0: 3/3 ports implemented (port mask 0x7)
Mar 05 01:27:36 nixxin kernel: ahci 0000:00:11.0: flags: 64bit ncq sntf ilck led clo pmp pio slum part 
Mar 05 01:27:36 nixxin kernel: hub 7-0:1.0: 2 ports detected
Mar 05 01:27:36 nixxin kernel: scsi host0: ahci
Mar 05 01:27:36 nixxin kernel: scsi host1: ahci
Mar 05 01:27:36 nixxin kernel: scsi host2: ahci
Mar 05 01:27:36 nixxin kernel: ata1: SATA max UDMA/133 abar m2048@0xd0951000 port 0xd0951100 irq 39 lpm-pol 3
Mar 05 01:27:36 nixxin kernel: ata2: SATA max UDMA/133 abar m2048@0xd0951000 port 0xd0951180 irq 39 lpm-pol 3
Mar 05 01:27:36 nixxin kernel: ata3: SATA max UDMA/133 abar m2048@0xd0951000 port 0xd0951200 irq 39 lpm-pol 3
Mar 05 01:27:36 nixxin kernel: usb usb4: New USB device found, idVendor=1d6b, idProduct=0001, bcdDevice= 6.18
Mar 05 01:27:36 nixxin kernel: usb usb4: New USB device strings: Mfr=3, Product=2, SerialNumber=1
Mar 05 01:27:36 nixxin kernel: usb usb4: Product: OHCI PCI host controller
Mar 05 01:27:36 nixxin kernel: usb usb4: Manufacturer: Linux 6.18.0-zen1 ohci_hcd
Mar 05 01:27:36 nixxin kernel: usb usb4: SerialNumber: 0000:00:12.0
Mar 05 01:27:36 nixxin kernel: hub 4-0:1.0: USB hub found
Mar 05 01:27:36 nixxin kernel: hub 4-0:1.0: 5 ports detected
Mar 05 01:27:36 nixxin kernel: ohci-pci 0000:00:13.0: OHCI PCI host controller
Mar 05 01:27:36 nixxin kernel: ohci-pci 0000:00:13.0: new USB bus registered, assigned bus number 8
Mar 05 01:27:36 nixxin kernel: ohci-pci 0000:00:13.0: irq 18, io mem 0xd094e000
Mar 05 01:27:36 nixxin kernel: usb usb8: New USB device found, idVendor=1d6b, idProduct=0001, bcdDevice= 6.18
Mar 05 01:27:36 nixxin kernel: usb usb8: New USB device strings: Mfr=3, Product=2, SerialNumber=1
Mar 05 01:27:36 nixxin kernel: usb usb8: Product: OHCI PCI host controller
Mar 05 01:27:36 nixxin kernel: usb usb8: Manufacturer: Linux 6.18.0-zen1 ohci_hcd
Mar 05 01:27:36 nixxin kernel: usb usb8: SerialNumber: 0000:00:13.0
Mar 05 01:27:36 nixxin kernel: hub 8-0:1.0: USB hub found
Mar 05 01:27:36 nixxin kernel: hub 8-0:1.0: 5 ports detected
Mar 05 01:27:36 nixxin kernel: ohci-pci 0000:00:14.5: OHCI PCI host controller
Mar 05 01:27:36 nixxin kernel: ohci-pci 0000:00:14.5: new USB bus registered, assigned bus number 9
Mar 05 01:27:36 nixxin kernel: ohci-pci 0000:00:14.5: irq 18, io mem 0xd094c000
Mar 05 01:27:36 nixxin kernel: usb usb9: New USB device found, idVendor=1d6b, idProduct=0001, bcdDevice= 6.18
Mar 05 01:27:36 nixxin kernel: usb usb9: New USB device strings: Mfr=3, Product=2, SerialNumber=1
Mar 05 01:27:36 nixxin kernel: usb usb9: Product: OHCI PCI host controller
Mar 05 01:27:36 nixxin kernel: usb usb9: Manufacturer: Linux 6.18.0-zen1 ohci_hcd
Mar 05 01:27:36 nixxin kernel: usb usb9: SerialNumber: 0000:00:14.5
Mar 05 01:27:36 nixxin kernel: hub 9-0:1.0: USB hub found
Mar 05 01:27:36 nixxin kernel: hub 9-0:1.0: 2 ports detected
Mar 05 01:27:36 nixxin kernel: usb 3-1: new low-speed USB device number 2 using xhci_hcd
Mar 05 01:27:36 nixxin kernel: ata3: SATA link up 6.0 Gbps (SStatus 133 SControl 300)
Mar 05 01:27:36 nixxin kernel: ata2: SATA link up 6.0 Gbps (SStatus 133 SControl 300)
Mar 05 01:27:36 nixxin kernel: ata1: SATA link up 6.0 Gbps (SStatus 133 SControl 300)
Mar 05 01:27:36 nixxin kernel: ata3.00: ACPI cmd f5/00:00:00:00:00:e0(SECURITY FREEZE LOCK) filtered out
Mar 05 01:27:36 nixxin kernel: ata3.00: ACPI cmd b1/c1:00:00:00:00:e0(DEVICE CONFIGURATION OVERLAY) filtered out
Mar 05 01:27:36 nixxin kernel: ata3.00: ATA-8: WDC WD2500AAKX-603CA0, 18.01H18, max UDMA/100
Mar 05 01:27:36 nixxin kernel: ata2.00: ACPI cmd f5/00:00:00:00:00:e0(SECURITY FREEZE LOCK) filtered out
Mar 05 01:27:36 nixxin kernel: ata2.00: ACPI cmd b1/c1:00:00:00:00:e0(DEVICE CONFIGURATION OVERLAY) filtered out
Mar 05 01:27:36 nixxin kernel: ata2.00: ATA-8: ST500DM002-1BD142, KC48, max UDMA/133
Mar 05 01:27:36 nixxin kernel: ata2.00: 976773168 sectors, multi 0: LBA48 NCQ (depth 32)
Mar 05 01:27:36 nixxin kernel: ata3.00: 488397168 sectors, multi 0: LBA48 NCQ (depth 32), AA
Mar 05 01:27:36 nixxin kernel: ata3.00: ACPI cmd f5/00:00:00:00:00:e0(SECURITY FREEZE LOCK) filtered out
Mar 05 01:27:36 nixxin kernel: ata3.00: ACPI cmd b1/c1:00:00:00:00:e0(DEVICE CONFIGURATION OVERLAY) filtered out
Mar 05 01:27:36 nixxin kernel: ata2.00: ACPI cmd f5/00:00:00:00:00:e0(SECURITY FREEZE LOCK) filtered out
Mar 05 01:27:36 nixxin kernel: ata2.00: ACPI cmd b1/c1:00:00:00:00:e0(DEVICE CONFIGURATION OVERLAY) filtered out
Mar 05 01:27:36 nixxin kernel: ata3.00: configured for UDMA/100
Mar 05 01:27:36 nixxin kernel: ata2.00: configured for UDMA/133
Mar 05 01:27:36 nixxin kernel: ata1.00: Model 'CT500BX500SSD1', rev 'M6CR072', applying quirks: nolpm
Mar 05 01:27:36 nixxin kernel: ata1.00: ACPI cmd f5/00:00:00:00:00:e0(SECURITY FREEZE LOCK) filtered out
Mar 05 01:27:36 nixxin kernel: ata1.00: ATA-10: CT500BX500SSD1, M6CR072, max UDMA/133
Mar 05 01:27:36 nixxin kernel: ata1.00: 976773168 sectors, multi 1: LBA48 NCQ (depth 32), AA
Mar 05 01:27:36 nixxin kernel: ata1.00: LPM support broken, forcing max_power
Mar 05 01:27:36 nixxin kernel: ata1.00: Features: Dev-Sleep DIPM
Mar 05 01:27:36 nixxin kernel: ata1.00: ACPI cmd f5/00:00:00:00:00:e0(SECURITY FREEZE LOCK) filtered out
Mar 05 01:27:36 nixxin kernel: ata1.00: configured for UDMA/133
Mar 05 01:27:36 nixxin kernel: scsi 0:0:0:0: Direct-Access     ATA      CT500BX500SSD1   072  PQ: 0 ANSI: 5
Mar 05 01:27:36 nixxin kernel: scsi 1:0:0:0: Direct-Access     ATA      ST500DM002-1BD14 KC48 PQ: 0 ANSI: 5
Mar 05 01:27:36 nixxin kernel: scsi 2:0:0:0: Direct-Access     ATA      WDC WD2500AAKX-6 1H18 PQ: 0 ANSI: 5
Mar 05 01:27:36 nixxin kernel: sd 0:0:0:0: [sda] 976773168 512-byte logical blocks: (500 GB/466 GiB)
Mar 05 01:27:36 nixxin kernel: sd 0:0:0:0: [sda] Write Protect is off
Mar 05 01:27:36 nixxin kernel: sd 0:0:0:0: [sda] Mode Sense: 00 3a 00 00
Mar 05 01:27:36 nixxin kernel: sd 0:0:0:0: [sda] Write cache: enabled, read cache: enabled, doesn't support DPO or FUA
Mar 05 01:27:36 nixxin kernel: sd 2:0:0:0: [sdc] 488397168 512-byte logical blocks: (250 GB/233 GiB)
Mar 05 01:27:36 nixxin kernel: sd 0:0:0:0: [sda] Preferred minimum I/O size 512 bytes
Mar 05 01:27:36 nixxin kernel: sd 2:0:0:0: [sdc] Write Protect is off
Mar 05 01:27:36 nixxin kernel: sd 2:0:0:0: [sdc] Mode Sense: 00 3a 00 00
Mar 05 01:27:36 nixxin kernel: sd 2:0:0:0: [sdc] Write cache: enabled, read cache: enabled, doesn't support DPO or FUA
Mar 05 01:27:36 nixxin kernel: sd 2:0:0:0: [sdc] Preferred minimum I/O size 512 bytes
Mar 05 01:27:36 nixxin kernel: sd 1:0:0:0: [sdb] 976773168 512-byte logical blocks: (500 GB/466 GiB)
Mar 05 01:27:36 nixxin kernel: sd 1:0:0:0: [sdb] 4096-byte physical blocks
Mar 05 01:27:36 nixxin kernel: sd 1:0:0:0: [sdb] Write Protect is off
Mar 05 01:27:36 nixxin kernel: sd 1:0:0:0: [sdb] Mode Sense: 00 3a 00 00
Mar 05 01:27:36 nixxin kernel: sd 1:0:0:0: [sdb] Write cache: enabled, read cache: enabled, doesn't support DPO or FUA
Mar 05 01:27:36 nixxin kernel: sd 1:0:0:0: [sdb] Preferred minimum I/O size 4096 bytes
Mar 05 01:27:36 nixxin kernel:  sda: sda1 sda2 sda3
Mar 05 01:27:36 nixxin kernel: sd 0:0:0:0: [sda] Attached SCSI disk
Mar 05 01:27:36 nixxin kernel:  sdb: sdb1
Mar 05 01:27:36 nixxin kernel: sd 1:0:0:0: [sdb] Attached SCSI disk
Mar 05 01:27:36 nixxin kernel:  sdc: sdc1
Mar 05 01:27:36 nixxin kernel: sd 2:0:0:0: [sdc] Attached SCSI disk
Mar 05 01:27:36 nixxin kernel: usb 3-1: New USB device found, idVendor=1a2c, idProduct=4d7e, bcdDevice= 1.10
Mar 05 01:27:36 nixxin kernel: usb 3-1: New USB device strings: Mfr=1, Product=2, SerialNumber=0
Mar 05 01:27:36 nixxin kernel: usb 3-1: Product: USB Keyboard
Mar 05 01:27:36 nixxin kernel: usb 3-1: Manufacturer: SEMICO
Mar 05 01:27:36 nixxin kernel: hid: raw HID events driver (C) Jiri Kosina
Mar 05 01:27:36 nixxin kernel: usbcore: registered new interface driver usbhid
Mar 05 01:27:36 nixxin kernel: usbhid: USB HID core driver
Mar 05 01:27:36 nixxin kernel: input: SEMICO USB Keyboard as /devices/pci0000:00/0000:00:10.0/usb3/3-1/3-1:1.0/0003:1A2C:4D7E.0001/input/input3
Mar 05 01:27:36 nixxin kernel: hid-generic 0003:1A2C:4D7E.0001: input,hidraw0: USB HID v1.10 Keyboard [SEMICO USB Keyboard] on usb-0000:00:10.0-1/input0
Mar 05 01:27:36 nixxin kernel: input: SEMICO USB Keyboard Consumer Control as /devices/pci0000:00/0000:00:10.0/usb3/3-1/3-1:1.1/0003:1A2C:4D7E.0002/input/input4
Mar 05 01:27:36 nixxin kernel: usb 3-2: new low-speed USB device number 3 using xhci_hcd
Mar 05 01:27:36 nixxin kernel: input: SEMICO USB Keyboard System Control as /devices/pci0000:00/0000:00:10.0/usb3/3-1/3-1:1.1/0003:1A2C:4D7E.0002/input/input5
Mar 05 01:27:36 nixxin kernel: input: SEMICO USB Keyboard as /devices/pci0000:00/0000:00:10.0/usb3/3-1/3-1:1.1/0003:1A2C:4D7E.0002/input/input7
Mar 05 01:27:36 nixxin kernel: hid-generic 0003:1A2C:4D7E.0002: input,hiddev96,hidraw1: USB HID v1.10 Keyboard [SEMICO USB Keyboard] on usb-0000:00:10.0-1/input1
Mar 05 01:27:36 nixxin kernel: usb 3-2: New USB device found, idVendor=04ca, idProduct=0061, bcdDevice= 1.00
Mar 05 01:27:36 nixxin kernel: usb 3-2: New USB device strings: Mfr=1, Product=2, SerialNumber=0
Mar 05 01:27:36 nixxin kernel: usb 3-2: Product: USB Optical Mouse
Mar 05 01:27:36 nixxin kernel: usb 3-2: Manufacturer: PixArt
Mar 05 01:27:36 nixxin kernel: input: PixArt USB Optical Mouse as /devices/pci0000:00/0000:00:10.0/usb3/3-2/3-2:1.0/0003:04CA:0061.0003/input/input8
Mar 05 01:27:36 nixxin kernel: hid-generic 0003:04CA:0061.0003: input,hidraw2: USB HID v1.11 Mouse [PixArt USB Optical Mouse] on usb-0000:00:10.0-2/input0
Mar 05 01:27:36 nixxin kernel: random: crng init done
Mar 05 01:27:36 nixxin stage-1-init: [Wed Mar  4 23:27:32 UTC 2026] checking /dev/disk/by-uuid/5fd60cc2-b325-4f36-9a44-5b45299bf0a7...
Mar 05 01:27:36 nixxin stage-1-init: [Wed Mar  4 23:27:32 UTC 2026] fsck (busybox 1.36.1)
Mar 05 01:27:36 nixxin stage-1-init: [Wed Mar  4 23:27:32 UTC 2026] [fsck.xfs (1) -- /mnt-root/] fsck.xfs -a /dev/disk/by-uuid/5fd60cc2-b325-4f36-9a44-5b45299bf0a7
Mar 05 01:27:36 nixxin stage-1-init: [Wed Mar  4 23:27:32 UTC 2026] /nix/store/m6x881jksdk3q66qncbdy4k0a96jblpq-extra-utils/bin/fsck.xfs: XFS file system.
Mar 05 01:27:36 nixxin kernel: SGI XFS with ACLs, security attributes, realtime, scrub, repair, quota, no debug enabled
Mar 05 01:27:36 nixxin kernel: XFS (sda2): Mounting V5 Filesystem 5fd60cc2-b325-4f36-9a44-5b45299bf0a7
Mar 05 01:27:36 nixxin kernel: XFS (sda2): Ending clean mount
Mar 05 01:27:36 nixxin unknown: booting system configuration /nix/store/zwx19j2cfkcw4yr42lr91gagka5bbac3-nixos-system-nixxin-26.05.20251208.addf7cf
Mar 05 01:27:36 nixxin stage-2-init: running activation script...
Mar 05 01:27:36 nixxin stage-2-init: setting up /etc...
Mar 05 01:27:36 nixxin systemd[1]: Inserted module 'autofs4'
Mar 05 01:27:36 nixxin systemd[1]: systemd 258.2 running in system mode (+PAM +AUDIT -SELINUX +APPARMOR +IMA +IPE +SMACK +SECCOMP +GCRYPT -GNUTLS +OPENSSL +ACL +BLKID +CURL +ELFUTILS +FIDO2 +IDN2 -IDN -IPTC +KMOD +LIBCRYPTSETUP +LIBCRYPTSETUP_PLUGINS +LIBFDISK +PCRE2 +PWQUALITY +P11KIT +QRENCODE +TPM2 +BZIP2 +LZ4 +XZ +ZLIB +ZSTD +BPF_FRAMEWORK -BTF -XKBCOMMON +UTMP -SYSVINIT +LIBARCHIVE)
Mar 05 01:27:36 nixxin systemd[1]: Detected architecture x86-64.
Mar 05 01:27:36 nixxin systemd[1]: Hostname set to <nixxin>.
Mar 05 01:27:36 nixxin systemd[1]: bpf-restrict-fs: LSM BPF program attached
Mar 05 01:27:36 nixxin systemd-gpt-auto-generator[463]: EFI loader partition unknown, not processing /.
Mar 05 01:27:36 nixxin systemd-gpt-auto-generator[463]: (The boot loader did not set EFI variable LoaderDevicePartUUID.)
Mar 05 01:27:36 nixxin kernel: zram: Added device: zram0
Mar 05 01:27:36 nixxin systemd[1]: /etc/systemd/system/cups.socket:5: ListenStream= references a path below legacy directory /var/run/, updating /var/run/cups/cups.sock → /run/cups/cups.sock; please update the unit file accordingly.
Mar 05 01:27:36 nixxin systemd[1]: Queued start job for default target Graphical Interface.
Mar 05 01:27:36 nixxin systemd[1]: Created slice Slice /system/modprobe.
Mar 05 01:27:36 nixxin systemd[1]: Created slice Slice /system/systemd-fsck.
Mar 05 01:27:36 nixxin systemd[1]: Created slice Slice /system/systemd-zram-setup.
Mar 05 01:27:36 nixxin systemd[1]: Created slice User and Session Slice.
Mar 05 01:27:36 nixxin systemd[1]: Dispatch Password Requests to Console Directory Watch was skipped because of an unmet condition check (ConditionPathExists=!/run/plymouth/pid).
Mar 05 01:27:36 nixxin systemd[1]: Started Forward Password Requests to Plymouth Directory Watch.
Mar 05 01:27:36 nixxin systemd[1]: Started Forward Password Requests to Wall Directory Watch.
Mar 05 01:27:36 nixxin systemd[1]: Set up automount Arbitrary Executable File Formats File System Automount Point.
Mar 05 01:27:36 nixxin systemd[1]: Expecting device /dev/disk/by-uuid/386568e5-b764-4b52-bd15-bca3408a3ce7...
Mar 05 01:27:36 nixxin systemd[1]: Expecting device /dev/disk/by-uuid/C560-51F7...
Mar 05 01:27:36 nixxin systemd[1]: Expecting device /dev/disk/by-uuid/d7a6af5d-3e8c-4816-b4fd-306107bbd9bf...
Mar 05 01:27:36 nixxin systemd[1]: Expecting device /dev/disk/by-uuid/f532f234-9e5a-4c3e-a788-dada20ea6c56...
Mar 05 01:27:36 nixxin systemd[1]: Expecting device /dev/input/mice...
Mar 05 01:27:36 nixxin systemd[1]: Expecting device /dev/zram0...
Mar 05 01:27:36 nixxin systemd[1]: Reached target Local Encrypted Volumes.
Mar 05 01:27:36 nixxin systemd[1]: Reached target Login Prompts.
Mar 05 01:27:36 nixxin systemd[1]: Reached target Virtual Machines and Containers.
Mar 05 01:27:36 nixxin systemd[1]: Reached target Path Units.
Mar 05 01:27:36 nixxin systemd[1]: Reached target Remote File Systems.
Mar 05 01:27:36 nixxin systemd[1]: Reached target Slice Units.
Mar 05 01:27:36 nixxin systemd[1]: Listening on Process Core Dump Socket.
Mar 05 01:27:36 nixxin systemd[1]: Listening on Credential Encryption/Decryption.
Mar 05 01:27:36 nixxin systemd[1]: Journal Audit Socket was skipped because of an unmet condition check (ConditionSecurity=audit).
Mar 05 01:27:36 nixxin systemd[1]: Listening on Journal Socket (/dev/log).
Mar 05 01:27:36 nixxin systemd[1]: Listening on Journal Sockets.
Mar 05 01:27:36 nixxin systemd[1]: Make TPM PCR Policy was skipped because of an unmet condition check (ConditionSecurity=measured-uki).
Mar 05 01:27:36 nixxin systemd[1]: Listening on udev Control Socket.
Mar 05 01:27:36 nixxin systemd[1]: Listening on udev Kernel Socket.
Mar 05 01:27:36 nixxin systemd[1]: Mounting /dev/binderfs...
Mar 05 01:27:36 nixxin systemd[1]: Mounting Huge Pages File System...
Mar 05 01:27:36 nixxin systemd[1]: Mounting POSIX Message Queue File System...
Mar 05 01:27:36 nixxin systemd[1]: Mounting Kernel Debug File System...
Mar 05 01:27:36 nixxin systemd[1]: Mounting Kernel Trace File System...
Mar 05 01:27:36 nixxin systemd[1]: Starting Create List of Static Device Nodes...
Mar 05 01:27:36 nixxin systemd[1]: Starting Load Kernel Module configfs...
Mar 05 01:27:36 nixxin systemd[1]: Load Kernel Module drm was skipped because of an unmet condition check (ConditionKernelModuleLoaded=!drm).
Mar 05 01:27:36 nixxin systemd[1]: Starting Load Kernel Module efi_pstore...
Mar 05 01:27:36 nixxin systemd[1]: Starting Load Kernel Module fuse...
Mar 05 01:27:36 nixxin systemd[1]: Started Forward Password Requests to Plymouth.
Mar 05 01:27:36 nixxin kernel: pstore: Using crash dump compression: deflate
Mar 05 01:27:36 nixxin systemd[1]: File System Check on Root Device was skipped because of an unmet condition check (ConditionPathIsReadWrite=!/).
Mar 05 01:27:36 nixxin systemd[1]: Clear Stale Hibernate Storage Info was skipped because of an unmet condition check (ConditionPathExists=/sys/firmware/efi/efivars/HibernateLocation-8cf2644b-4b0b-428f-9387-6d876050dc67).
Mar 05 01:27:36 nixxin systemd[1]: Starting Journal Service...
Mar 05 01:27:36 nixxin systemd[1]: Starting Load Kernel Modules...
Mar 05 01:27:36 nixxin kernel: pstore: Registered efi_pstore as persistent store backend
Mar 05 01:27:36 nixxin systemd[1]: Starting Remount Root and Kernel File Systems...
Mar 05 01:27:36 nixxin systemd[1]: Early TPM SRK Setup was skipped because of an unmet condition check (ConditionSecurity=measured-uki).
Mar 05 01:27:36 nixxin systemd[1]: Starting Coldplug All udev Devices...
Mar 05 01:27:36 nixxin kernel: fuse: init (API version 7.45)
Mar 05 01:27:36 nixxin systemd[1]: Mounted /dev/binderfs.
Mar 05 01:27:36 nixxin systemd[1]: Mounted Huge Pages File System.
Mar 05 01:27:36 nixxin systemd[1]: Mounted POSIX Message Queue File System.
Mar 05 01:27:36 nixxin systemd[1]: Mounted Kernel Debug File System.
Mar 05 01:27:36 nixxin systemd[1]: Mounted Kernel Trace File System.
Mar 05 01:27:36 nixxin systemd[1]: Finished Create List of Static Device Nodes.
Mar 05 01:27:36 nixxin systemd[1]: modprobe@configfs.service: Deactivated successfully.
Mar 05 01:27:36 nixxin systemd[1]: Finished Load Kernel Module configfs.
Mar 05 01:27:36 nixxin systemd[1]: modprobe@efi_pstore.service: Deactivated successfully.
Mar 05 01:27:36 nixxin systemd[1]: Finished Load Kernel Module efi_pstore.
Mar 05 01:27:36 nixxin systemd[1]: modprobe@fuse.service: Deactivated successfully.
Mar 05 01:27:36 nixxin systemd[1]: Finished Load Kernel Module fuse.
Mar 05 01:27:36 nixxin systemd[1]: Mounting FUSE Control File System...
Mar 05 01:27:36 nixxin kernel: acpi_cpufreq: overriding BIOS provided _PSD data
Mar 05 01:27:36 nixxin systemd[1]: Mounting Kernel Configuration File System...
Mar 05 01:27:36 nixxin kernel: i2c_dev: i2c /dev entries driver
Mar 05 01:27:36 nixxin systemd[1]: Starting Create Static Device Nodes in /dev gracefully...
Mar 05 01:27:36 nixxin systemd[1]: Finished Remount Root and Kernel File Systems.
Mar 05 01:27:36 nixxin systemd[1]: Platform Persistent Storage Archival was skipped because of an unmet condition check (ConditionDirectoryNotEmpty=/sys/fs/pstore).
Mar 05 01:27:36 nixxin systemd[1]: Starting Load/Save OS Random Seed...
Mar 05 01:27:36 nixxin systemd[1]: Starting Network Time Synchronization...
Mar 05 01:27:36 nixxin systemd[1]: TPM SRK Setup was skipped because of an unmet condition check (ConditionSecurity=measured-uki).
Mar 05 01:27:36 nixxin systemd[1]: Mounted FUSE Control File System.
Mar 05 01:27:36 nixxin systemd[1]: Mounted Kernel Configuration File System.
Mar 05 01:27:36 nixxin systemd[1]: Finished Load/Save OS Random Seed.
Mar 05 01:27:36 nixxin systemd-journald[495]: Collecting audit messages is disabled.
Mar 05 01:27:36 nixxin systemd[1]: First Boot Complete was skipped because of an unmet condition check (ConditionFirstBoot=yes).
Mar 05 01:27:36 nixxin systemd[1]: Finished Create Static Device Nodes in /dev gracefully.
Mar 05 01:27:36 nixxin systemd[1]: Starting Create Static Device Nodes in /dev...
Mar 05 01:27:36 nixxin systemd[1]: Started Network Time Synchronization.
Mar 05 01:27:36 nixxin systemd[1]: Finished Create Static Device Nodes in /dev.
Mar 05 01:27:36 nixxin systemd[1]: Reached target Preparation for Local File Systems.
Mar 05 01:27:36 nixxin systemd[1]: Starting Rule-based Manager for Device Events and Files...
Mar 05 01:27:36 nixxin systemd-journald[495]: Journal started
Mar 05 01:27:36 nixxin systemd-journald[495]: Runtime Journal (/run/log/journal/2c2a0cca8a52434d8d4f76c48ebc8334) is 6.2M, max 50M, 43.7M free.
Mar 05 01:27:36 nixxin systemd-modules-load[496]: Inserted module 'acpi_cpufreq'
Mar 05 01:27:36 nixxin systemd[1]: Started Journal Service.
Mar 05 01:27:36 nixxin systemd-modules-load[496]: Failed to find module 'amd_energy'
Mar 05 01:27:36 nixxin systemd-modules-load[496]: Module 'bfq' is built in
Mar 05 01:27:36 nixxin systemd-modules-load[496]: Failed to find module 'binder_linux'
Mar 05 01:27:36 nixxin systemd-modules-load[496]: Module 'cpufreq_performance' is built in
Mar 05 01:27:36 nixxin systemd-modules-load[496]: Module 'ctr' is built in
Mar 05 01:27:36 nixxin systemd-modules-load[496]: Module 'drm' is built in
Mar 05 01:27:36 nixxin systemd-modules-load[496]: Module 'drm_kms_helper' is built in
Mar 05 01:27:36 nixxin systemd-modules-load[496]: Inserted module 'i2c_dev'
Mar 05 01:27:36 nixxin systemd-modules-load[496]: Inserted module 'i2c_i801'
Mar 05 01:27:36 nixxin systemd-modules-load[496]: Inserted module 'i2c_hid'
Mar 05 01:27:36 nixxin systemd-modules-load[496]: Inserted module 'k10temp'
Mar 05 01:27:36 nixxin systemd-timesyncd[509]: Disabling NSCD because DNSSEC validation is turned off
Mar 05 01:27:36 nixxin systemd[1]: Starting Flush Journal to Persistent Storage...
Mar 05 01:27:36 nixxin systemd-journald[495]: Runtime Journal (/run/log/journal/2c2a0cca8a52434d8d4f76c48ebc8334) is 6.2M, max 50M, 43.7M free.
Mar 05 01:27:36 nixxin systemd-journald[495]: Received client request to flush runtime journal.
Mar 05 01:27:36 nixxin systemd[1]: Finished Flush Journal to Persistent Storage.
Mar 05 01:27:36 nixxin kernel: kvm_amd: TSC scaling supported
Mar 05 01:27:36 nixxin kernel: kvm_amd: Nested Virtualization enabled
Mar 05 01:27:36 nixxin kernel: kvm_amd: Nested Paging enabled
Mar 05 01:27:36 nixxin kernel: kvm_amd: LBR virtualization supported
Mar 05 01:27:36 nixxin systemd-modules-load[496]: Inserted module 'kvm_amd'
Mar 05 01:27:36 nixxin systemd-modules-load[496]: Inserted module 'loop'
Mar 05 01:27:36 nixxin kernel: loop: module loaded
Mar 05 01:27:36 nixxin systemd-modules-load[496]: Inserted module 'msr'
Mar 05 01:27:36 nixxin systemd-modules-load[496]: Inserted module 'tcp_bbr'
Mar 05 01:27:36 nixxin systemd-modules-load[496]: Inserted module 'uhid'
Mar 05 01:27:36 nixxin systemd-modules-load[496]: Inserted module 'uinput'
Mar 05 01:27:36 nixxin systemd-modules-load[496]: Module 'usbcore' is built in
Mar 05 01:27:36 nixxin systemd[1]: Finished Load Kernel Modules.
Mar 05 01:27:36 nixxin systemd[1]: Starting Apply Kernel Variables...
Mar 05 01:27:36 nixxin systemd[1]: Finished Coldplug All udev Devices.
Mar 05 01:27:36 nixxin systemd[1]: Finished Apply Kernel Variables.
Mar 05 01:27:36 nixxin systemd[1]: Starting Network Name Resolution...
Mar 05 01:27:36 nixxin systemd-timesyncd[509]: Network configuration changed, trying to establish connection.
Mar 05 01:27:36 nixxin systemd-timesyncd[509]: Network configuration changed, trying to establish connection.
Mar 05 01:27:36 nixxin systemd-timesyncd[509]: Network configuration changed, trying to establish connection.
Mar 05 01:27:36 nixxin systemd[1]: Started Rule-based Manager for Device Events and Files.
Mar 05 01:27:36 nixxin systemd-resolved[540]: Positive Trust Anchors:
Mar 05 01:27:36 nixxin systemd-resolved[540]: . IN DS 20326 8 2 e06d44b80b8f1d39a95c0b0d7c65d08458e880409bbc683457104237c7f8ec8d
Mar 05 01:27:36 nixxin systemd-resolved[540]: . IN DS 38696 8 2 683d2d0acb8c9b712a1948b27f741219298d0a450d612c483af444a4c0fb2b16
Mar 05 01:27:36 nixxin systemd-resolved[540]: Negative trust anchors: home.arpa 10.in-addr.arpa 16.172.in-addr.arpa 17.172.in-addr.arpa 18.172.in-addr.arpa 19.172.in-addr.arpa 20.172.in-addr.arpa 21.172.in-addr.arpa 22.172.in-addr.arpa 23.172.in-addr.arpa 24.172.in-addr.arpa 25.172.in-addr.arpa 26.172.in-addr.arpa 27.172.in-addr.arpa 28.172.in-addr.arpa 29.172.in-addr.arpa 30.172.in-addr.arpa 31.172.in-addr.arpa 170.0.0.192.in-addr.arpa 171.0.0.192.in-addr.arpa 168.192.in-addr.arpa d.f.ip6.arpa ipv4only.arpa resolver.arpa corp home internal intranet lan local private test
Mar 05 01:27:36 nixxin systemd[1]: Found device /dev/zram0.
Mar 05 01:27:36 nixxin systemd[1]: Starting Create swap on /dev/zram0...
Mar 05 01:27:37 nixxin kernel: zram0: detected capacity change from 0 to 10409784
Mar 05 01:27:37 nixxin systemd-resolved[540]: Using system hostname 'nixxin'.
Mar 05 01:27:37 nixxin systemd[1]: Started Network Name Resolution.
Mar 05 01:27:37 nixxin systemd-makefs[572]: /dev/zram0 successfully formatted as swap (label "zram0", uuid f7e1798c-84b9-4b81-b5eb-0f329909d0af)
Mar 05 01:27:37 nixxin systemd[1]: Finished Create swap on /dev/zram0.
Mar 05 01:27:37 nixxin systemd[1]: Activating swap Compressed Swap on /dev/zram0...
Mar 05 01:27:37 nixxin kernel: input: Power Button as /devices/LNXSYSTM:00/LNXSYBUS:00/PNP0C0C:00/input/input9
Mar 05 01:27:37 nixxin kernel: ACPI: button: Power Button [PWRB]
Mar 05 01:27:37 nixxin kernel: input: Power Button as /devices/LNXSYSTM:00/LNXPWRBN:00/input/input10
Mar 05 01:27:37 nixxin kernel: rtc_cmos 00:00: RTC can wake from S4
Mar 05 01:27:37 nixxin kernel: ACPI Warning: SystemIO range 0x0000000000000B00-0x0000000000000B08 conflicts with OpRegion 0x0000000000000B00-0x0000000000000B06 (\_SB.PCI0.SMBS.SMBO) (20250807/utaddress-204)
Mar 05 01:27:37 nixxin kernel: ACPI: OSL: Resource conflict; ACPI support missing from driver?
Mar 05 01:27:37 nixxin kernel: ACPI: OSL: Resource conflict: System may be unstable or behave erratically
Mar 05 01:27:37 nixxin kernel: piix4_smbus 0000:00:14.0: SMBus Host Controller at 0xb00, revision 0
Mar 05 01:27:37 nixxin kernel: piix4_smbus 0000:00:14.0: Using register 0x2e for SMBus port selection
Mar 05 01:27:37 nixxin kernel: i2c i2c-4: Successfully instantiated SPD at 0x50
Mar 05 01:27:37 nixxin kernel: ACPI: button: Power Button [PWRF]
Mar 05 01:27:37 nixxin kernel: i2c i2c-4: Successfully instantiated SPD at 0x51
Mar 05 01:27:37 nixxin kernel: i2c i2c-4: Successfully instantiated SPD at 0x52
Mar 05 01:27:37 nixxin systemd-resolved[540]: Clock change detected. Flushing caches.
Mar 05 01:27:37 nixxin kernel: rtc_cmos 00:00: registered as rtc0
Mar 05 01:27:37 nixxin kernel: rtc_cmos 00:00: setting system clock to 2026-03-04T23:27:37 UTC (1772666857)
Mar 05 01:27:37 nixxin kernel: rtc_cmos 00:00: alarms up to one month, 114 bytes nvram
Mar 05 01:27:37 nixxin kernel: i2c i2c-4: Successfully instantiated SPD at 0x53
Mar 05 01:27:37 nixxin kernel: piix4_smbus 0000:00:14.0: Auxiliary SMBus Host Controller at 0xb20
Mar 05 01:27:37 nixxin kernel: Adding 5204888k swap on /dev/zram0.  Priority:100 extents:1 across:5204888k SSDsc
Mar 05 01:27:37 nixxin systemd[1]: Activated swap Compressed Swap on /dev/zram0.
Mar 05 01:27:37 nixxin systemd[1]: Reached target Swaps.
Mar 05 01:27:37 nixxin mtp-probe[581]: checking bus 3, device 2: "/sys/devices/pci0000:00/0000:00:10.0/usb3/3-1"
Mar 05 01:27:37 nixxin mtp-probe[582]: checking bus 3, device 3: "/sys/devices/pci0000:00/0000:00:10.0/usb3/3-2"
Mar 05 01:27:37 nixxin mtp-probe[581]: bus: 3, device: 2 was not an MTP device
Mar 05 01:27:37 nixxin mtp-probe[582]: bus: 3, device: 3 was not an MTP device
Mar 05 01:27:37 nixxin kernel: sp5100_tco: SP5100/SB800 TCO WatchDog Timer Driver
Mar 05 01:27:37 nixxin kernel: sp5100-tco sp5100-tco: Using 0xfed80b00 for watchdog MMIO address
Mar 05 01:27:37 nixxin kernel: pps_core: LinuxPPS API ver. 1 registered
Mar 05 01:27:37 nixxin kernel: pps_core: Software ver. 5.3.6 - Copyright 2005-2007 Rodolfo Giometti <giometti@linux.it>
Mar 05 01:27:37 nixxin kernel: sp5100-tco sp5100-tco: initialized. heartbeat=60 sec (nowayout=0)
Mar 05 01:27:37 nixxin kernel: PTP clock support registered
Mar 05 01:27:37 nixxin kernel: mousedev: PS/2 mouse device common for all mice
Mar 05 01:27:37 nixxin kernel: raid6: sse2x4   gen()  9024 MB/s
Mar 05 01:27:37 nixxin kernel: raid6: sse2x2   gen()  7665 MB/s
Mar 05 01:27:37 nixxin systemd[1]: Found device CT500BX500SSD1 BOOT.
Mar 05 01:27:37 nixxin systemd[1]: Starting File System Check on /dev/disk/by-uuid/C560-51F7...
Mar 05 01:27:37 nixxin kernel: snd_hda_intel 0000:00:01.1: Force to non-snoop mode
Mar 05 01:27:37 nixxin kernel: raid6: sse2x1   gen()  6336 MB/s
Mar 05 01:27:37 nixxin kernel: raid6: using algorithm sse2x4 gen() 9024 MB/s
Mar 05 01:27:37 nixxin kernel: raid6: .... xor() 2178 MB/s, rmw enabled
Mar 05 01:27:37 nixxin kernel: raid6: using ssse3x2 recovery algorithm
Mar 05 01:27:37 nixxin kernel: xor: automatically using best checksumming function   avx       
Mar 05 01:27:37 nixxin systemd[1]: home-softeng-Waydroid.mount: Directory /home/softeng/Waydroid to mount over is not empty, mounting anyway.
Mar 05 01:27:37 nixxin systemd-fsck[603]: fsck.fat 4.2 (2021-01-31)
Mar 05 01:27:37 nixxin systemd-fsck[603]: /dev/sda1: 475 files, 37460/261627 clusters
Mar 05 01:27:38 nixxin systemd[1]: Mounting /home/softeng/Waydroid...
Mar 05 01:27:38 nixxin systemd[1]: Mounting /run/wrappers...
Mar 05 01:27:38 nixxin systemd[1]: tmp.mount: Directory /tmp to mount over is not empty, mounting anyway.
Mar 05 01:27:38 nixxin kernel: at24 4-0050: supply vcc not found, using dummy regulator
Mar 05 01:27:38 nixxin kernel: EDAC MC: Ver: 3.0.0
Mar 05 01:27:38 nixxin systemd[1]: Mounting /tmp...
Mar 05 01:27:38 nixxin kernel: at24 4-0050: 256 byte spd EEPROM, read-only
Mar 05 01:27:38 nixxin kernel: at24 4-0051: supply vcc not found, using dummy regulator
Mar 05 01:27:38 nixxin systemd[1]: Finished File System Check on /dev/disk/by-uuid/C560-51F7.
Mar 05 01:27:38 nixxin kernel: snd_hda_codec_alc269 hdaudioC1D0: ALC221: picked fixup  for PCI SSID 103c:0000
Mar 05 01:27:38 nixxin kernel: MCE: In-kernel MCE decoding enabled.
Mar 05 01:27:38 nixxin kernel: snd_hda_codec_alc269 hdaudioC1D0: autoconfig for ALC221: line_outs=1 (0x14/0x0/0x0/0x0/0x0) type:line
Mar 05 01:27:38 nixxin kernel: snd_hda_codec_alc269 hdaudioC1D0:    speaker_outs=0 (0x0/0x0/0x0/0x0/0x0)
Mar 05 01:27:38 nixxin kernel: snd_hda_codec_alc269 hdaudioC1D0:    hp_outs=1 (0x21/0x0/0x0/0x0/0x0)
Mar 05 01:27:38 nixxin kernel: snd_hda_codec_alc269 hdaudioC1D0:    mono: mono_out=0x0
Mar 05 01:27:38 nixxin kernel: snd_hda_codec_alc269 hdaudioC1D0:    inputs:
Mar 05 01:27:38 nixxin kernel: snd_hda_codec_alc269 hdaudioC1D0:      Mic=0x1a
Mar 05 01:27:38 nixxin kernel: snd_hda_codec_alc269 hdaudioC1D0:      Line=0x1b
Mar 05 01:27:38 nixxin systemd[1]: Found device /dev/input/mice.
Mar 05 01:27:38 nixxin kernel: at24 4-0051: 256 byte spd EEPROM, read-only
Mar 05 01:27:38 nixxin kernel: at24 4-0052: supply vcc not found, using dummy regulator
Mar 05 01:27:38 nixxin kernel: input: HDA ATI HDMI HDMI/DP,pcm=3 as /devices/pci0000:00/0000:00:01.1/sound/card0/input11
Mar 05 01:27:38 nixxin kernel: input: HDA ATI HDMI HDMI/DP,pcm=7 as /devices/pci0000:00/0000:00:01.1/sound/card0/input12
Mar 05 01:27:38 nixxin kernel: input: HDA ATI HDMI HDMI/DP,pcm=8 as /devices/pci0000:00/0000:00:01.1/sound/card0/input13
Mar 05 01:27:38 nixxin kernel: input: HDA ATI HDMI HDMI/DP,pcm=9 as /devices/pci0000:00/0000:00:01.1/sound/card0/input14
Mar 05 01:27:38 nixxin kernel: at24 4-0052: 256 byte spd EEPROM, read-only
Mar 05 01:27:38 nixxin kernel: at24 4-0053: supply vcc not found, using dummy regulator
Mar 05 01:27:38 nixxin kernel: Btrfs loaded, zoned=yes, fsverity=no
Mar 05 01:27:38 nixxin kernel: at24 4-0053: 256 byte spd EEPROM, read-only
Mar 05 01:27:38 nixxin systemd[1]: Mounting /boot...
Mar 05 01:27:38 nixxin kernel: tg3 0000:03:00.0 eth0: Tigon3 [partno(BCM95762) rev 5762100] (PCI Express) MAC address fc:3f:db:03:22:19
Mar 05 01:27:38 nixxin kernel: tg3 0000:03:00.0 eth0: attached PHY is 5762C (10/100/1000Base-T Ethernet) (WireSpeed[1], EEE[1])
Mar 05 01:27:38 nixxin kernel: tg3 0000:03:00.0 eth0: RXcsums[1] LinkChgREG[0] MIirq[0] ASF[0] TSOcap[1]
Mar 05 01:27:38 nixxin kernel: tg3 0000:03:00.0 eth0: dma_rwctrl[00000001] dma_mask[64-bit]
Mar 05 01:27:38 nixxin systemd[1]: Mounted /home/softeng/Waydroid.
Mar 05 01:27:38 nixxin systemd[1]: Mounted /run/wrappers.
Mar 05 01:27:38 nixxin systemd[1]: Mounted /tmp.
Mar 05 01:27:38 nixxin systemd[1]: Found device CT500BX500SSD1 SSDisk.
Mar 05 01:27:38 nixxin systemd[1]: Mounted /boot.
Mar 05 01:27:38 nixxin systemd[1]: Found device WDC_WD2500AAKX-603CA0 Media.
Mar 05 01:27:38 nixxin systemd[1]: Found device ST500DM002-1BD142 Data.
Mar 05 01:27:38 nixxin systemd[1]: Reached target Local File Systems.
Mar 05 01:27:38 nixxin systemd[1]: Reached target Sound Card.
Mar 05 01:27:38 nixxin systemd-timesyncd[509]: Network configuration changed, trying to establish connection.
Mar 05 01:27:38 nixxin systemd[1]: Listening on Boot Entries Service Socket.
Mar 05 01:27:38 nixxin systemd[1]: Mounting /SSDisk...
Mar 05 01:27:38 nixxin systemd[1]: Mounting /data...
Mar 05 01:27:38 nixxin systemd[1]: Mounting /data2...
Mar 05 01:27:38 nixxin systemd[1]: Starting Tell Plymouth To Write Out Runtime Data...
Mar 05 01:27:38 nixxin systemd[1]: Starting Create SUID/SGID Wrappers...
Mar 05 01:27:38 nixxin systemd[1]: Update Boot Loader Random Seed was skipped because no trigger condition checks were met.
Mar 05 01:27:38 nixxin systemd[1]: Save Transient machine-id to Disk was skipped because of an unmet condition check (ConditionPathIsMountPoint=/etc/machine-id).
Mar 05 01:27:38 nixxin kernel: BTRFS: device label Data devid 1 transid 173999 /dev/sdb1 (8:17) scanned by mount (640)
Mar 05 01:27:38 nixxin kernel: BTRFS info (device sdb1): first mount of filesystem 386568e5-b764-4b52-bd15-bca3408a3ce7
Mar 05 01:27:38 nixxin systemd[1]: Starting Create System Files and Directories...
Mar 05 01:27:38 nixxin systemd[1]: Starting Virtual Console Setup...
Mar 05 01:27:38 nixxin kernel: BTRFS: device label SSDisk devid 1 transid 2096 /dev/sda3 (8:3) scanned by mount (639)
Mar 05 01:27:38 nixxin kernel: BTRFS info (device sdb1): using crc32c (crc32c-lib) checksum algorithm
